Archive member included to satisfy reference by file (symbol)

./gen/../tecsrust_uart_led_sample/target/armv7a-none-eabi/release/libitron.a(itron-45c5fd98eb955c4a.itron.9d87066d26af0b75-cgu.0.rcgu.o)
                              objs/kernel_cfg.o (tecs_rust_start_r_processor1_symmetric_uart_task)
./gen/../tecsrust_uart_led_sample/target/armv7a-none-eabi/release/libitron.a(itron-fbcb73bf0b635dd5.itron.68e737fdf62a80e5-cgu.0.rcgu.o)
                              ./gen/../tecsrust_uart_led_sample/target/armv7a-none-eabi/release/libitron.a(itron-45c5fd98eb955c4a.itron.9d87066d26af0b75-cgu.0.rcgu.o) (<itron::error::ErrorCode as core::fmt::Debug>::fmt)
./gen/../tecsrust_uart_led_sample/target/armv7a-none-eabi/release/libitron.a(core-d049573bc16596f9.core.5587a85061e7188a-cgu.0.rcgu.o)
                              ./gen/../tecsrust_uart_led_sample/target/armv7a-none-eabi/release/libitron.a(itron-45c5fd98eb955c4a.itron.9d87066d26af0b75-cgu.0.rcgu.o) (core::panicking::panic_bounds_check)
./gen/../tecsrust_uart_led_sample/target/armv7a-none-eabi/release/libitron.a(compiler_builtins-70f608aea3cde50d.compiler_builtins.5a681add74c93a61-cgu.162.rcgu.o)
                              ./gen/../tecsrust_uart_led_sample/target/armv7a-none-eabi/release/libitron.a(core-d049573bc16596f9.core.5587a85061e7188a-cgu.0.rcgu.o) (__aeabi_memset)
./gen/../tecsrust_uart_led_sample/target/armv7a-none-eabi/release/libitron.a(compiler_builtins-70f608aea3cde50d.compiler_builtins.5a681add74c93a61-cgu.174.rcgu.o)
                              ./gen/../tecsrust_uart_led_sample/target/armv7a-none-eabi/release/libitron.a(core-d049573bc16596f9.core.5587a85061e7188a-cgu.0.rcgu.o) (__aeabi_memcpy4)
./gen/../tecsrust_uart_led_sample/target/armv7a-none-eabi/release/libitron.a(compiler_builtins-70f608aea3cde50d.compiler_builtins.5a681add74c93a61-cgu.178.rcgu.o)
                              ./gen/../tecsrust_uart_led_sample/target/armv7a-none-eabi/release/libitron.a(core-d049573bc16596f9.core.5587a85061e7188a-cgu.0.rcgu.o) (__aeabi_dmul)
./gen/../tecsrust_uart_led_sample/target/armv7a-none-eabi/release/libitron.a(compiler_builtins-70f608aea3cde50d.compiler_builtins.5a681add74c93a61-cgu.180.rcgu.o)
                              ./gen/../tecsrust_uart_led_sample/target/armv7a-none-eabi/release/libitron.a(core-d049573bc16596f9.core.5587a85061e7188a-cgu.0.rcgu.o) (__aeabi_fcmplt)
./gen/../tecsrust_uart_led_sample/target/armv7a-none-eabi/release/libitron.a(compiler_builtins-70f608aea3cde50d.compiler_builtins.5a681add74c93a61-cgu.201.rcgu.o)
                              ./gen/../tecsrust_uart_led_sample/target/armv7a-none-eabi/release/libitron.a(core-d049573bc16596f9.core.5587a85061e7188a-cgu.0.rcgu.o) (__aeabi_memclr4)
./gen/../tecsrust_uart_led_sample/target/armv7a-none-eabi/release/libitron.a(compiler_builtins-70f608aea3cde50d.compiler_builtins.5a681add74c93a61-cgu.206.rcgu.o)
                              ./gen/../tecsrust_uart_led_sample/target/armv7a-none-eabi/release/libitron.a(core-d049573bc16596f9.core.5587a85061e7188a-cgu.0.rcgu.o) (__aeabi_fcmpge)
./gen/../tecsrust_uart_led_sample/target/armv7a-none-eabi/release/libitron.a(compiler_builtins-70f608aea3cde50d.compiler_builtins.5a681add74c93a61-cgu.210.rcgu.o)
                              ./gen/../tecsrust_uart_led_sample/target/armv7a-none-eabi/release/libitron.a(core-d049573bc16596f9.core.5587a85061e7188a-cgu.0.rcgu.o) (__aeabi_f2h)
./gen/../tecsrust_uart_led_sample/target/armv7a-none-eabi/release/libitron.a(compiler_builtins-70f608aea3cde50d.compiler_builtins.5a681add74c93a61-cgu.223.rcgu.o)
                              ./gen/../tecsrust_uart_led_sample/target/armv7a-none-eabi/release/libitron.a(core-d049573bc16596f9.core.5587a85061e7188a-cgu.0.rcgu.o) (__aeabi_memcpy)
./gen/../tecsrust_uart_led_sample/target/armv7a-none-eabi/release/libitron.a(compiler_builtins-70f608aea3cde50d.compiler_builtins.5a681add74c93a61-cgu.253.rcgu.o)
                              ./gen/../tecsrust_uart_led_sample/target/armv7a-none-eabi/release/libitron.a(core-d049573bc16596f9.core.5587a85061e7188a-cgu.0.rcgu.o) (__aeabi_memcpy8)
./gen/../tecsrust_uart_led_sample/target/armv7a-none-eabi/release/libitron.a(compiler_builtins-70f608aea3cde50d.compiler_builtins.5a681add74c93a61-cgu.261.rcgu.o)
                              ./gen/../tecsrust_uart_led_sample/target/armv7a-none-eabi/release/libitron.a(core-d049573bc16596f9.core.5587a85061e7188a-cgu.0.rcgu.o) (__aeabi_dcmplt)
./gen/../tecsrust_uart_led_sample/target/armv7a-none-eabi/release/libitron.a(compiler_builtins-70f608aea3cde50d.compiler_builtins.5a681add74c93a61-cgu.263.rcgu.o)
                              ./gen/../tecsrust_uart_led_sample/target/armv7a-none-eabi/release/libitron.a(core-d049573bc16596f9.core.5587a85061e7188a-cgu.0.rcgu.o) (__aeabi_ddiv)
./gen/../tecsrust_uart_led_sample/target/armv7a-none-eabi/release/libitron.a(compiler_builtins-70f608aea3cde50d.compiler_builtins.5a681add74c93a61-cgu.270.rcgu.o)
[...]
Memory Configuration

Name             Origin             Length             Attributes
RAM              0x0000000000100000 0x000000001ff00000 xrw
*default*        0x0000000000000000 0xffffffffffffffff

Linker script and memory map

                [!provide]                        PROVIDE (hardware_init_hook = 0x0)
                0x0000000000000000                PROVIDE (software_init_hook = 0x0)
                0x0000000000000000                PROVIDE (software_term_hook = 0x0)

.text           0x0000000000100000    0x32e8c
                0x0000000000100000                __start_text = .
 *(.vector)
 .vector        0x0000000000100000       0x3c ./libkernel.a(core_support.o)
                0x0000000000100000                vector_table
                0x0000000000100020                vector_ref_table
 *(.text)
 .text          0x000000000010003c      0x11c objs/start.o
                0x000000000010003c                start
 .text          0x0000000000100158      0x42c objs/log_output.o
                0x0000000000100260                syslog_printf
                0x00000000001004f8                syslog_print
                0x000000000010054c                syslog_lostmsg
 .text          0x0000000000100584      0x2a8 objs/vasyslog.o
                0x0000000000100584                tt_syslog
 .text          0x000000000010082c       0x50 objs/t_perror.o
                0x000000000010082c                tt_perror
 .text          0x000000000010087c       0x24 objs/strerror.o
                0x000000000010087c                itron_strerror
 .text          0x00000000001008a0        0x4 objs/tTask_rProcessor1Migratable_tecsgen.o
                0x00000000001008a0                tTask_CB_initialize
 .text          0x00000000001008a4        0x4 objs/tSemaphore_rProcessor1Migratable_tecsgen.o
                0x00000000001008a4                tSemaphore_CB_initialize
 .text          0x00000000001008a8        0x4 objs/tInterruptRequest_rProcessor1Migratable_tecsgen.o
                0x00000000001008a8                tInterruptRequest_CB_initialize
 .text          0x00000000001008ac        0x4 objs/tISR_rProcessor1Migratable_tecsgen.o
                0x00000000001008ac                tISR_CB_initialize
 .text          0x00000000001008b0        0x4 objs/tTerminateRoutine_rProcessor1Migratable_tecsgen.o
                0x00000000001008b0                tTerminateRoutine_CB_initialize
 .text          0x00000000001008b4       0x50 objs/tSerialPortMain_rProcessor1Migratable_tecsgen.o
                0x00000000001008b4                tSerialPortMain_eSerialPort_open_skel
                0x00000000001008bc                tSerialPortMain_eSerialPort_close_skel
                0x00000000001008c4                tSerialPortMain_eSerialPort_read_skel
                0x00000000001008cc                tSerialPortMain_eSerialPort_write_skel
                0x00000000001008d4                tSerialPortMain_eSerialPort_control_skel
                0x00000000001008dc                tSerialPortMain_eSerialPort_refer_skel
                0x00000000001008e4                tSerialPortMain_CB_initialize
 .text          0x0000000000100904        0x4 objs/tSerialAdapter_rProcessor1Migratable_tecsgen.o
                0x0000000000100904                tSerialAdapter_CB_initialize
 .text          0x0000000000100908       0x38 objs/tSysLog_rProcessor1Migratable_tecsgen.o
                0x0000000000100908                tSysLog_CB_initialize
 .text          0x0000000000100940        0x4 objs/tSysLogAdapter_rProcessor1Migratable_tecsgen.o
                0x0000000000100940                tSysLogAdapter_CB_initialize
 .text          0x0000000000100944        0x8 objs/tLogTaskMain_rProcessor1Migratable_tecsgen.o
                0x0000000000100944                tLogTaskMain_eLogTaskTerminate_main_skel
                0x0000000000100948                tLogTaskMain_CB_initialize
 .text          0x000000000010094c        0x4 objs/tPutLogZyboZ7_rProcessor1Migratable_tecsgen.o
                0x000000000010094c                tPutLogZyboZ7_CB_initialize
 .text          0x0000000000100950       0x20 objs/tXUartPs_rProcessor1Migratable_tecsgen.o
                0x0000000000100950                tXUartPs_eTerminate_main_skel
                0x0000000000100958                tXUartPs_CB_initialize
 .text          0x0000000000100970        0x4 objs/tSIOPortZyboZ7Main_rProcessor1Migratable_tecsgen.o
                0x0000000000100970                tSIOPortZyboZ7Main_CB_initialize
 .text          0x0000000000100974        0x4 objs/tTask.o
                0x0000000000100974                tTask_start
 .text          0x0000000000100978        0x0 objs/tInterruptRequest.o
 .text          0x0000000000100978        0xc objs/tISR.o
                0x0000000000100978                tISR_start
 .text          0x0000000000100984       0x10 objs/tTerminateRoutine.o
                0x0000000000100984                tTerminateRoutine_start
 .text          0x0000000000100994      0x9e8 objs/tSerialPortMain.o
                0x0000000000100abc                tSerialPortMain_eSerialPort_open
                0x0000000000100ba0                tSerialPortMain_eSerialPort_close
                0x0000000000100c78                tSerialPortMain_eSerialPort_write
                0x0000000000100d84                tSerialPortMain_eSerialPort_read
                0x0000000000100fb8                tSerialPortMain_eSerialPort_control
                0x0000000000101008                tSerialPortMain_eSerialPort_refer
                0x0000000000101060                tSerialPortMain_eiSIOCBR_readySend
                0x000000000010112c                tSerialPortMain_eiSIOCBR_readyReceive
                0x0000000000101318                tSerialPortMain_enSerialPortManage_getChar
 .text          0x000000000010137c      0x258 objs/tSerialAdapter.o
                0x000000000010137c                serial_opn_por
                0x00000000001013d8                serial_cls_por
                0x0000000000101434                serial_rea_dat
                0x00000000001014a0                serial_wri_dat
                0x000000000010150c                serial_ctl_por
                0x0000000000101570                serial_ref_por
 .text          0x00000000001015d4      0x2cc objs/tSysLog.o
                0x00000000001015d8                tSysLog_eSysLog_write
                0x00000000001016f0                tSysLog_eSysLog_read
                0x0000000000101790                tSysLog_eSysLog_mask
                0x00000000001017c0                tSysLog_eSysLog_refer
                0x000000000010180c                tSysLog_eSysLog_flush
 .text          0x00000000001018a0       0x14 objs/tSysLogAdapter.o
                0x00000000001018a0                syslog_wri_log
                0x00000000001018a4                syslog_rea_log
                0x00000000001018a8                syslog_msk_log
                0x00000000001018ac                syslog_ref_log
                0x00000000001018b0                syslog_fls_log
 .text          0x00000000001018b4      0x21c objs/tLogTaskMain.o
                0x00000000001018b4                target_fput_log
                0x00000000001018e4                tLogTaskMain_eLogTask_flush
                0x0000000000101990                tLogTaskMain_eLogTaskBody_main
                0x0000000000101a10                tLogTaskMain_eLogTaskTerminate_main
 .text          0x0000000000101ad0       0x74 objs/tPutLogZyboZ7.o
                0x0000000000101ad0                tPutLogZyboZ7_initialize
                0x0000000000101af4                tPutLogZyboZ7_ePutLog_putChar
 .text          0x0000000000101b44      0x1f4 objs/tXUartPs.o
                0x0000000000101b44                tXUartPs_eTerminate_main
                0x0000000000101b84                tXUartPs_eSIOPort_open
                0x0000000000101bec                tXUartPs_eSIOPort_close
                0x0000000000101c1c                tXUartPs_eSIOPort_putChar
                0x0000000000101c3c                tXUartPs_eSIOPort_getChar
                0x0000000000101c5c                tXUartPs_eSIOPort_enableCBR
                0x0000000000101c90                tXUartPs_eSIOPort_disableCBR
                0x0000000000101cc4                tXUartPs_eiISR_main
 .text          0x0000000000101d38       0x3c objs/init_tecs.o
                0x0000000000101d38                initialize_tecs
 .text          0x0000000000101d74       0x74 objs/kernel_cfg.o
                0x0000000000101d74                _kernel_inthdr_82
                0x0000000000101db8                _kernel_initialize_object
 .text          0x0000000000101de8        0x0 ./gen/../tecsrust_uart_led_sample/target/armv7a-none-eabi/release/libitron.a(itron-45c5fd98eb955c4a.itron.9d87066d26af0b75-cgu.0.rcgu.o)
 .text          0x0000000000101de8        0x0 ./gen/../tecsrust_uart_led_sample/target/armv7a-none-eabi/release/libitron.a(itron-fbcb73bf0b635dd5.itron.68e737fdf62a80e5-cgu.0.rcgu.o)
 .text          0x0000000000101de8        0x0 ./gen/../tecsrust_uart_led_sample/target/armv7a-none-eabi/release/libitron.a(core-d049573bc16596f9.core.5587a85061e7188a-cgu.0.rcgu.o)
 .text          0x0000000000101de8        0x0 ./gen/../tecsrust_uart_led_sample/target/armv7a-none-eabi/release/libitron.a(compiler_builtins-70f608aea3cde50d.compiler_builtins.5a681add74c93a61-cgu.162.rcgu.o)
 .text          0x0000000000101de8        0x0 ./gen/../tecsrust_uart_led_sample/target/armv7a-none-eabi/release/libitron.a(compiler_builtins-70f608aea3cde50d.compiler_builtins.5a681add74c93a61-cgu.174.rcgu.o)
 .text          0x0000000000101de8        0x0 ./gen/../tecsrust_uart_led_sample/target/armv7a-none-eabi/release/libitron.a(compiler_builtins-70f608aea3cde50d.compiler_builtins.5a681add74c93a61-cgu.178.rcgu.o)
 .text          0x0000000000101de8        0x0 ./gen/../tecsrust_uart_led_sample/target/armv7a-none-eabi/release/libitron.a(compiler_builtins-70f608aea3cde50d.compiler_builtins.5a681add74c93a61-cgu.180.rcgu.o)
 .text          0x0000000000101de8        0x0 ./gen/../tecsrust_uart_led_sample/target/armv7a-none-eabi/release/libitron.a(compiler_builtins-70f608aea3cde50d.compiler_builtins.5a681add74c93a61-cgu.201.rcgu.o)
 .text          0x0000000000101de8        0x0 ./gen/../tecsrust_uart_led_sample/target/armv7a-none-eabi/release/libitron.a(compiler_builtins-70f608aea3cde50d.compiler_builtins.5a681add74c93a61-cgu.206.rcgu.o)
 .text          0x0000000000101de8        0x0 ./gen/../tecsrust_uart_led_sample/target/armv7a-none-eabi/release/libitron.a(compiler_builtins-70f608aea3cde50d.compiler_builtins.5a681add74c93a61-cgu.210.rcgu.o)
 .text          0x0000000000101de8        0x0 ./gen/../tecsrust_uart_led_sample/target/armv7a-none-eabi/release/libitron.a(compiler_builtins-70f608aea3cde50d.compiler_builtins.5a681add74c93a61-cgu.223.rcgu.o)
 .text          0x0000000000101de8        0x0 ./gen/../tecsrust_uart_led_sample/target/armv7a-none-eabi/release/libitron.a(compiler_builtins-70f608aea3cde50d.compiler_builtins.5a681add74c93a61-cgu.253.rcgu.o)
 .text          0x0000000000101de8        0x0 ./gen/../tecsrust_uart_led_sample/target/armv7a-none-eabi/release/libitron.a(compiler_builtins-70f608aea3cde50d.compiler_builtins.5a681add74c93a61-cgu.261.rcgu.o)
 .text          0x0000000000101de8        0x0 ./gen/../tecsrust_uart_led_sample/target/armv7a-none-eabi/release/libitron.a(compiler_builtins-70f608aea3cde50d.compiler_builtins.5a681add74c93a61-cgu.263.rcgu.o)
 .text          0x0000000000101de8        0x0 ./gen/../tecsrust_uart_led_sample/target/armv7a-none-eabi/release/libitron.a(compiler_builtins-70f608aea3cde50d.compiler_builtins.5a681add74c93a61-cgu.270.rcgu.o)
 .text          0x0000000000101de8        0x0 ./gen/../tecsrust_uart_led_sample/target/armv7a-none-eabi/release/libitron.a(compiler_builtins-70f608aea3cde50d.compiler_builtins.5a681add74c93a61-cgu.283.rcgu.o)
 .text          0x0000000000101de8        0x0 ./gen/../tecsrust_uart_led_sample/target/armv7a-none-eabi/release/libitron.a(compiler_builtins-70f608aea3cde50d.compiler_builtins.5a681add74c93a61-cgu.287.rcgu.o)
 .text          0x0000000000101de8        0x0 ./gen/../tecsrust_uart_led_sample/target/armv7a-none-eabi/release/libitron.a(compiler_builtins-70f608aea3cde50d.compiler_builtins.5a681add74c93a61-cgu.300.rcgu.o)
 .text          0x0000000000101de8        0x0 ./gen/../tecsrust_uart_led_sample/target/armv7a-none-eabi/release/libitron.a(compiler_builtins-70f608aea3cde50d.compiler_builtins.5a681add74c93a61-cgu.310.rcgu.o)
 .text          0x0000000000101de8        0x0 ./gen/../tecsrust_uart_led_sample/target/armv7a-none-eabi/release/libitron.a(compiler_builtins-70f608aea3cde50d.compiler_builtins.5a681add74c93a61-cgu.355.rcgu.o)
 .text          0x0000000000101de8        0x0 ./gen/../tecsrust_uart_led_sample/target/armv7a-none-eabi/release/libitron.a(compiler_builtins-70f608aea3cde50d.compiler_builtins.5a681add74c93a61-cgu.361.rcgu.o)
 .text          0x0000000000101de8        0x0 ./gen/../tecsrust_uart_led_sample/target/armv7a-none-eabi/release/libitron.a(compiler_builtins-70f608aea3cde50d.compiler_builtins.5a681add74c93a61-cgu.365.rcgu.o)
 .text          0x0000000000101de8        0x0 ./gen/../tecsrust_uart_led_sample/target/armv7a-none-eabi/release/libitron.a(compiler_builtins-70f608aea3cde50d.compiler_builtins.5a681add74c93a61-cgu.375.rcgu.o)
 .text          0x0000000000101de8        0x0 ./gen/../tecsrust_uart_led_sample/target/armv7a-none-eabi/release/libitron.a(compiler_builtins-70f608aea3cde50d.compiler_builtins.5a681add74c93a61-cgu.393.rcgu.o)
 .text          0x0000000000101de8        0x0 ./gen/../tecsrust_uart_led_sample/target/armv7a-none-eabi/release/libitron.a(compiler_builtins-70f608aea3cde50d.compiler_builtins.5a681add74c93a61-cgu.395.rcgu.o)
 .text          0x0000000000101de8        0x0 ./gen/../tecsrust_uart_led_sample/target/armv7a-none-eabi/release/libitron.a(compiler_builtins-70f608aea3cde50d.compiler_builtins.5a681add74c93a61-cgu.410.rcgu.o)
 .text          0x0000000000101de8        0x0 ./gen/../tecsrust_uart_led_sample/target/armv7a-none-eabi/release/libitron.a(compiler_builtins-70f608aea3cde50d.compiler_builtins.5a681add74c93a61-cgu.411.rcgu.o)
 .text          0x0000000000101de8      0x1e0 ./gen/../tecsrust_uart_led_sample/target/armv7a-none-eabi/release/libitron.a(63f8a0b8a638da8c-udivmodsi4.o)
                0x0000000000101de8                __udivmodsi4
 .text          0x0000000000101fc8      0x1d0 ./gen/../tecsrust_uart_led_sample/target/armv7a-none-eabi/release/libitron.a(63f8a0b8a638da8c-udivsi3.o)
                0x0000000000101fc8                __udivsi3
                0x0000000000101fc8                __aeabi_uidiv
 .text          0x0000000000102198        0x0 ./gen/../tecsrust_uart_led_sample/target/armv7a-none-eabi/release/libitron.a(compiler_builtins-70f608aea3cde50d.compiler_builtins.5a681add74c93a61-cgu.000.rcgu.o)
 .text          0x0000000000102198        0x0 ./gen/../tecsrust_uart_led_sample/target/armv7a-none-eabi/release/libitron.a(compiler_builtins-70f608aea3cde50d.compiler_builtins.5a681add74c93a61-cgu.004.rcgu.o)
 .text          0x0000000000102198        0x0 ./gen/../tecsrust_uart_led_sample/target/armv7a-none-eabi/release/libitron.a(compiler_builtins-70f608aea3cde50d.compiler_builtins.5a681add74c93a61-cgu.009.rcgu.o)
 .text          0x0000000000102198        0x0 ./gen/../tecsrust_uart_led_sample/target/armv7a-none-eabi/release/libitron.a(compiler_builtins-70f608aea3cde50d.compiler_builtins.5a681add74c93a61-cgu.019.rcgu.o)
 .text          0x0000000000102198        0x0 ./gen/../tecsrust_uart_led_sample/target/armv7a-none-eabi/release/libitron.a(compiler_builtins-70f608aea3cde50d.compiler_builtins.5a681add74c93a61-cgu.347.rcgu.o)
 .text          0x0000000000102198        0x0 ./gen/../tecsrust_uart_led_sample/target/armv7a-none-eabi/release/libitron.a(63f8a0b8a638da8c-aeabi_div0.o)
 .text          0x0000000000102198        0x0 ./gen/../tecsrust_uart_led_sample/target/armv7a-none-eabi/release/libitron.a(compiler_builtins-70f608aea3cde50d.compiler_builtins.5a681add74c93a61-cgu.010.rcgu.o)
 .text          0x0000000000102198       0x80 ./libkernel.a(target_kernel_impl.o)
                0x0000000000102198                hardware_init_hook
                0x00000000001021a8                _kernel_target_mprc_initialize
                0x00000000001021cc                _kernel_target_initialize
                0x00000000001021e8                _kernel_target_exit
 .text          0x0000000000102218       0x34 ./libkernel.a(chip_kernel_impl.o)
                0x0000000000102218                _kernel_chip_initialize
                0x0000000000102248                _kernel_chip_terminate
 .text          0x000000000010224c       0x9c ./libkernel.a(mpcore_kernel_impl.o)
                0x000000000010224c                _kernel_mpcore_mprc_initialize
                0x0000000000102280                _kernel_mpcore_initialize
                0x00000000001022d4                _kernel_mpcore_terminate
 .text          0x00000000001022e8      0x340 ./libkernel.a(gic_kernel_impl.o)
                0x00000000001022e8                _kernel_gicc_initialize
                0x000000000010231c                _kernel_gicc_terminate
                0x0000000000102330                _kernel_gicd_initialize
                0x00000000001023c8                _kernel_gicd_terminate
                0x00000000001023dc                _kernel_initialize_interrupt
 .text          0x0000000000102628      0x12c ./libkernel.a(pl310.o)
                0x0000000000102628                _kernel_pl310_initialize
                0x000000000010269c                _kernel_pl310_disable
                0x00000000001026dc                _kernel_pl310_invalidate_all
                0x0000000000102718                _kernel_pl310_clean_and_invalidate_all
 .text          0x0000000000102754       0x90 ./libkernel.a(mpcore_timer.o)
                0x0000000000102754                _kernel_target_hrt_initialize
                0x000000000010279c                _kernel_target_hrt_terminate
                0x00000000001027d0                _kernel_target_hrt_handler
 .text          0x00000000001027e4      0x4f4 ./libkernel.a(core_kernel_impl.o)
                0x00000000001027e4                _kernel_arm_mmu_initialize
                0x00000000001029cc                _kernel_core_initialize
                0x0000000000102a2c                _kernel_core_terminate
                0x0000000000102a30                _kernel_xlog_sys
                0x0000000000102aec                _kernel_xlog_fsr
                0x0000000000102b6c                _kernel_default_int_handler
                0x0000000000102ba0                _kernel_default_exc_handler
 .text          0x0000000000102cd8      0x1b8 ./libkernel.a(arm.o)
                0x0000000000102cd8                arm_enable_icache
                0x0000000000102cf4                arm_disable_icache
                0x0000000000102d0c                armv7_invalidate_dcache
                0x0000000000102db0                arm_enable_dcache
                0x0000000000102dd0                armv7_clean_and_invalidate_dcache
                0x0000000000102e74                arm_disable_dcache
 .text          0x0000000000102e90      0x3a8 ./libkernel.a(startup.o)
                0x0000000000102f08                _kernel_barrier_sync
                0x0000000000102f7c                sta_ker
                0x0000000000103094                ext_ker
                0x00000000001030fc                _kernel_exit_kernel
                0x000000000010317c                _kernel_ext_ker_handler
 .text          0x0000000000103238      0x9c8 ./libkernel.a(task.o)
                0x0000000000103238                _kernel_search_schedtsk
                0x000000000010324c                _kernel_make_runnable
                0x0000000000103384                _kernel_initialize_task
                0x0000000000103498                _kernel_make_non_runnable
                0x00000000001035bc                _kernel_make_dormant
                0x00000000001035e8                _kernel_make_active
                0x0000000000103614                _kernel_change_priority
                0x00000000001038b0                _kernel_change_subprio
                0x00000000001039a0                _kernel_rotate_ready_queue
                0x0000000000103a84                _kernel_task_terminate
                0x0000000000103bb0                _kernel_migrate_self
                0x0000000000103bd8                _kernel_migrate_activate_self
 .text          0x0000000000103c00        0x0 ./libkernel.a(taskhook.o)
 .text          0x0000000000103c00      0x650 ./libkernel.a(wait.o)
                0x0000000000103c00                _kernel_wait_tmout
                0x0000000000103d50                _kernel_make_wait_tmout
                0x0000000000103e0c                _kernel_wait_dequeue_wobj
                0x0000000000103e28                _kernel_wait_complete
                0x0000000000103ecc                _kernel_wait_tmout_ok
                0x0000000000104008                _kernel_wobj_make_wait
                0x00000000001040b0                _kernel_wobj_make_wait_tmout
                0x000000000010413c                _kernel_init_wait_queue
 .text          0x0000000000104250      0xaf8 ./libkernel.a(time_event.o)
                0x0000000000104250                _kernel_initialize_tmevt
                0x00000000001042fc                _kernel_tmevt_up
                0x000000000010435c                _kernel_tmevt_down
                0x0000000000104400                _kernel_update_current_evttim
                0x0000000000104488                _kernel_set_hrt_event
                0x0000000000104658                _kernel_set_hrt_event_handler
                0x000000000010475c                _kernel_tmevtb_register
                0x00000000001047f4                _kernel_tmevtb_enqueue
                0x00000000001048a8                _kernel_tmevtb_enqueue_reltim
                0x000000000010497c                _kernel_tmevtb_dequeue
                0x0000000000104a84                _kernel_check_adjtim
                0x0000000000104b14                _kernel_tmevt_lefttim
                0x0000000000104b4c                _kernel_signal_time
 .text          0x0000000000104d48      0xb30 ./libkernel.a(task_sync.o)
                0x0000000000104d48                slp_tsk
                0x0000000000104e94                tslp_tsk
                0x0000000000104ff4                wup_tsk
                0x0000000000105160                can_wup
                0x0000000000105264                rel_wai
                0x000000000010542c                sus_tsk
                0x00000000001055b8                rsm_tsk
                0x0000000000105704                dly_tsk
 .text          0x0000000000105878      0x87c ./libkernel.a(semaphore.o)
                0x0000000000105878                _kernel_initialize_semaphore
                0x00000000001058d4                sig_sem
                0x0000000000105a7c                wai_sem
                0x0000000000105bdc                pol_sem
                0x0000000000105cd0                twai_sem
                0x0000000000105e6c                ini_sem
                0x0000000000105f94                ref_sem
 .text          0x00000000001060f4     0x1204 ./libkernel.a(dataqueue.o)
                0x00000000001060f4                _kernel_initialize_dataqueue
                0x0000000000106168                _kernel_enqueue_data
                0x00000000001061a0                _kernel_force_enqueue_data
                0x00000000001061e0                _kernel_dequeue_data
                0x000000000010621c                _kernel_send_data
                0x00000000001062e0                _kernel_force_send_data
                0x00000000001063a0                _kernel_receive_data
                0x0000000000106508                snd_dtq
                0x00000000001066a0                psnd_dtq
                0x00000000001067d4                tsnd_dtq
                0x00000000001069ac                fsnd_dtq
                0x0000000000106ae8                rcv_dtq
                0x0000000000106cc4                prcv_dtq
                0x0000000000106df8                trcv_dtq
                0x0000000000106fe8                ini_dtq
                0x000000000010711c                ref_dtq
 .text          0x00000000001072f8      0xd70 ./libkernel.a(mutex.o)
                0x00000000001072f8                _kernel_mutex_scan_ceilmtx
                0x0000000000107330                _kernel_mutex_check_ceilpri
                0x00000000001073b8                _kernel_initialize_mutex
                0x0000000000107450                _kernel_mutex_drop_priority
                0x00000000001074c8                _kernel_mutex_acquire
                0x0000000000107504                _kernel_mutex_release
                0x0000000000107650                _kernel_mutex_release_all
                0x0000000000107688                loc_mtx
                0x0000000000107874                ploc_mtx
                0x00000000001079f0                tloc_mtx
                0x0000000000107c14                unl_mtx
                0x0000000000107d60                ini_mtx
                0x0000000000107ee8                ref_mtx
 .text          0x0000000000108068      0x318 ./libkernel.a(spin_lock.o)
                0x0000000000108068                _kernel_initialize_spin_lock
                0x00000000001080b0                _kernel_force_unlock_spin
                0x00000000001080dc                loc_spn
                0x000000000010819c                try_spn
                0x0000000000108240                unl_spn
                0x00000000001082f0                ref_spn
 .text          0x0000000000108380      0xb50 ./libkernel.a(sys_manage.o)
                0x0000000000108380                rot_rdq
                0x00000000001084b4                mrot_rdq
                0x0000000000108604                get_tid
                0x000000000010866c                get_pid
                0x0000000000108694                get_lod
                0x00000000001087a0                mget_lod
                0x00000000001088c4                get_nth
                0x00000000001089fc                mget_nth
                0x0000000000108b4c                loc_cpu
                0x0000000000108b64                unl_cpu
                0x0000000000108b94                dis_dsp
                0x0000000000108c64                ena_dsp
                0x0000000000108dc8                sns_ctx
                0x0000000000108df8                sns_loc
                0x0000000000108e04                sns_dsp
                0x0000000000108e34                sns_dpn
                0x0000000000108e90                sns_ker
 .text          0x0000000000108ed0      0x668 ./libkernel.a(interrupt.o)
                0x0000000000108ed0                dis_int
                0x0000000000108fa4                ena_int
                0x0000000000109078                clr_int
                0x000000000010914c                ras_int
                0x0000000000109270                prb_int
                0x0000000000109328                chg_ipm
                0x00000000001094d0                get_ipm
 .text          0x0000000000109538      0x3dc ./libkernel.a(core_support.o)
                0x0000000000109538                _kernel_dispatch
                0x0000000000109564                _kernel_start_dispatch
                0x000000000010957c                _kernel_exit_and_dispatch
                0x00000000001095ac                _kernel_call_exit_kernel
                0x00000000001095bc                _kernel_dispatch_and_migrate
                0x00000000001095d8                _kernel_exit_and_migrate
                0x00000000001095e0                _kernel_start_r
                0x00000000001095f8                _kernel_irq_handler
                0x00000000001096e4                _kernel_undef_handler
                0x00000000001096f8                _kernel_svc_handler
                0x0000000000109708                _kernel_pabort_handler
                0x000000000010971c                _kernel_dabort_handler
                0x000000000010977c                _kernel_fiq_handler
                0x00000000001098e8                sil_dly_nse
 .text          0x0000000000109914      0x644 ./libkernel.a(task_term.o)
                0x0000000000109914                ext_tsk
                0x0000000000109a38                ras_ter
                0x0000000000109c00                dis_ter
                0x0000000000109cb8                ena_ter
                0x0000000000109dd0                sns_ter
                0x0000000000109e0c                ter_tsk
 .text          0x0000000000109f58       0x8c ./libkernel.a(gic_support.o)
                0x0000000000109f58                _kernel_irc_begin_int
                0x0000000000109f90                _kernel_irc_end_int
                0x0000000000109fa0                _kernel_irc_get_intpri
                0x0000000000109fb4                _kernel_irc_begin_exc
                0x0000000000109fc4                _kernel_irc_end_exc
 .text          0x0000000000109fe4       0xa4 /usr/lib/gcc/arm-none-eabi/10.3.1/../../../arm-none-eabi/lib/thumb/v7-a/nofp/libc.a(lib_a-memset.o)
                0x0000000000109fe4                memset
 *(.text.*)
 .text._ZN68_$LT$itron..error..Error$LT$Kind$GT$$u20$as$u20$core..fmt..Debug$GT$3fmt17hbf27c1f9f33347bfE
                0x000000000010a088        0x4 ./gen/../tecsrust_uart_led_sample/target/armv7a-none-eabi/release/libitron.a(itron-45c5fd98eb955c4a.itron.9d87066d26af0b75-cgu.0.rcgu.o)
 .text._RNvCsgYTF1aGAkck_7___rustc17rust_begin_unwind
                0x000000000010a08c        0x4 ./gen/../tecsrust_uart_led_sample/target/armv7a-none-eabi/release/libitron.a(itron-45c5fd98eb955c4a.itron.9d87066d26af0b75-cgu.0.rcgu.o)
                0x000000000010a08c                __rustc::rust_begin_unwind
 .text.tecs_rust_start_r_processor1_symmetric_uart_task
                0x000000000010a090      0x158 ./gen/../tecsrust_uart_led_sample/target/armv7a-none-eabi/release/libitron.a(itron-45c5fd98eb955c4a.itron.9d87066d26af0b75-cgu.0.rcgu.o)
                0x000000000010a090                tecs_rust_start_r_processor1_symmetric_uart_task
 .text.tecs_rust_start_r_processor2_symmetric_button_task
                0x000000000010a1e8      0x200 ./gen/../tecsrust_uart_led_sample/target/armv7a-none-eabi/release/libitron.a(itron-45c5fd98eb955c4a.itron.9d87066d26af0b75-cgu.0.rcgu.o)
                0x000000000010a1e8                tecs_rust_start_r_processor2_symmetric_button_task
 .text.tecs_rust_start_r_processor1_symmetric_uart_isr
                0x000000000010a3e8       0x54 ./gen/../tecsrust_uart_led_sample/target/armv7a-none-eabi/release/libitron.a(itron-45c5fd98eb955c4a.itron.9d87066d26af0b75-cgu.0.rcgu.o)
                0x000000000010a3e8                tecs_rust_start_r_processor1_symmetric_uart_isr
 .text.tecs_rust_start_r_processor1_symmetric_uart_ini
                0x000000000010a43c        0x4 ./gen/../tecsrust_uart_led_sample/target/armv7a-none-eabi/release/libitron.a(itron-45c5fd98eb955c4a.itron.9d87066d26af0b75-cgu.0.rcgu.o)
                0x000000000010a43c                tecs_rust_start_r_processor1_symmetric_uart_ini
 .text._ZN4core3fmt3num50_$LT$impl$u20$core..fmt..Debug$u20$for$u20$i32$GT$3fmt17h7a0e08473eadbc5bE
                0x000000000010a440       0x20 ./gen/../tecsrust_uart_led_sample/target/armv7a-none-eabi/release/libitron.a(itron-fbcb73bf0b635dd5.itron.68e737fdf62a80e5-cgu.0.rcgu.o)
 .text._ZN75_$LT$core..num..nonzero..NonZero$LT$T$GT$$u20$as$u20$core..fmt..Display$GT$3fmt17h850f84802fa3eaddE
                0x000000000010a460       0x20 ./gen/../tecsrust_uart_led_sample/target/armv7a-none-eabi/release/libitron.a(itron-fbcb73bf0b635dd5.itron.68e737fdf62a80e5-cgu.0.rcgu.o)
 .text._ZN60_$LT$itron..error..ErrorCode$u20$as$u20$core..fmt..Debug$GT$3fmt17hf3b2cd5bb64ff3e9E
                0x000000000010a480      0x2c4 ./gen/../tecsrust_uart_led_sample/target/armv7a-none-eabi/release/libitron.a(itron-fbcb73bf0b635dd5.itron.68e737fdf62a80e5-cgu.0.rcgu.o)
                0x000000000010a480                <itron::error::ErrorCode as core::fmt::Debug>::fmt
 .text._ZN67_$LT$itron..dataqueue..DataqueueRef$u20$as$u20$core..fmt..Debug$GT$3fmt17h5b31219d7835aa6dE
                0x000000000010a744       0x58 ./gen/../tecsrust_uart_led_sample/target/armv7a-none-eabi/release/libitron.a(itron-fbcb73bf0b635dd5.itron.68e737fdf62a80e5-cgu.0.rcgu.o)
                0x000000000010a744                <itron::dataqueue::DataqueueRef as core::fmt::Debug>::fmt
 .text._ZN69_$LT$itron..memorypool..MemoryPoolRef$u20$as$u20$core..fmt..Debug$GT$3fmt17h802347f6fdaf37b2E
                0x000000000010a79c       0x58 ./gen/../tecsrust_uart_led_sample/target/armv7a-none-eabi/release/libitron.a(itron-fbcb73bf0b635dd5.itron.68e737fdf62a80e5-cgu.0.rcgu.o)
                0x000000000010a79c                <itron::memorypool::MemoryPoolRef as core::fmt::Debug>::fmt
 .text._ZN59_$LT$itron..mutex..MutexRef$u20$as$u20$core..fmt..Debug$GT$3fmt17h6a8d309fd5365a8bE
                0x000000000010a7f4       0x58 ./gen/../tecsrust_uart_led_sample/target/armv7a-none-eabi/release/libitron.a(itron-fbcb73bf0b635dd5.itron.68e737fdf62a80e5-cgu.0.rcgu.o)
                0x000000000010a7f4                <itron::mutex::MutexRef as core::fmt::Debug>::fmt
 .text._ZN64_$LT$itron..processor..Processor$u20$as$u20$core..fmt..Debug$GT$3fmt17hc75d9d03a1c196fbE
                0x000000000010a84c       0x64 ./gen/../tecsrust_uart_led_sample/target/armv7a-none-eabi/release/libitron.a(itron-fbcb73bf0b635dd5.itron.68e737fdf62a80e5-cgu.0.rcgu.o)
                0x000000000010a84c                <itron::processor::Processor as core::fmt::Debug>::fmt
 .text._ZN67_$LT$itron..semaphore..SemaphoreRef$u20$as$u20$core..fmt..Debug$GT$3fmt17haf2e3079afc34cfaE
                0x000000000010a8b0       0x58 ./gen/../tecsrust_uart_led_sample/target/armv7a-none-eabi/release/libitron.a(itron-fbcb73bf0b635dd5.itron.68e737fdf62a80e5-cgu.0.rcgu.o)
                0x000000000010a8b0                <itron::semaphore::SemaphoreRef as core::fmt::Debug>::fmt
 .text._ZN57_$LT$itron..task..TaskRef$u20$as$u20$core..fmt..Debug$GT$3fmt17h29082a565a1f7a0fE
                0x000000000010a908       0x58 ./gen/../tecsrust_uart_led_sample/target/armv7a-none-eabi/release/libitron.a(itron-fbcb73bf0b635dd5.itron.68e737fdf62a80e5-cgu.0.rcgu.o)
                0x000000000010a908                <itron::task::TaskRef as core::fmt::Debug>::fmt
 .text._ZN5itron4task7current17he5bb96fe6f36c460E
                0x000000000010a960       0x4c ./gen/../tecsrust_uart_led_sample/target/armv7a-none-eabi/release/libitron.a(itron-fbcb73bf0b635dd5.itron.68e737fdf62a80e5-cgu.0.rcgu.o)
                0x000000000010a960                itron::task::current
 .text._ZN4core3num7dec2flt11decimal_seq10DecimalSeq4trim17h5efee5ea5ccf409eE
                0x000000000010a9ac       0x58 ./gen/../tecsrust_uart_led_sample/target/armv7a-none-eabi/release/libitron.a(core-d049573bc16596f9.core.5587a85061e7188a-cgu.0.rcgu.o)
                0x000000000010a9ac                core::num::dec2flt::decimal_seq::DecimalSeq::trim
 .text._ZN4core3num7dec2flt11decimal_seq10DecimalSeq5round17h25fcaa510171f10cE
                0x000000000010aa04       0xf0 ./gen/../tecsrust_uart_led_sample/target/armv7a-none-eabi/release/libitron.a(core-d049573bc16596f9.core.5587a85061e7188a-cgu.0.rcgu.o)
                0x000000000010aa04                core::num::dec2flt::decimal_seq::DecimalSeq::round
 .text._ZN4core3num7dec2flt11decimal_seq10DecimalSeq10left_shift17hc6cf7434fa18fb28E
                0x000000000010aaf4      0x310 ./gen/../tecsrust_uart_led_sample/target/armv7a-none-eabi/release/libitron.a(core-d049573bc16596f9.core.5587a85061e7188a-cgu.0.rcgu.o)
                0x000000000010aaf4                core::num::dec2flt::decimal_seq::DecimalSeq::left_shift
 .text._ZN4core3num7dec2flt11decimal_seq10DecimalSeq11right_shift17hb4403252d794ad85E
                0x000000000010ae04      0x2c8 ./gen/../tecsrust_uart_led_sample/target/armv7a-none-eabi/release/libitron.a(core-d049573bc16596f9.core.5587a85061e7188a-cgu.0.rcgu.o)
                0x000000000010ae04                core::num::dec2flt::decimal_seq::DecimalSeq::right_shift
 .text._ZN4core3num7dec2flt11decimal_seq17parse_decimal_seq17h720ae35c33f1ca0cE
                0x000000000010b0cc      0x4a0 ./gen/../tecsrust_uart_led_sample/target/armv7a-none-eabi/release/libitron.a(core-d049573bc16596f9.core.5587a85061e7188a-cgu.0.rcgu.o)
                0x000000000010b0cc                core::num::dec2flt::decimal_seq::parse_decimal_seq
 .text._ZN59_$LT$f32$u20$as$u20$core..num..dec2flt..float..RawFloat$GT$15pow10_fast_path17h6e48b725f9e4ea17E
                0x000000000010b56c       0x1c ./gen/../tecsrust_uart_led_sample/target/armv7a-none-eabi/release/libitron.a(core-d049573bc16596f9.core.5587a85061e7188a-cgu.0.rcgu.o)
                0x000000000010b56c                <f32 as core::num::dec2flt::float::RawFloat>::pow10_fast_path
 .text._ZN59_$LT$f64$u20$as$u20$core..num..dec2flt..float..RawFloat$GT$15pow10_fast_path17h11f46422e910817bE
                0x000000000010b588       0x20 ./gen/../tecsrust_uart_led_sample/target/armv7a-none-eabi/release/libitron.a(core-d049573bc16596f9.core.5587a85061e7188a-cgu.0.rcgu.o)
                0x000000000010b588                <f64 as core::num::dec2flt::float::RawFloat>::pow10_fast_path
 .text._ZN4core3num7dec2flt6lemire13compute_float17h16a9ae03feeaa31dE
                0x000000000010b5a8      0x28c ./gen/../tecsrust_uart_led_sample/target/armv7a-none-eabi/release/libitron.a(core-d049573bc16596f9.core.5587a85061e7188a-cgu.0.rcgu.o)
 .text._ZN4core3num7dec2flt6lemire13compute_float17h6afe090d7f4e8ea6E
                0x000000000010b834      0x314 ./gen/../tecsrust_uart_led_sample/target/armv7a-none-eabi/release/libitron.a(core-d049573bc16596f9.core.5587a85061e7188a-cgu.0.rcgu.o)
 .text._ZN4core3num7dec2flt6lemire13compute_float17ha99c48ca86bcebfaE
                0x000000000010bb48      0x320 ./gen/../tecsrust_uart_led_sample/target/armv7a-none-eabi/release/libitron.a(core-d049573bc16596f9.core.5587a85061e7188a-cgu.0.rcgu.o)
 .text._ZN4core3num7dec2flt6lemire22compute_product_approx17h46540bfe977aa735E
                0x000000000010be68       0xfc ./gen/../tecsrust_uart_led_sample/target/armv7a-none-eabi/release/libitron.a(core-d049573bc16596f9.core.5587a85061e7188a-cgu.0.rcgu.o)
                0x000000000010be68                core::num::dec2flt::lemire::compute_product_approx
 .text._ZN4core3num7dec2flt5parse12parse_number17hac599539be123f0aE
                0x000000000010bf64      0x680 ./gen/../tecsrust_uart_led_sample/target/armv7a-none-eabi/release/libitron.a(core-d049573bc16596f9.core.5587a85061e7188a-cgu.0.rcgu.o)
                0x000000000010bf64                core::num::dec2flt::parse::parse_number
 .text._ZN74_$LT$core..num..dec2flt..ParseFloatError$u20$as$u20$core..fmt..Display$GT$3fmt17he75ae9ab1989a457E
                0x000000000010c5e4       0x48 ./gen/../tecsrust_uart_led_sample/target/armv7a-none-eabi/release/libitron.a(core-d049573bc16596f9.core.5587a85061e7188a-cgu.0.rcgu.o)
                0x000000000010c5e4                <core::num::dec2flt::ParseFloatError as core::fmt::Display>::fmt
 .text._ZN4core3num9diy_float2Fp3mul17h224020beff8dcf6eE
                0x000000000010c62c       0x58 ./gen/../tecsrust_uart_led_sample/target/armv7a-none-eabi/release/libitron.a(core-d049573bc16596f9.core.5587a85061e7188a-cgu.0.rcgu.o)
                0x000000000010c62c                core::num::diy_float::Fp::mul
 .text._ZN4core3num9diy_float2Fp9normalize17h769495316c3164f0E
                0x000000000010c684       0x4c ./gen/../tecsrust_uart_led_sample/target/armv7a-none-eabi/release/libitron.a(core-d049573bc16596f9.core.5587a85061e7188a-cgu.0.rcgu.o)
                0x000000000010c684                core::num::diy_float::Fp::normalize
 .text._ZN4core3num9diy_float2Fp12normalize_to17h65a8e137fe2a9b34E
                0x000000000010c6d0       0xc8 ./gen/../tecsrust_uart_led_sample/target/armv7a-none-eabi/release/libitron.a(core-d049573bc16596f9.core.5587a85061e7188a-cgu.0.rcgu.o)
                0x000000000010c6d0                core::num::diy_float::Fp::normalize_to
 .text._ZN4core3num7flt2dec9estimator23estimate_scaling_factor17h5aed770e3586ed17E
                0x000000000010c798       0x40 ./gen/../tecsrust_uart_led_sample/target/armv7a-none-eabi/release/libitron.a(core-d049573bc16596f9.core.5587a85061e7188a-cgu.0.rcgu.o)
                0x000000000010c798                core::num::flt2dec::estimator::estimate_scaling_factor
 .text._ZN4core3num7flt2dec8strategy6dragon9mul_pow1017h8de41a198f06ceffE
                0x000000000010c7d8      0x268 ./gen/../tecsrust_uart_led_sample/target/armv7a-none-eabi/release/libitron.a(core-d049573bc16596f9.core.5587a85061e7188a-cgu.0.rcgu.o)
                0x000000000010c7d8                core::num::flt2dec::strategy::dragon::mul_pow10
 .text._ZN4core3num7flt2dec8strategy6dragon15format_shortest17hb5e0ae7b6971114eE
                0x000000000010ca40      0xd24 ./gen/../tecsrust_uart_led_sample/target/armv7a-none-eabi/release/libitron.a(core-d049573bc16596f9.core.5587a85061e7188a-cgu.0.rcgu.o)
                0x000000000010ca40                core::num::flt2dec::strategy::dragon::format_shortest
 .text._ZN4core3num7flt2dec8strategy6dragon12format_exact17h413b0182ae77793eE
                0x000000000010d764      0xb6c ./gen/../tecsrust_uart_led_sample/target/armv7a-none-eabi/release/libitron.a(core-d049573bc16596f9.core.5587a85061e7188a-cgu.0.rcgu.o)
                0x000000000010d764                core::num::flt2dec::strategy::dragon::format_exact
 .text._ZN4core3num7flt2dec8strategy5grisu12cached_power17h40510fc142d30e5bE
                0x000000000010e2d0       0x70 ./gen/../tecsrust_uart_led_sample/target/armv7a-none-eabi/release/libitron.a(core-d049573bc16596f9.core.5587a85061e7188a-cgu.0.rcgu.o)
                0x000000000010e2d0                core::num::flt2dec::strategy::grisu::cached_power
 .text._ZN4core3num7flt2dec8strategy5grisu19format_shortest_opt17ha7dc55675409a111E
                0x000000000010e340      0x9e4 ./gen/../tecsrust_uart_led_sample/target/armv7a-none-eabi/release/libitron.a(core-d049573bc16596f9.core.5587a85061e7188a-cgu.0.rcgu.o)
                0x000000000010e340                core::num::flt2dec::strategy::grisu::format_shortest_opt
 .text._ZN4core3num7flt2dec8strategy5grisu15format_shortest17hcc7bcdc55f306e7cE
                0x000000000010ed24       0x5c ./gen/../tecsrust_uart_led_sample/target/armv7a-none-eabi/release/libitron.a(core-d049573bc16596f9.core.5587a85061e7188a-cgu.0.rcgu.o)
                0x000000000010ed24                core::num::flt2dec::strategy::grisu::format_shortest
 .text._ZN4core3num7flt2dec8strategy5grisu16format_exact_opt17h10c7733a2f424f87E
                0x000000000010ed80      0x580 ./gen/../tecsrust_uart_led_sample/target/armv7a-none-eabi/release/libitron.a(core-d049573bc16596f9.core.5587a85061e7188a-cgu.0.rcgu.o)
                0x000000000010ed80                core::num::flt2dec::strategy::grisu::format_exact_opt
 .text._ZN4core3num7flt2dec8strategy5grisu16format_exact_opt14possibly_round17h324fa6da31e0b7a0E
                0x000000000010f300      0x234 ./gen/../tecsrust_uart_led_sample/target/armv7a-none-eabi/release/libitron.a(core-d049573bc16596f9.core.5587a85061e7188a-cgu.0.rcgu.o)
 .text._ZN4core3num7flt2dec8strategy5grisu12format_exact17h78d277690b9100bfE
                0x000000000010f534       0x6c ./gen/../tecsrust_uart_led_sample/target/armv7a-none-eabi/release/libitron.a(core-d049573bc16596f9.core.5587a85061e7188a-cgu.0.rcgu.o)
                0x000000000010f534                core::num::flt2dec::strategy::grisu::format_exact
 .text._ZN4core3num7flt2dec8round_up17hdfef968791b3b8f1E
                0x000000000010f5a0       0xb8 ./gen/../tecsrust_uart_led_sample/target/armv7a-none-eabi/release/libitron.a(core-d049573bc16596f9.core.5587a85061e7188a-cgu.0.rcgu.o)
                0x000000000010f5a0                core::num::flt2dec::round_up
 .text._ZN4core3num7flt2dec17digits_to_dec_str17h4ef03e8f4c666413E
                0x000000000010f658      0x17c ./gen/../tecsrust_uart_led_sample/target/armv7a-none-eabi/release/libitron.a(core-d049573bc16596f9.core.5587a85061e7188a-cgu.0.rcgu.o)
                0x000000000010f658                core::num::flt2dec::digits_to_dec_str
 .text._ZN4core3num7flt2dec17digits_to_exp_str17hc40222548b9d8bc0E
                0x000000000010f7d4      0x180 ./gen/../tecsrust_uart_led_sample/target/armv7a-none-eabi/release/libitron.a(core-d049573bc16596f9.core.5587a85061e7188a-cgu.0.rcgu.o)
                0x000000000010f7d4                core::num::flt2dec::digits_to_exp_str
 .text._ZN4core3num3fmt4Part5write17h5157de02cd0761b1E
                0x000000000010f954      0x18c ./gen/../tecsrust_uart_led_sample/target/armv7a-none-eabi/release/libitron.a(core-d049573bc16596f9.core.5587a85061e7188a-cgu.0.rcgu.o)
                0x000000000010f954                core::num::fmt::Part::write
 .text._ZN4core3num3fmt9Formatted3len17ha07e1e9353604e1bE
                0x000000000010fae0       0xa4 ./gen/../tecsrust_uart_led_sample/target/armv7a-none-eabi/release/libitron.a(core-d049573bc16596f9.core.5587a85061e7188a-cgu.0.rcgu.o)
                0x000000000010fae0                core::num::fmt::Formatted::len
 .text._ZN4core3num3fmt9Formatted5write17h99ed3f4f2997298bE
                0x000000000010fb84       0xac ./gen/../tecsrust_uart_led_sample/target/armv7a-none-eabi/release/libitron.a(core-d049573bc16596f9.core.5587a85061e7188a-cgu.0.rcgu.o)
                0x000000000010fb84                core::num::fmt::Formatted::write
 .text._ZN72_$LT$core..num..error..TryFromIntError$u20$as$u20$core..fmt..Display$GT$3fmt17hce3ba6a6f2a6094bE
                0x000000000010fc30       0x20 ./gen/../tecsrust_uart_led_sample/target/armv7a-none-eabi/release/libitron.a(core-d049573bc16596f9.core.5587a85061e7188a-cgu.0.rcgu.o)
                0x000000000010fc30                <core::num::error::TryFromIntError as core::fmt::Display>::fmt
 .text._ZN70_$LT$core..num..error..ParseIntError$u20$as$u20$core..fmt..Display$GT$3fmt17hbaea7be47c23092bE
                0x000000000010fc50       0x34 ./gen/../tecsrust_uart_led_sample/target/armv7a-none-eabi/release/libitron.a(core-d049573bc16596f9.core.5587a85061e7188a-cgu.0.rcgu.o)
                0x000000000010fc50                <core::num::error::ParseIntError as core::fmt::Display>::fmt
 .text.unlikely._ZN4core3num9int_log1030panic_for_nonpositive_argument17h1277070ab48dc16bE
                0x000000000010fc84       0x40 ./gen/../tecsrust_uart_led_sample/target/armv7a-none-eabi/release/libitron.a(core-d049573bc16596f9.core.5587a85061e7188a-cgu.0.rcgu.o)
                0x000000000010fc84                core::num::int_log10::panic_for_nonpositive_argument
 .text.unlikely._ZN4core3num8int_sqrt27panic_for_negative_argument17h646ece1cae3b97dbE
                0x000000000010fcc4       0x40 ./gen/../tecsrust_uart_led_sample/target/armv7a-none-eabi/release/libitron.a(core-d049573bc16596f9.core.5587a85061e7188a-cgu.0.rcgu.o)
                0x000000000010fcc4                core::num::int_sqrt::panic_for_negative_argument
 .text.unlikely._ZN4core3num14overflow_panic3add17hf194787efb41c60bE
                0x000000000010fd04       0x40 ./gen/../tecsrust_uart_led_sample/target/armv7a-none-eabi/release/libitron.a(core-d049573bc16596f9.core.5587a85061e7188a-cgu.0.rcgu.o)
                0x000000000010fd04                core::num::overflow_panic::add
 .text.unlikely._ZN4core3num14overflow_panic3sub17he2e76c1521f0700fE
                0x000000000010fd44       0x40 ./gen/../tecsrust_uart_led_sample/target/armv7a-none-eabi/release/libitron.a(core-d049573bc16596f9.core.5587a85061e7188a-cgu.0.rcgu.o)
                0x000000000010fd44                core::num::overflow_panic::sub
 .text.unlikely._ZN4core3num14overflow_panic3mul17h60bfb5e03c5b71e3E
                0x000000000010fd84       0x40 ./gen/../tecsrust_uart_led_sample/target/armv7a-none-eabi/release/libitron.a(core-d049573bc16596f9.core.5587a85061e7188a-cgu.0.rcgu.o)
                0x000000000010fd84                core::num::overflow_panic::mul
 .text.unlikely._ZN4core3num14overflow_panic3div17h31ae6e9c5fc383d9E
                0x000000000010fdc4       0x40 ./gen/../tecsrust_uart_led_sample/target/armv7a-none-eabi/release/libitron.a(core-d049573bc16596f9.core.5587a85061e7188a-cgu.0.rcgu.o)
                0x000000000010fdc4                core::num::overflow_panic::div
 .text.unlikely._ZN4core3num14overflow_panic3rem17h60333cfee06b13cdE
                0x000000000010fe04       0x40 ./gen/../tecsrust_uart_led_sample/target/armv7a-none-eabi/release/libitron.a(core-d049573bc16596f9.core.5587a85061e7188a-cgu.0.rcgu.o)
                0x000000000010fe04                core::num::overflow_panic::rem
 .text.unlikely._ZN4core3num14overflow_panic3neg17h94a197b7d7b20279E
                0x000000000010fe44       0x40 ./gen/../tecsrust_uart_led_sample/target/armv7a-none-eabi/release/libitron.a(core-d049573bc16596f9.core.5587a85061e7188a-cgu.0.rcgu.o)
                0x000000000010fe44                core::num::overflow_panic::neg
 .text.unlikely._ZN4core3num14overflow_panic3shr17h1944cb74e27c390cE
                0x000000000010fe84       0x40 ./gen/../tecsrust_uart_led_sample/target/armv7a-none-eabi/release/libitron.a(core-d049573bc16596f9.core.5587a85061e7188a-cgu.0.rcgu.o)
                0x000000000010fe84                core::num::overflow_panic::shr
 .text.unlikely._ZN4core3num14overflow_panic3shl17hc7ecc243b6763a66E
                0x000000000010fec4       0x40 ./gen/../tecsrust_uart_led_sample/target/armv7a-none-eabi/release/libitron.a(core-d049573bc16596f9.core.5587a85061e7188a-cgu.0.rcgu.o)
                0x000000000010fec4                core::num::overflow_panic::shl
 .text.unlikely._ZN4core3num22from_ascii_radix_panic17h345174f03d72ebe3E
                0x000000000010ff04        0xc ./gen/../tecsrust_uart_led_sample/target/armv7a-none-eabi/release/libitron.a(core-d049573bc16596f9.core.5587a85061e7188a-cgu.0.rcgu.o)
                0x000000000010ff04                core::num::from_ascii_radix_panic
 .text._ZN76_$LT$core..mem..transmutability..Assume$u20$as$u20$core..ops..arith..Sub$GT$3sub17h21ed15b6645713d8E
                0x000000000010ff10       0x48 ./gen/../tecsrust_uart_led_sample/target/armv7a-none-eabi/release/libitron.a(core-d049573bc16596f9.core.5587a85061e7188a-cgu.0.rcgu.o)
                0x000000000010ff10                <core::mem::transmutability::Assume as core::ops::arith::Sub>::sub
 .text._ZN68_$LT$core..ptr..alignment..Alignment$u20$as$u20$core..fmt..Debug$GT$3fmt17hd2f4df9dbd6e2f86E
                0x000000000010ff58       0x88 ./gen/../tecsrust_uart_led_sample/target/armv7a-none-eabi/release/libitron.a(core-d049573bc16596f9.core.5587a85061e7188a-cgu.0.rcgu.o)
                0x000000000010ff58                <core::ptr::alignment::Alignment as core::fmt::Debug>::fmt
 .text._ZN69_$LT$core..ffi..c_str..CStr$u20$as$u20$core..clone..CloneToUninit$GT$15clone_to_uninit17h80a4ef3d92070d94E
                0x000000000010ffe0       0x20 ./gen/../tecsrust_uart_led_sample/target/armv7a-none-eabi/release/libitron.a(core-d049573bc16596f9.core.5587a85061e7188a-cgu.0.rcgu.o)
                0x000000000010ffe0                <core::ffi::c_str::CStr as core::clone::CloneToUninit>::clone_to_uninit
 .text._ZN57_$LT$core..error..Request$u20$as$u20$core..fmt..Debug$GT$3fmt17h5f561f753496d82cE
                0x0000000000110000       0x54 ./gen/../tecsrust_uart_led_sample/target/armv7a-none-eabi/release/libitron.a(core-d049573bc16596f9.core.5587a85061e7188a-cgu.0.rcgu.o)
                0x0000000000110000                <core::error::Request as core::fmt::Debug>::fmt
 .text._ZN78_$LT$core..error..Source$u20$as$u20$core..iter..traits..iterator..Iterator$GT$4next17h4a1fc4a2554e7eceE
                0x0000000000110054       0x4c ./gen/../tecsrust_uart_led_sample/target/armv7a-none-eabi/release/libitron.a(core-d049573bc16596f9.core.5587a85061e7188a-cgu.0.rcgu.o)
                0x0000000000110054                <core::error::Source as core::iter::traits::iterator::Iterator>::next
 .text._ZN64_$LT$core..ops..range..RangeFull$u20$as$u20$core..fmt..Debug$GT$3fmt17h424403ffd1288619E
                0x00000000001100a0       0x24 ./gen/../tecsrust_uart_led_sample/target/armv7a-none-eabi/release/libitron.a(core-d049573bc16596f9.core.5587a85061e7188a-cgu.0.rcgu.o)
                0x00000000001100a0                <core::ops::range::RangeFull as core::fmt::Debug>::fmt
 .text._ZN71_$LT$core..ops..range..Range$LT$Idx$GT$$u20$as$u20$core..fmt..Debug$GT$3fmt17ha953e6102122b0f8E
                0x00000000001100c4      0x1c8 ./gen/../tecsrust_uart_led_sample/target/armv7a-none-eabi/release/libitron.a(core-d049573bc16596f9.core.5587a85061e7188a-cgu.0.rcgu.o)
 .text._ZN105_$LT$dyn$u20$core..any..Any$u2b$core..marker..Sync$u2b$core..marker..Send$u20$as$u20$core..fmt..Debug$GT$3fmt17habd8592b3ad60da5E
                0x000000000011028c       0x54 ./gen/../tecsrust_uart_led_sample/target/armv7a-none-eabi/release/libitron.a(core-d049573bc16596f9.core.5587a85061e7188a-cgu.0.rcgu.o)
                0x000000000011028c                <dyn core::any::Any+core::marker::Send as core::fmt::Debug>::fmt
                0x000000000011028c                <dyn core::any::Any as core::fmt::Debug>::fmt
                0x000000000011028c                <dyn core::any::Any+core::marker::Sync+core::marker::Send as core::fmt::Debug>::fmt
 .text._ZN54_$LT$core..any..TypeId$u20$as$u20$core..fmt..Debug$GT$3fmt17h85ceed27d8f181fdE
                0x00000000001102e0       0x78 ./gen/../tecsrust_uart_led_sample/target/armv7a-none-eabi/release/libitron.a(core-d049573bc16596f9.core.5587a85061e7188a-cgu.0.rcgu.o)
                0x00000000001102e0                <core::any::TypeId as core::fmt::Debug>::fmt
 .text._ZN73_$LT$core..ascii..ascii_char..AsciiChar$u20$as$u20$core..fmt..Display$GT$3fmt17h8431bf4e4f9d1f68E
                0x0000000000110358       0x20 ./gen/../tecsrust_uart_led_sample/target/armv7a-none-eabi/release/libitron.a(core-d049573bc16596f9.core.5587a85061e7188a-cgu.0.rcgu.o)
                0x0000000000110358                <core::ascii::ascii_char::AsciiChar as core::fmt::Display>::fmt
 .text._ZN71_$LT$core..ascii..ascii_char..AsciiChar$u20$as$u20$core..fmt..Debug$GT$3fmt17h177c64a4e196f32cE
                0x0000000000110378      0x1a8 ./gen/../tecsrust_uart_led_sample/target/armv7a-none-eabi/release/libitron.a(core-d049573bc16596f9.core.5587a85061e7188a-cgu.0.rcgu.o)
                0x0000000000110378                <core::ascii::ascii_char::AsciiChar as core::fmt::Debug>::fmt
 .text._ZN4core5ascii14escape_default17h981d8e307eaaa916E
                0x0000000000110520       0x98 ./gen/../tecsrust_uart_led_sample/target/armv7a-none-eabi/release/libitron.a(core-d049573bc16596f9.core.5587a85061e7188a-cgu.0.rcgu.o)
                0x0000000000110520                core::ascii::escape_default
 .text._ZN65_$LT$core..ascii..EscapeDefault$u20$as$u20$core..fmt..Display$GT$3fmt17he735515427ec3f2cE
                0x00000000001105b8       0x30 ./gen/../tecsrust_uart_led_sample/target/armv7a-none-eabi/release/libitron.a(core-d049573bc16596f9.core.5587a85061e7188a-cgu.0.rcgu.o)
                0x00000000001105b8                <core::ascii::EscapeDefault as core::fmt::Display>::fmt
 .text._ZN63_$LT$core..ascii..EscapeDefault$u20$as$u20$core..fmt..Debug$GT$3fmt17h46f02f61de5321cbE
                0x00000000001105e8       0x54 ./gen/../tecsrust_uart_led_sample/target/armv7a-none-eabi/release/libitron.a(core-d049573bc16596f9.core.5587a85061e7188a-cgu.0.rcgu.o)
                0x00000000001105e8                <core::ascii::EscapeDefault as core::fmt::Debug>::fmt
 .text._ZN56_$LT$core..bstr..ByteStr$u20$as$u20$core..fmt..Debug$GT$3fmt17h8b572b2661a1de36E
                0x000000000011063c      0x310 ./gen/../tecsrust_uart_led_sample/target/armv7a-none-eabi/release/libitron.a(core-d049573bc16596f9.core.5587a85061e7188a-cgu.0.rcgu.o)
                0x000000000011063c                <core::bstr::ByteStr as core::fmt::Debug>::fmt
 .text._ZN58_$LT$core..bstr..ByteStr$u20$as$u20$core..fmt..Display$GT$3fmt17he4ae28f23ce65a58E
                0x000000000011094c      0x340 ./gen/../tecsrust_uart_led_sample/target/armv7a-none-eabi/release/libitron.a(core-d049573bc16596f9.core.5587a85061e7188a-cgu.0.rcgu.o)
                0x000000000011094c                <core::bstr::ByteStr as core::fmt::Display>::fmt
 .text.unlikely._ZN4core4cell4lazy14panic_poisoned17h8eb5d443042c4736E
                0x0000000000110c8c       0x44 ./gen/../tecsrust_uart_led_sample/target/armv7a-none-eabi/release/libitron.a(core-d049573bc16596f9.core.5587a85061e7188a-cgu.0.rcgu.o)
                0x0000000000110c8c                core::cell::lazy::panic_poisoned
 .text._ZN60_$LT$core..cell..BorrowError$u20$as$u20$core..fmt..Debug$GT$3fmt17h56da770da5e11014E
                0x0000000000110cd0       0x24 ./gen/../tecsrust_uart_led_sample/target/armv7a-none-eabi/release/libitron.a(core-d049573bc16596f9.core.5587a85061e7188a-cgu.0.rcgu.o)
                0x0000000000110cd0                <core::cell::BorrowError as core::fmt::Debug>::fmt
 .text._ZN62_$LT$core..cell..BorrowError$u20$as$u20$core..fmt..Display$GT$3fmt17h649aaf4112417b69E
                0x0000000000110cf4       0x20 ./gen/../tecsrust_uart_led_sample/target/armv7a-none-eabi/release/libitron.a(core-d049573bc16596f9.core.5587a85061e7188a-cgu.0.rcgu.o)
                0x0000000000110cf4                <core::cell::BorrowError as core::fmt::Display>::fmt
 .text._ZN63_$LT$core..cell..BorrowMutError$u20$as$u20$core..fmt..Debug$GT$3fmt17h5dd54cc4ab093714E
                0x0000000000110d14       0x24 ./gen/../tecsrust_uart_led_sample/target/armv7a-none-eabi/release/libitron.a(core-d049573bc16596f9.core.5587a85061e7188a-cgu.0.rcgu.o)
                0x0000000000110d14                <core::cell::BorrowMutError as core::fmt::Debug>::fmt
 .text._ZN65_$LT$core..cell..BorrowMutError$u20$as$u20$core..fmt..Display$GT$3fmt17h2f7647931a1ef38bE
                0x0000000000110d38       0x20 ./gen/../tecsrust_uart_led_sample/target/armv7a-none-eabi/release/libitron.a(core-d049573bc16596f9.core.5587a85061e7188a-cgu.0.rcgu.o)
                0x0000000000110d38                <core::cell::BorrowMutError as core::fmt::Display>::fmt
 .text.unlikely._ZN4core4cell22panic_already_borrowed17h058b49ead05ac00bE
                0x0000000000110d58       0x54 ./gen/../tecsrust_uart_led_sample/target/armv7a-none-eabi/release/libitron.a(core-d049573bc16596f9.core.5587a85061e7188a-cgu.0.rcgu.o)
                0x0000000000110d58                core::cell::panic_already_borrowed
 .text.unlikely._ZN4core4cell30panic_already_mutably_borrowed17h9c448cf1bc13461aE
                0x0000000000110dac       0x54 ./gen/../tecsrust_uart_led_sample/target/armv7a-none-eabi/release/libitron.a(core-d049573bc16596f9.core.5587a85061e7188a-cgu.0.rcgu.o)
                0x0000000000110dac                core::cell::panic_already_mutably_borrowed
 .text._ZN74_$LT$core..char..convert..ParseCharError$u20$as$u20$core..fmt..Display$GT$3fmt17hcaa7912ed162bf56E
                0x0000000000110e00       0x48 ./gen/../tecsrust_uart_led_sample/target/armv7a-none-eabi/release/libitron.a(core-d049573bc16596f9.core.5587a85061e7188a-cgu.0.rcgu.o)
                0x0000000000110e00                <core::char::convert::ParseCharError as core::fmt::Display>::fmt
 .text._ZN76_$LT$core..char..convert..CharTryFromError$u20$as$u20$core..fmt..Display$GT$3fmt17h19f1ba4eab42fadcE
                0x0000000000110e48       0x20 ./gen/../tecsrust_uart_led_sample/target/armv7a-none-eabi/release/libitron.a(core-d049573bc16596f9.core.5587a85061e7188a-cgu.0.rcgu.o)
                0x0000000000110e48                <core::char::convert::CharTryFromError as core::fmt::Display>::fmt
 .text._ZN75_$LT$core..char..decode..DecodeUtf16Error$u20$as$u20$core..fmt..Display$GT$3fmt17hdcf3babdf2cfe76aE
                0x0000000000110e68       0x54 ./gen/../tecsrust_uart_led_sample/target/armv7a-none-eabi/release/libitron.a(core-d049573bc16596f9.core.5587a85061e7188a-cgu.0.rcgu.o)
                0x0000000000110e68                <core::char::decode::DecodeUtf16Error as core::fmt::Display>::fmt
 .text._ZN4core4char7methods22_$LT$impl$u20$char$GT$16escape_debug_ext17hd46ad63d40b7f951E
                0x0000000000110ebc      0x3c0 ./gen/../tecsrust_uart_led_sample/target/armv7a-none-eabi/release/libitron.a(core-d049573bc16596f9.core.5587a85061e7188a-cgu.0.rcgu.o)
 .text._ZN64_$LT$core..char..EscapeDefault$u20$as$u20$core..fmt..Display$GT$3fmt17h38aec28b84124e92E
                0x000000000011127c       0x30 ./gen/../tecsrust_uart_led_sample/target/armv7a-none-eabi/release/libitron.a(core-d049573bc16596f9.core.5587a85061e7188a-cgu.0.rcgu.o)
                0x000000000011127c                <core::char::EscapeUnicode as core::fmt::Display>::fmt
                0x000000000011127c                <core::char::EscapeDefault as core::fmt::Display>::fmt
 .text._ZN62_$LT$core..char..EscapeDebug$u20$as$u20$core..fmt..Display$GT$3fmt17hafc69afb2cba63d2E
                0x00000000001112ac       0x50 ./gen/../tecsrust_uart_led_sample/target/armv7a-none-eabi/release/libitron.a(core-d049573bc16596f9.core.5587a85061e7188a-cgu.0.rcgu.o)
                0x00000000001112ac                <core::char::EscapeDebug as core::fmt::Display>::fmt
 .text._ZN86_$LT$core..char..CaseMappingIter$u20$as$u20$core..iter..traits..iterator..Iterator$GT$4next17h387613f301dd4fd8E
                0x00000000001112fc       0x28 ./gen/../tecsrust_uart_led_sample/target/armv7a-none-eabi/release/libitron.a(core-d049573bc16596f9.core.5587a85061e7188a-cgu.0.rcgu.o)
                0x00000000001112fc                <core::char::CaseMappingIter as core::iter::traits::iterator::Iterator>::next
 .text._ZN86_$LT$core..char..CaseMappingIter$u20$as$u20$core..iter..traits..iterator..Iterator$GT$5count17h9c99394d14e09439E
                0x0000000000111324       0x14 ./gen/../tecsrust_uart_led_sample/target/armv7a-none-eabi/release/libitron.a(core-d049573bc16596f9.core.5587a85061e7188a-cgu.0.rcgu.o)
                0x0000000000111324                <core::char::CaseMappingIter as core::iter::traits::iterator::Iterator>::count
 .text._ZN86_$LT$core..char..CaseMappingIter$u20$as$u20$core..iter..traits..iterator..Iterator$GT$4last17h4812d7f7192ee524E
                0x0000000000111338       0x40 ./gen/../tecsrust_uart_led_sample/target/armv7a-none-eabi/release/libitron.a(core-d049573bc16596f9.core.5587a85061e7188a-cgu.0.rcgu.o)
                0x0000000000111338                <core::char::CaseMappingIter as core::iter::traits::iterator::Iterator>::last
 .text._ZN86_$LT$core..char..CaseMappingIter$u20$as$u20$core..iter..traits..iterator..Iterator$GT$10advance_by17h0f8a06432075b566E
                0x0000000000111378       0x28 ./gen/../tecsrust_uart_led_sample/target/armv7a-none-eabi/release/libitron.a(core-d049573bc16596f9.core.5587a85061e7188a-cgu.0.rcgu.o)
                0x0000000000111378                <core::char::CaseMappingIter as core::iter::traits::iterator::Iterator>::advance_by
 .text._ZN86_$LT$core..char..CaseMappingIter$u20$as$u20$core..iter..traits..iterator..Iterator$GT$24__iterator_get_unchecked17hee300516a572f4b8E
                0x00000000001113a0       0x1c ./gen/../tecsrust_uart_led_sample/target/armv7a-none-eabi/release/libitron.a(core-d049573bc16596f9.core.5587a85061e7188a-cgu.0.rcgu.o)
                0x00000000001113a0                <core::char::CaseMappingIter as core::iter::traits::iterator::Iterator>::__iterator_get_unchecked
 .text._ZN101_$LT$core..char..CaseMappingIter$u20$as$u20$core..iter..traits..double_ended..DoubleEndedIterator$GT$9next_back17h0013dfa0a23bb5c3E
                0x00000000001113bc       0x2c ./gen/../tecsrust_uart_led_sample/target/armv7a-none-eabi/release/libitron.a(core-d049573bc16596f9.core.5587a85061e7188a-cgu.0.rcgu.o)
                0x00000000001113bc                <core::char::CaseMappingIter as core::iter::traits::double_ended::DoubleEndedIterator>::next_back
 .text._ZN101_$LT$core..char..CaseMappingIter$u20$as$u20$core..iter..traits..double_ended..DoubleEndedIterator$GT$15advance_back_by17h0e7ec4b92a9eb744E
                0x00000000001113e8       0x28 ./gen/../tecsrust_uart_led_sample/target/armv7a-none-eabi/release/libitron.a(core-d049573bc16596f9.core.5587a85061e7188a-cgu.0.rcgu.o)
                0x00000000001113e8                <core::char::CaseMappingIter as core::iter::traits::double_ended::DoubleEndedIterator>::advance_back_by
 .text._ZN67_$LT$core..char..TryFromCharError$u20$as$u20$core..fmt..Display$GT$3fmt17hbf1b0a686f8a1a69E
                0x0000000000111410       0x20 ./gen/../tecsrust_uart_led_sample/target/armv7a-none-eabi/release/libitron.a(core-d049573bc16596f9.core.5587a85061e7188a-cgu.0.rcgu.o)
                0x0000000000111410                <core::char::TryFromCharError as core::fmt::Display>::fmt
 .text._ZN79_$LT$core..ffi..c_str..FromBytesUntilNulError$u20$as$u20$core..fmt..Display$GT$3fmt17h71f2c90ca2a80addE
                0x0000000000111430       0x24 ./gen/../tecsrust_uart_led_sample/target/armv7a-none-eabi/release/libitron.a(core-d049573bc16596f9.core.5587a85061e7188a-cgu.0.rcgu.o)
                0x0000000000111430                <core::ffi::c_str::FromBytesUntilNulError as core::fmt::Display>::fmt
 .text._ZN59_$LT$core..ffi..c_str..CStr$u20$as$u20$core..fmt..Debug$GT$3fmt17h36ba4289086816d4E
                0x0000000000111454       0x7c ./gen/../tecsrust_uart_led_sample/target/armv7a-none-eabi/release/libitron.a(core-d049573bc16596f9.core.5587a85061e7188a-cgu.0.rcgu.o)
                0x0000000000111454                <core::ffi::c_str::CStr as core::fmt::Debug>::fmt
 .text._ZN78_$LT$core..ffi..c_str..FromBytesWithNulError$u20$as$u20$core..fmt..Display$GT$3fmt17hd6785df6bd44c25dE
                0x00000000001114d0       0xc4 ./gen/../tecsrust_uart_led_sample/target/armv7a-none-eabi/release/libitron.a(core-d049573bc16596f9.core.5587a85061e7188a-cgu.0.rcgu.o)
                0x00000000001114d0                <core::ffi::c_str::FromBytesWithNulError as core::fmt::Display>::fmt
 .text._ZN4core3ffi5c_str4CStr20from_bytes_until_nul17h223b6a3545723cc2E
                0x0000000000111594      0x1b8 ./gen/../tecsrust_uart_led_sample/target/armv7a-none-eabi/release/libitron.a(core-d049573bc16596f9.core.5587a85061e7188a-cgu.0.rcgu.o)
                0x0000000000111594                core::ffi::c_str::CStr::from_bytes_until_nul
 .text._ZN4core3ffi5c_str4CStr19from_bytes_with_nul17h924bc5b5323bf05eE
                0x000000000011174c      0x1cc ./gen/../tecsrust_uart_led_sample/target/armv7a-none-eabi/release/libitron.a(core-d049573bc16596f9.core.5587a85061e7188a-cgu.0.rcgu.o)
                0x000000000011174c                core::ffi::c_str::CStr::from_bytes_with_nul
 .text._ZN4core3ffi5c_str4CStr6to_str17hc1faa40fb638a30eE
                0x0000000000111918       0x14 ./gen/../tecsrust_uart_led_sample/target/armv7a-none-eabi/release/libitron.a(core-d049573bc16596f9.core.5587a85061e7188a-cgu.0.rcgu.o)
                0x0000000000111918                core::ffi::c_str::CStr::to_str
 .text._ZN67_$LT$core..ffi..va_list..VaListImpl$u20$as$u20$core..fmt..Debug$GT$3fmt17hd26f911d47b97956E
                0x000000000011192c       0x54 ./gen/../tecsrust_uart_led_sample/target/armv7a-none-eabi/release/libitron.a(core-d049573bc16596f9.core.5587a85061e7188a-cgu.0.rcgu.o)
                0x000000000011192c                <core::ffi::va_list::VaListImpl as core::fmt::Debug>::fmt
 .text._ZN54_$LT$core..ffi..c_void$u20$as$u20$core..fmt..Debug$GT$3fmt17h3b27b77d454a7b00E
                0x0000000000111980       0x24 ./gen/../tecsrust_uart_led_sample/target/armv7a-none-eabi/release/libitron.a(core-d049573bc16596f9.core.5587a85061e7188a-cgu.0.rcgu.o)
                0x0000000000111980                <core::ffi::c_void as core::fmt::Debug>::fmt
 .text._ZN72_$LT$core..io..borrowed_buf..BorrowedBuf$u20$as$u20$core..fmt..Debug$GT$3fmt17h8c5373e369933a1eE
                0x00000000001119a4      0x114 ./gen/../tecsrust_uart_led_sample/target/armv7a-none-eabi/release/libitron.a(core-d049573bc16596f9.core.5587a85061e7188a-cgu.0.rcgu.o)
                0x00000000001119a4                <core::io::borrowed_buf::BorrowedBuf as core::fmt::Debug>::fmt
 .text._ZN86_$LT$core..net..display_buffer..DisplayBuffer$LT$_$GT$$u20$as$u20$core..fmt..Write$GT$9write_str17h297baed95332eae7E
                0x0000000000111ab8       0x48 ./gen/../tecsrust_uart_led_sample/target/armv7a-none-eabi/release/libitron.a(core-d049573bc16596f9.core.5587a85061e7188a-cgu.0.rcgu.o)
 .text._ZN86_$LT$core..net..display_buffer..DisplayBuffer$LT$_$GT$$u20$as$u20$core..fmt..Write$GT$9write_str17h839f220912462241E
                0x0000000000111b00       0x48 ./gen/../tecsrust_uart_led_sample/target/armv7a-none-eabi/release/libitron.a(core-d049573bc16596f9.core.5587a85061e7188a-cgu.0.rcgu.o)
 .text._ZN86_$LT$core..net..display_buffer..DisplayBuffer$LT$_$GT$$u20$as$u20$core..fmt..Write$GT$9write_str17h8badf8473d9a4002E
                0x0000000000111b48       0x48 ./gen/../tecsrust_uart_led_sample/target/armv7a-none-eabi/release/libitron.a(core-d049573bc16596f9.core.5587a85061e7188a-cgu.0.rcgu.o)
 .text._ZN86_$LT$core..net..display_buffer..DisplayBuffer$LT$_$GT$$u20$as$u20$core..fmt..Write$GT$9write_str17hd35c8bb425293b8bE
                0x0000000000111b90       0x48 ./gen/../tecsrust_uart_led_sample/target/armv7a-none-eabi/release/libitron.a(core-d049573bc16596f9.core.5587a85061e7188a-cgu.0.rcgu.o)
 .text._ZN65_$LT$core..net..ip_addr..IpAddr$u20$as$u20$core..fmt..Display$GT$3fmt17h3168c33a3915df90E
                0x0000000000111bd8       0x24 ./gen/../tecsrust_uart_led_sample/target/armv7a-none-eabi/release/libitron.a(core-d049573bc16596f9.core.5587a85061e7188a-cgu.0.rcgu.o)
                0x0000000000111bd8                <core::net::ip_addr::IpAddr as core::fmt::Display>::fmt
 .text._ZN63_$LT$core..net..ip_addr..IpAddr$u20$as$u20$core..fmt..Debug$GT$3fmt17hfda05f36d5a749a6E
                0x0000000000111bfc       0x24 ./gen/../tecsrust_uart_led_sample/target/armv7a-none-eabi/release/libitron.a(core-d049573bc16596f9.core.5587a85061e7188a-cgu.0.rcgu.o)
                0x0000000000111bfc                <core::net::ip_addr::IpAddr as core::fmt::Debug>::fmt
 .text._ZN67_$LT$core..net..ip_addr..Ipv4Addr$u20$as$u20$core..fmt..Display$GT$3fmt17h8a7f4864e9af7f6bE
                0x0000000000111c20      0x194 ./gen/../tecsrust_uart_led_sample/target/armv7a-none-eabi/release/libitron.a(core-d049573bc16596f9.core.5587a85061e7188a-cgu.0.rcgu.o)
                0x0000000000111c20                <core::net::ip_addr::Ipv4Addr as core::fmt::Display>::fmt
 .text._ZN65_$LT$core..net..ip_addr..Ipv4Addr$u20$as$u20$core..fmt..Debug$GT$3fmt17h6a51679a1ff6e7e2E
                0x0000000000111db4       0x10 ./gen/../tecsrust_uart_led_sample/target/armv7a-none-eabi/release/libitron.a(core-d049573bc16596f9.core.5587a85061e7188a-cgu.0.rcgu.o)
                0x0000000000111db4                <core::net::ip_addr::Ipv4Addr as core::fmt::Debug>::fmt
 .text._ZN67_$LT$core..net..ip_addr..Ipv6Addr$u20$as$u20$core..fmt..Display$GT$3fmt17ha09719cd9f4aecf6E
                0x0000000000111dc4      0x824 ./gen/../tecsrust_uart_led_sample/target/armv7a-none-eabi/release/libitron.a(core-d049573bc16596f9.core.5587a85061e7188a-cgu.0.rcgu.o)
                0x0000000000111dc4                <core::net::ip_addr::Ipv6Addr as core::fmt::Display>::fmt
 .text._ZN67_$LT$core..net..ip_addr..Ipv6Addr$u20$as$u20$core..fmt..Display$GT$3fmt12fmt_subslice17hba89c8432023046dE
                0x00000000001125e8      0x130 ./gen/../tecsrust_uart_led_sample/target/armv7a-none-eabi/release/libitron.a(core-d049573bc16596f9.core.5587a85061e7188a-cgu.0.rcgu.o)
 .text._ZN65_$LT$core..net..ip_addr..Ipv6Addr$u20$as$u20$core..fmt..Debug$GT$3fmt17hd7b6c05483d437dbE
                0x0000000000112718       0x10 ./gen/../tecsrust_uart_led_sample/target/armv7a-none-eabi/release/libitron.a(core-d049573bc16596f9.core.5587a85061e7188a-cgu.0.rcgu.o)
                0x0000000000112718                <core::net::ip_addr::Ipv6Addr as core::fmt::Debug>::fmt
 .text._ZN4core3net6parser6Parser11read_number28_$u7b$$u7b$closure$u7d$$u7d$17hcfdf77b7d41ca56bE
                0x0000000000112728      0x304 ./gen/../tecsrust_uart_led_sample/target/armv7a-none-eabi/release/libitron.a(core-d049573bc16596f9.core.5587a85061e7188a-cgu.0.rcgu.o)
 .text._ZN4core3net6parser6Parser14read_ipv4_addr17h3efba67ec1312042E
                0x0000000000112a2c      0x37c ./gen/../tecsrust_uart_led_sample/target/armv7a-none-eabi/release/libitron.a(core-d049573bc16596f9.core.5587a85061e7188a-cgu.0.rcgu.o)
 .text._ZN4core3net6parser6Parser14read_ipv6_addr17h54c8b5ef622aafb8E
                0x0000000000112da8      0x224 ./gen/../tecsrust_uart_led_sample/target/armv7a-none-eabi/release/libitron.a(core-d049573bc16596f9.core.5587a85061e7188a-cgu.0.rcgu.o)
 .text._ZN4core3net6parser6Parser14read_ipv6_addr11read_groups17h16f736446e4eaddeE
                0x0000000000112fcc      0x230 ./gen/../tecsrust_uart_led_sample/target/armv7a-none-eabi/release/libitron.a(core-d049573bc16596f9.core.5587a85061e7188a-cgu.0.rcgu.o)
 .text._ZN4core3net6parser6Parser19read_socket_addr_v617hb4d45e4b5ba1a4d4E
                0x00000000001131fc      0x278 ./gen/../tecsrust_uart_led_sample/target/armv7a-none-eabi/release/libitron.a(core-d049573bc16596f9.core.5587a85061e7188a-cgu.0.rcgu.o)
 .text._ZN4core3net6parser44_$LT$impl$u20$core..net..ip_addr..IpAddr$GT$11parse_ascii17hd7ed4f332f3caa79E
                0x0000000000113474      0x168 ./gen/../tecsrust_uart_led_sample/target/armv7a-none-eabi/release/libitron.a(core-d049573bc16596f9.core.5587a85061e7188a-cgu.0.rcgu.o)
                0x0000000000113474                core::net::parser::<impl core::net::ip_addr::IpAddr>::parse_ascii
 .text._ZN4core3net6parser83_$LT$impl$u20$core..str..traits..FromStr$u20$for$u20$core..net..ip_addr..IpAddr$GT$8from_str17h49e46cb50b46901eE
                0x00000000001135dc      0x168 ./gen/../tecsrust_uart_led_sample/target/armv7a-none-eabi/release/libitron.a(core-d049573bc16596f9.core.5587a85061e7188a-cgu.0.rcgu.o)
                0x00000000001135dc                core::net::parser::<impl core::str::traits::FromStr for core::net::ip_addr::IpAddr>::from_str
 .text._ZN4core3net6parser46_$LT$impl$u20$core..net..ip_addr..Ipv4Addr$GT$11parse_ascii17h8028e1785cb7be5fE
                0x0000000000113744       0x9c ./gen/../tecsrust_uart_led_sample/target/armv7a-none-eabi/release/libitron.a(core-d049573bc16596f9.core.5587a85061e7188a-cgu.0.rcgu.o)
                0x0000000000113744                core::net::parser::<impl core::net::ip_addr::Ipv4Addr>::parse_ascii
 .text._ZN4core3net6parser85_$LT$impl$u20$core..str..traits..FromStr$u20$for$u20$core..net..ip_addr..Ipv4Addr$GT$8from_str17hc3217d4e0e33b7d5E
                0x00000000001137e0       0x9c ./gen/../tecsrust_uart_led_sample/target/armv7a-none-eabi/release/libitron.a(core-d049573bc16596f9.core.5587a85061e7188a-cgu.0.rcgu.o)
                0x00000000001137e0                core::net::parser::<impl core::str::traits::FromStr for core::net::ip_addr::Ipv4Addr>::from_str
 .text._ZN4core3net6parser46_$LT$impl$u20$core..net..ip_addr..Ipv6Addr$GT$11parse_ascii17h767d275eb73823beE
                0x000000000011387c       0x8c ./gen/../tecsrust_uart_led_sample/target/armv7a-none-eabi/release/libitron.a(core-d049573bc16596f9.core.5587a85061e7188a-cgu.0.rcgu.o)
                0x000000000011387c                core::net::parser::<impl core::net::ip_addr::Ipv6Addr>::parse_ascii
 .text._ZN4core3net6parser85_$LT$impl$u20$core..str..traits..FromStr$u20$for$u20$core..net..ip_addr..Ipv6Addr$GT$8from_str17h685b7483d3d506d7E
                0x0000000000113908       0x8c ./gen/../tecsrust_uart_led_sample/target/armv7a-none-eabi/release/libitron.a(core-d049573bc16596f9.core.5587a85061e7188a-cgu.0.rcgu.o)
                0x0000000000113908                core::net::parser::<impl core::str::traits::FromStr for core::net::ip_addr::Ipv6Addr>::from_str
 .text._ZN4core3net6parser54_$LT$impl$u20$core..net..socket_addr..SocketAddrV4$GT$11parse_ascii17hc07de5cf09e25fb1E
                0x0000000000113994       0xfc ./gen/../tecsrust_uart_led_sample/target/armv7a-none-eabi/release/libitron.a(core-d049573bc16596f9.core.5587a85061e7188a-cgu.0.rcgu.o)
                0x0000000000113994                core::net::parser::<impl core::net::socket_addr::SocketAddrV4>::parse_ascii
 .text._ZN4core3net6parser93_$LT$impl$u20$core..str..traits..FromStr$u20$for$u20$core..net..socket_addr..SocketAddrV4$GT$8from_str17h5883a36bbe26488dE
                0x0000000000113a90       0xfc ./gen/../tecsrust_uart_led_sample/target/armv7a-none-eabi/release/libitron.a(core-d049573bc16596f9.core.5587a85061e7188a-cgu.0.rcgu.o)
                0x0000000000113a90                core::net::parser::<impl core::str::traits::FromStr for core::net::socket_addr::SocketAddrV4>::from_str
 .text._ZN4core3net6parser54_$LT$impl$u20$core..net..socket_addr..SocketAddrV6$GT$11parse_ascii17hbe6498756ef255a7E
                0x0000000000113b8c       0x7c ./gen/../tecsrust_uart_led_sample/target/armv7a-none-eabi/release/libitron.a(core-d049573bc16596f9.core.5587a85061e7188a-cgu.0.rcgu.o)
                0x0000000000113b8c                core::net::parser::<impl core::net::socket_addr::SocketAddrV6>::parse_ascii
 .text._ZN4core3net6parser93_$LT$impl$u20$core..str..traits..FromStr$u20$for$u20$core..net..socket_addr..SocketAddrV6$GT$8from_str17hf8a18b6a5bf3759eE
                0x0000000000113c08       0x7c ./gen/../tecsrust_uart_led_sample/target/armv7a-none-eabi/release/libitron.a(core-d049573bc16596f9.core.5587a85061e7188a-cgu.0.rcgu.o)
                0x0000000000113c08                core::net::parser::<impl core::str::traits::FromStr for core::net::socket_addr::SocketAddrV6>::from_str
 .text._ZN4core3net6parser52_$LT$impl$u20$core..net..socket_addr..SocketAddr$GT$11parse_ascii17h32c0686e61a62a97E
                0x0000000000113c84      0x18c ./gen/../tecsrust_uart_led_sample/target/armv7a-none-eabi/release/libitron.a(core-d049573bc16596f9.core.5587a85061e7188a-cgu.0.rcgu.o)
                0x0000000000113c84                core::net::parser::<impl core::net::socket_addr::SocketAddr>::parse_ascii
 .text._ZN4core3net6parser91_$LT$impl$u20$core..str..traits..FromStr$u20$for$u20$core..net..socket_addr..SocketAddr$GT$8from_str17he89fdbe831fc4256E
                0x0000000000113e10       0x10 ./gen/../tecsrust_uart_led_sample/target/armv7a-none-eabi/release/libitron.a(core-d049573bc16596f9.core.5587a85061e7188a-cgu.0.rcgu.o)
                0x0000000000113e10                core::net::parser::<impl core::str::traits::FromStr for core::net::socket_addr::SocketAddr>::from_str
 .text._ZN72_$LT$core..net..parser..AddrParseError$u20$as$u20$core..fmt..Display$GT$3fmt17hd7f7df04664d2864E
                0x0000000000113e20       0x38 ./gen/../tecsrust_uart_led_sample/target/armv7a-none-eabi/release/libitron.a(core-d049573bc16596f9.core.5587a85061e7188a-cgu.0.rcgu.o)
                0x0000000000113e20                <core::net::parser::AddrParseError as core::fmt::Display>::fmt
 .text._ZN73_$LT$core..net..socket_addr..SocketAddr$u20$as$u20$core..fmt..Display$GT$3fmt17hd0e981e04411525aE
                0x0000000000113e58       0x2c ./gen/../tecsrust_uart_led_sample/target/armv7a-none-eabi/release/libitron.a(core-d049573bc16596f9.core.5587a85061e7188a-cgu.0.rcgu.o)
                0x0000000000113e58                <core::net::socket_addr::SocketAddr as core::fmt::Display>::fmt
 .text._ZN71_$LT$core..net..socket_addr..SocketAddr$u20$as$u20$core..fmt..Debug$GT$3fmt17hd95cf7ae4353c951E
                0x0000000000113e84       0x2c ./gen/../tecsrust_uart_led_sample/target/armv7a-none-eabi/release/libitron.a(core-d049573bc16596f9.core.5587a85061e7188a-cgu.0.rcgu.o)
                0x0000000000113e84                <core::net::socket_addr::SocketAddr as core::fmt::Debug>::fmt
 .text._ZN75_$LT$core..net..socket_addr..SocketAddrV4$u20$as$u20$core..fmt..Display$GT$3fmt17hb358e369cb8dcc74E
                0x0000000000113eb0      0x16c ./gen/../tecsrust_uart_led_sample/target/armv7a-none-eabi/release/libitron.a(core-d049573bc16596f9.core.5587a85061e7188a-cgu.0.rcgu.o)
                0x0000000000113eb0                <core::net::socket_addr::SocketAddrV4 as core::fmt::Display>::fmt
 .text._ZN73_$LT$core..net..socket_addr..SocketAddrV4$u20$as$u20$core..fmt..Debug$GT$3fmt17h47d2c03dbc6abbf5E
                0x000000000011401c       0x10 ./gen/../tecsrust_uart_led_sample/target/armv7a-none-eabi/release/libitron.a(core-d049573bc16596f9.core.5587a85061e7188a-cgu.0.rcgu.o)
                0x000000000011401c                <core::net::socket_addr::SocketAddrV4 as core::fmt::Debug>::fmt
 .text._ZN75_$LT$core..net..socket_addr..SocketAddrV6$u20$as$u20$core..fmt..Display$GT$3fmt17hb242d5ced67c2003E
                0x000000000011402c      0x298 ./gen/../tecsrust_uart_led_sample/target/armv7a-none-eabi/release/libitron.a(core-d049573bc16596f9.core.5587a85061e7188a-cgu.0.rcgu.o)
                0x000000000011402c                <core::net::socket_addr::SocketAddrV6 as core::fmt::Display>::fmt
 .text._ZN73_$LT$core..net..socket_addr..SocketAddrV6$u20$as$u20$core..fmt..Debug$GT$3fmt17h008793ff64f0e572E
                0x00000000001142c4       0x10 ./gen/../tecsrust_uart_led_sample/target/armv7a-none-eabi/release/libitron.a(core-d049573bc16596f9.core.5587a85061e7188a-cgu.0.rcgu.o)
                0x00000000001142c4                <core::net::socket_addr::SocketAddrV6 as core::fmt::Debug>::fmt
 .text.unlikely._ZN4core6option13unwrap_failed17h39a76a4d9e444e97E
                0x00000000001142d4       0x1c ./gen/../tecsrust_uart_led_sample/target/armv7a-none-eabi/release/libitron.a(core-d049573bc16596f9.core.5587a85061e7188a-cgu.0.rcgu.o)
                0x00000000001142d4                core::option::unwrap_failed
 .text.unlikely._ZN4core6option13expect_failed17hf032828b69e8f9cdE
                0x00000000001142f0       0x58 ./gen/../tecsrust_uart_led_sample/target/armv7a-none-eabi/release/libitron.a(core-d049573bc16596f9.core.5587a85061e7188a-cgu.0.rcgu.o)
                0x00000000001142f0                core::option::expect_failed
 .text._ZN73_$LT$core..panic..panic_info..PanicInfo$u20$as$u20$core..fmt..Display$GT$3fmt17he8ae0930573845dbE
                0x0000000000114348       0xfc ./gen/../tecsrust_uart_led_sample/target/armv7a-none-eabi/release/libitron.a(core-d049573bc16596f9.core.5587a85061e7188a-cgu.0.rcgu.o)
                0x0000000000114348                <core::panic::panic_info::PanicInfo as core::fmt::Display>::fmt
 .text.unlikely._ZN4core9panicking9panic_fmt17h5145975cf535bc42E
                0x0000000000114444       0x20 ./gen/../tecsrust_uart_led_sample/target/armv7a-none-eabi/release/libitron.a(core-d049573bc16596f9.core.5587a85061e7188a-cgu.0.rcgu.o)
                0x0000000000114444                core::panicking::panic_fmt
 .text.unlikely._ZN4core9panicking18panic_nounwind_fmt17h7e174a309b689b0fE
                0x0000000000114464       0x38 ./gen/../tecsrust_uart_led_sample/target/armv7a-none-eabi/release/libitron.a(core-d049573bc16596f9.core.5587a85061e7188a-cgu.0.rcgu.o)
                0x0000000000114464                core::panicking::panic_nounwind_fmt
 .text.unlikely._ZN4core9panicking5panic17h04eb6169f90051c3E
                0x000000000011449c       0x44 ./gen/../tecsrust_uart_led_sample/target/armv7a-none-eabi/release/libitron.a(core-d049573bc16596f9.core.5587a85061e7188a-cgu.0.rcgu.o)
                0x000000000011449c                core::panicking::panic
 .text.unlikely._ZN4core9panicking14panic_nounwind17hb8efc6a66a7c1fb5E
                0x00000000001144e0       0x48 ./gen/../tecsrust_uart_led_sample/target/armv7a-none-eabi/release/libitron.a(core-d049573bc16596f9.core.5587a85061e7188a-cgu.0.rcgu.o)
                0x00000000001144e0                core::panicking::panic_nounwind
 .text.unlikely._ZN4core9panicking26panic_nounwind_nobacktrace17hcf6b6f7ce89f1dabE
                0x0000000000114528       0x48 ./gen/../tecsrust_uart_led_sample/target/armv7a-none-eabi/release/libitron.a(core-d049573bc16596f9.core.5587a85061e7188a-cgu.0.rcgu.o)
                0x0000000000114528                core::panicking::panic_nounwind_nobacktrace
 .text.unlikely._ZN4core9panicking14panic_explicit17he7bebe483a3bfe34E
                0x0000000000114570       0x58 ./gen/../tecsrust_uart_led_sample/target/armv7a-none-eabi/release/libitron.a(core-d049573bc16596f9.core.5587a85061e7188a-cgu.0.rcgu.o)
                0x0000000000114570                core::panicking::panic_explicit
 .text.unlikely._ZN4core9panicking18panic_bounds_check17he2f51b500041724aE
                0x00000000001145c8       0x64 ./gen/../tecsrust_uart_led_sample/target/armv7a-none-eabi/release/libitron.a(core-d049573bc16596f9.core.5587a85061e7188a-cgu.0.rcgu.o)
                0x00000000001145c8                core::panicking::panic_bounds_check
 .text.unlikely._ZN4core9panicking36panic_misaligned_pointer_dereference17hca8f56f08697e9a1E
                0x000000000011462c       0x6c ./gen/../tecsrust_uart_led_sample/target/armv7a-none-eabi/release/libitron.a(core-d049573bc16596f9.core.5587a85061e7188a-cgu.0.rcgu.o)
                0x000000000011462c                core::panicking::panic_misaligned_pointer_dereference
 .text.unlikely._ZN4core9panicking30panic_null_pointer_dereference17hd07e38dada2babd1E
                0x0000000000114698       0x40 ./gen/../tecsrust_uart_led_sample/target/armv7a-none-eabi/release/libitron.a(core-d049573bc16596f9.core.5587a85061e7188a-cgu.0.rcgu.o)
                0x0000000000114698                core::panicking::panic_null_pointer_dereference
 .text.unlikely._ZN4core9panicking19panic_cannot_unwind17h88003aad7d959a86E
                0x00000000001146d8       0x18 ./gen/../tecsrust_uart_led_sample/target/armv7a-none-eabi/release/libitron.a(core-d049573bc16596f9.core.5587a85061e7188a-cgu.0.rcgu.o)
                0x00000000001146d8                core::panicking::panic_cannot_unwind
 .text.unlikely._ZN4core9panicking16panic_in_cleanup17he6ef00938a5a6327E
                0x00000000001146f0       0x18 ./gen/../tecsrust_uart_led_sample/target/armv7a-none-eabi/release/libitron.a(core-d049573bc16596f9.core.5587a85061e7188a-cgu.0.rcgu.o)
                0x00000000001146f0                core::panicking::panic_in_cleanup
 .text.unlikely._ZN4core9panicking15const_panic_fmt17h6a5d3cae6d10461cE
                0x0000000000114708       0x7c ./gen/../tecsrust_uart_led_sample/target/armv7a-none-eabi/release/libitron.a(core-d049573bc16596f9.core.5587a85061e7188a-cgu.0.rcgu.o)
                0x0000000000114708                core::panicking::const_panic_fmt
 .text.unlikely._ZN4core9panicking13assert_failed17h2f1d8849fc674a9bE
                0x0000000000114784       0x30 ./gen/../tecsrust_uart_led_sample/target/armv7a-none-eabi/release/libitron.a(core-d049573bc16596f9.core.5587a85061e7188a-cgu.0.rcgu.o)
                0x0000000000114784                core::panicking::assert_failed
 .text.unlikely._ZN4core9panicking13assert_failed17h8a42116d81ae2397E
                0x00000000001147b4       0x30 ./gen/../tecsrust_uart_led_sample/target/armv7a-none-eabi/release/libitron.a(core-d049573bc16596f9.core.5587a85061e7188a-cgu.0.rcgu.o)
                0x00000000001147b4                core::panicking::assert_failed
 .text._ZN84_$LT$core..panicking..assert_matches_failed..Pattern$u20$as$u20$core..fmt..Debug$GT$3fmt17h3bf79b8a4bc8fc51E
                0x00000000001147e4       0x24 ./gen/../tecsrust_uart_led_sample/target/armv7a-none-eabi/release/libitron.a(core-d049573bc16596f9.core.5587a85061e7188a-cgu.0.rcgu.o)
                0x00000000001147e4                <core::panicking::assert_matches_failed::Pattern as core::fmt::Debug>::fmt
 .text.unlikely._ZN4core9panicking19assert_failed_inner17h1f0479933a2bc628E
                0x0000000000114808      0x120 ./gen/../tecsrust_uart_led_sample/target/armv7a-none-eabi/release/libitron.a(core-d049573bc16596f9.core.5587a85061e7188a-cgu.0.rcgu.o)
                0x0000000000114808                core::panicking::assert_failed_inner
 .text._ZN48_$LT$char$u20$as$u20$core..pat..RangePattern$GT$7sub_one17hc1333cb071cfc1b6E
                0x0000000000114928       0x58 ./gen/../tecsrust_uart_led_sample/target/armv7a-none-eabi/release/libitron.a(core-d049573bc16596f9.core.5587a85061e7188a-cgu.0.rcgu.o)
                0x0000000000114928                <char as core::pat::RangePattern>::sub_one
 .text.unlikely._ZN4core6result13unwrap_failed17h238a41f9432ebe61E
                0x0000000000114980       0x6c ./gen/../tecsrust_uart_led_sample/target/armv7a-none-eabi/release/libitron.a(core-d049573bc16596f9.core.5587a85061e7188a-cgu.0.rcgu.o)
                0x0000000000114980                core::result::unwrap_failed
 .text._ZN67_$LT$core..sync..atomic..AtomicBool$u20$as$u20$core..fmt..Debug$GT$3fmt17h36e87f0defe65ad8E
                0x00000000001149ec       0x48 ./gen/../tecsrust_uart_led_sample/target/armv7a-none-eabi/release/libitron.a(core-d049573bc16596f9.core.5587a85061e7188a-cgu.0.rcgu.o)
                0x00000000001149ec                <core::sync::atomic::AtomicBool as core::fmt::Debug>::fmt
 .text._ZN4core3fmt8builders10PadAdapter4wrap17h8cec362b75ec2f49E
                0x0000000000114a34       0x38 ./gen/../tecsrust_uart_led_sample/target/armv7a-none-eabi/release/libitron.a(core-d049573bc16596f9.core.5587a85061e7188a-cgu.0.rcgu.o)
                0x0000000000114a34                core::fmt::builders::PadAdapter::wrap
 .text._ZN68_$LT$core..fmt..builders..PadAdapter$u20$as$u20$core..fmt..Write$GT$9write_str17hc81ad4e78c0c990cE
                0x0000000000114a6c      0x270 ./gen/../tecsrust_uart_led_sample/target/armv7a-none-eabi/release/libitron.a(core-d049573bc16596f9.core.5587a85061e7188a-cgu.0.rcgu.o)
                0x0000000000114a6c                <core::fmt::builders::PadAdapter as core::fmt::Write>::write_str
 .text._ZN68_$LT$core..fmt..builders..PadAdapter$u20$as$u20$core..fmt..Write$GT$10write_char17h121f3a024053ccfbE
                0x0000000000114cdc       0x6c ./gen/../tecsrust_uart_led_sample/target/armv7a-none-eabi/release/libitron.a(core-d049573bc16596f9.core.5587a85061e7188a-cgu.0.rcgu.o)
                0x0000000000114cdc                <core::fmt::builders::PadAdapter as core::fmt::Write>::write_char
 .text._ZN4core3fmt8builders11DebugStruct5field17h118827344b19fbe7E
                0x0000000000114d48      0x1d0 ./gen/../tecsrust_uart_led_sample/target/armv7a-none-eabi/release/libitron.a(core-d049573bc16596f9.core.5587a85061e7188a-cgu.0.rcgu.o)
                0x0000000000114d48                core::fmt::builders::DebugStruct::field
 .text._ZN4core3fmt8builders11DebugStruct21finish_non_exhaustive17ha59f74934d70120cE
                0x0000000000114f18       0xd4 ./gen/../tecsrust_uart_led_sample/target/armv7a-none-eabi/release/libitron.a(core-d049573bc16596f9.core.5587a85061e7188a-cgu.0.rcgu.o)
                0x0000000000114f18                core::fmt::builders::DebugStruct::finish_non_exhaustive
 .text._ZN4core3fmt8builders11DebugStruct6finish17h62dcffc385683e70E
                0x0000000000114fec       0x84 ./gen/../tecsrust_uart_led_sample/target/armv7a-none-eabi/release/libitron.a(core-d049573bc16596f9.core.5587a85061e7188a-cgu.0.rcgu.o)
                0x0000000000114fec                core::fmt::builders::DebugStruct::finish
 .text._ZN4core3fmt8builders10DebugTuple5field17hd25f2ea26ee9220fE
                0x0000000000115070      0x184 ./gen/../tecsrust_uart_led_sample/target/armv7a-none-eabi/release/libitron.a(core-d049573bc16596f9.core.5587a85061e7188a-cgu.0.rcgu.o)
                0x0000000000115070                core::fmt::builders::DebugTuple::field
 .text._ZN4core3fmt8builders10DebugTuple21finish_non_exhaustive17hbea2c5cc6d18b83cE
                0x00000000001151f4       0xe8 ./gen/../tecsrust_uart_led_sample/target/armv7a-none-eabi/release/libitron.a(core-d049573bc16596f9.core.5587a85061e7188a-cgu.0.rcgu.o)
                0x00000000001151f4                core::fmt::builders::DebugTuple::finish_non_exhaustive
 .text._ZN4core3fmt8builders10DebugTuple6finish17h75fa298d273b9537E
                0x00000000001152dc       0xb8 ./gen/../tecsrust_uart_led_sample/target/armv7a-none-eabi/release/libitron.a(core-d049573bc16596f9.core.5587a85061e7188a-cgu.0.rcgu.o)
                0x00000000001152dc                core::fmt::builders::DebugTuple::finish
 .text._ZN4core3fmt8builders8DebugSet5entry17h6f9f49712cdf1c8aE
                0x0000000000115394      0x174 ./gen/../tecsrust_uart_led_sample/target/armv7a-none-eabi/release/libitron.a(core-d049573bc16596f9.core.5587a85061e7188a-cgu.0.rcgu.o)
                0x0000000000115394                core::fmt::builders::DebugSet::entry
                0x0000000000115394                core::fmt::builders::DebugList::entry
 .text._ZN4core3fmt8builders8DebugSet21finish_non_exhaustive17h056b5628e91579d3E
                0x0000000000115508       0xd4 ./gen/../tecsrust_uart_led_sample/target/armv7a-none-eabi/release/libitron.a(core-d049573bc16596f9.core.5587a85061e7188a-cgu.0.rcgu.o)
                0x0000000000115508                core::fmt::builders::DebugSet::finish_non_exhaustive
 .text._ZN4core3fmt8builders8DebugSet6finish17hb775269289642050E
                0x00000000001155dc       0x40 ./gen/../tecsrust_uart_led_sample/target/armv7a-none-eabi/release/libitron.a(core-d049573bc16596f9.core.5587a85061e7188a-cgu.0.rcgu.o)
                0x00000000001155dc                core::fmt::builders::DebugSet::finish
 .text._ZN4core3fmt8builders9DebugList21finish_non_exhaustive17h0964252c95243519E
                0x000000000011561c       0xe4 ./gen/../tecsrust_uart_led_sample/target/armv7a-none-eabi/release/libitron.a(core-d049573bc16596f9.core.5587a85061e7188a-cgu.0.rcgu.o)
                0x000000000011561c                core::fmt::builders::DebugList::finish_non_exhaustive
 .text._ZN4core3fmt8builders9DebugList6finish17h95901bb8c72ebeaaE