Archive member included to satisfy reference by file (symbol)

./gen/../tecsrust_uart_led_sample/target/armv7a-none-eabi/release/libitron.a(itron-927bebc41834e651.itron.faadfb514e9fd45b-cgu.0.rcgu.o)
                              objs/kernel_cfg.o (tecs_rust_start_r_processor1_symmetric_uart_ini)
./gen/../tecsrust_uart_led_sample/target/armv7a-none-eabi/release/libitron.a(itron-ca7742246eb67e1a.itron.8e82c953f0654113-cgu.0.rcgu.o)
                              ./gen/../tecsrust_uart_led_sample/target/armv7a-none-eabi/release/libitron.a(itron-927bebc41834e651.itron.faadfb514e9fd45b-cgu.0.rcgu.o) (<itron::error::ErrorCode as core::fmt::Debug>::fmt)
./gen/../tecsrust_uart_led_sample/target/armv7a-none-eabi/release/libitron.a(core-30e5095c3d3ecedf.core.a8cae85694817e56-cgu.0.rcgu.o)
                              ./gen/../tecsrust_uart_led_sample/target/armv7a-none-eabi/release/libitron.a(itron-ca7742246eb67e1a.itron.8e82c953f0654113-cgu.0.rcgu.o) (core::fmt::write)
./gen/../tecsrust_uart_led_sample/target/armv7a-none-eabi/release/libitron.a(compiler_builtins-26194886dadfbd89.compiler_builtins.e9884b5babc42a42-cgu.106.rcgu.o)
                              ./gen/../tecsrust_uart_led_sample/target/armv7a-none-eabi/release/libitron.a(core-30e5095c3d3ecedf.core.a8cae85694817e56-cgu.0.rcgu.o) (memcmp)
./gen/../tecsrust_uart_led_sample/target/armv7a-none-eabi/release/libitron.a(compiler_builtins-26194886dadfbd89.compiler_builtins.e9884b5babc42a42-cgu.156.rcgu.o)
                              ./gen/../tecsrust_uart_led_sample/target/armv7a-none-eabi/release/libitron.a(core-30e5095c3d3ecedf.core.a8cae85694817e56-cgu.0.rcgu.o) (__aeabi_memclr8)
./gen/../tecsrust_uart_led_sample/target/armv7a-none-eabi/release/libitron.a(compiler_builtins-26194886dadfbd89.compiler_builtins.e9884b5babc42a42-cgu.172.rcgu.o)
                              ./gen/../tecsrust_uart_led_sample/target/armv7a-none-eabi/release/libitron.a(core-30e5095c3d3ecedf.core.a8cae85694817e56-cgu.0.rcgu.o) (__aeabi_ul2d)
./gen/../tecsrust_uart_led_sample/target/armv7a-none-eabi/release/libitron.a(compiler_builtins-26194886dadfbd89.compiler_builtins.e9884b5babc42a42-cgu.177.rcgu.o)
                              ./gen/../tecsrust_uart_led_sample/target/armv7a-none-eabi/release/libitron.a(core-30e5095c3d3ecedf.core.a8cae85694817e56-cgu.0.rcgu.o) (__aeabi_dcmplt)
./gen/../tecsrust_uart_led_sample/target/armv7a-none-eabi/release/libitron.a(compiler_builtins-26194886dadfbd89.compiler_builtins.e9884b5babc42a42-cgu.185.rcgu.o)
                              ./gen/../tecsrust_uart_led_sample/target/armv7a-none-eabi/release/libitron.a(core-30e5095c3d3ecedf.core.a8cae85694817e56-cgu.0.rcgu.o) (__aeabi_memclr4)
./gen/../tecsrust_uart_led_sample/target/armv7a-none-eabi/release/libitron.a(compiler_builtins-26194886dadfbd89.compiler_builtins.e9884b5babc42a42-cgu.188.rcgu.o)
                              ./gen/../tecsrust_uart_led_sample/target/armv7a-none-eabi/release/libitron.a(core-30e5095c3d3ecedf.core.a8cae85694817e56-cgu.0.rcgu.o) (__aeabi_memcpy4)
./gen/../tecsrust_uart_led_sample/target/armv7a-none-eabi/release/libitron.a(compiler_builtins-26194886dadfbd89.compiler_builtins.e9884b5babc42a42-cgu.204.rcgu.o)
                              ./gen/../tecsrust_uart_led_sample/target/armv7a-none-eabi/release/libitron.a(core-30e5095c3d3ecedf.core.a8cae85694817e56-cgu.0.rcgu.o) (__aeabi_fdiv)
./gen/../tecsrust_uart_led_sample/target/armv7a-none-eabi/release/libitron.a(compiler_builtins-26194886dadfbd89.compiler_builtins.e9884b5babc42a42-cgu.212.rcgu.o)
                              ./gen/../tecsrust_uart_led_sample/target/armv7a-none-eabi/release/libitron.a(core-30e5095c3d3ecedf.core.a8cae85694817e56-cgu.0.rcgu.o) (__aeabi_dmul)
./gen/../tecsrust_uart_led_sample/target/armv7a-none-eabi/release/libitron.a(compiler_builtins-26194886dadfbd89.compiler_builtins.e9884b5babc42a42-cgu.222.rcgu.o)
                              ./gen/../tecsrust_uart_led_sample/target/armv7a-none-eabi/release/libitron.a(core-30e5095c3d3ecedf.core.a8cae85694817e56-cgu.0.rcgu.o) (__aeabi_f2h)
./gen/../tecsrust_uart_led_sample/target/armv7a-none-eabi/release/libitron.a(compiler_builtins-26194886dadfbd89.compiler_builtins.e9884b5babc42a42-cgu.255.rcgu.o)
                              ./gen/../tecsrust_uart_led_sample/target/armv7a-none-eabi/release/libitron.a(core-30e5095c3d3ecedf.core.a8cae85694817e56-cgu.0.rcgu.o) (__aeabi_h2f)
./gen/../tecsrust_uart_led_sample/target/armv7a-none-eabi/release/libitron.a(compiler_builtins-26194886dadfbd89.compiler_builtins.e9884b5babc42a42-cgu.260.rcgu.o)
                              ./gen/../tecsrust_uart_led_sample/target/armv7a-none-eabi/release/libitron.a(core-30e5095c3d3ecedf.core.a8cae85694817e56-cgu.0.rcgu.o) (__aeabi_fmul)
./gen/../tecsrust_uart_led_sample/target/armv7a-none-eabi/release/libitron.a(compiler_builtins-26194886dadfbd89.compiler_builtins.e9884b5babc42a42-cgu.273.rcgu.o)
[...]
Memory Configuration

Name             Origin             Length             Attributes
RAM              0x0000000000100000 0x000000001ff00000 xrw
*default*        0x0000000000000000 0xffffffffffffffff

Linker script and memory map

                [!provide]                        PROVIDE (hardware_init_hook = 0x0)
                0x0000000000000000                PROVIDE (software_init_hook = 0x0)
                0x0000000000000000                PROVIDE (software_term_hook = 0x0)

.text           0x0000000000100000    0x3287c
                0x0000000000100000                __start_text = .
 *(.vector)
 .vector        0x0000000000100000       0x3c ./libkernel.a(core_support.o)
                0x0000000000100000                vector_table
                0x0000000000100020                vector_ref_table
 *(.text)
 .text          0x000000000010003c      0x11c objs/start.o
                0x000000000010003c                start
 .text          0x0000000000100158      0x42c objs/log_output.o
                0x0000000000100260                syslog_printf
                0x00000000001004f8                syslog_print
                0x000000000010054c                syslog_lostmsg
 .text          0x0000000000100584      0x2a8 objs/vasyslog.o
                0x0000000000100584                tt_syslog
 .text          0x000000000010082c       0x50 objs/t_perror.o
                0x000000000010082c                tt_perror
 .text          0x000000000010087c       0x24 objs/strerror.o
                0x000000000010087c                itron_strerror
 .text          0x00000000001008a0        0x4 objs/tTask_rProcessor1Migratable_tecsgen.o
                0x00000000001008a0                tTask_CB_initialize
 .text          0x00000000001008a4        0x4 objs/tSemaphore_rProcessor1Migratable_tecsgen.o
                0x00000000001008a4                tSemaphore_CB_initialize
 .text          0x00000000001008a8        0x4 objs/tInterruptRequest_rProcessor1Migratable_tecsgen.o
                0x00000000001008a8                tInterruptRequest_CB_initialize
 .text          0x00000000001008ac        0x4 objs/tISR_rProcessor1Migratable_tecsgen.o
                0x00000000001008ac                tISR_CB_initialize
 .text          0x00000000001008b0        0x4 objs/tTerminateRoutine_rProcessor1Migratable_tecsgen.o
                0x00000000001008b0                tTerminateRoutine_CB_initialize
 .text          0x00000000001008b4       0x50 objs/tSerialPortMain_rProcessor1Migratable_tecsgen.o
                0x00000000001008b4                tSerialPortMain_eSerialPort_open_skel
                0x00000000001008bc                tSerialPortMain_eSerialPort_close_skel
                0x00000000001008c4                tSerialPortMain_eSerialPort_read_skel
                0x00000000001008cc                tSerialPortMain_eSerialPort_write_skel
                0x00000000001008d4                tSerialPortMain_eSerialPort_control_skel
                0x00000000001008dc                tSerialPortMain_eSerialPort_refer_skel
                0x00000000001008e4                tSerialPortMain_CB_initialize
 .text          0x0000000000100904        0x4 objs/tSerialAdapter_rProcessor1Migratable_tecsgen.o
                0x0000000000100904                tSerialAdapter_CB_initialize
 .text          0x0000000000100908       0x38 objs/tSysLog_rProcessor1Migratable_tecsgen.o
                0x0000000000100908                tSysLog_CB_initialize
 .text          0x0000000000100940        0x4 objs/tSysLogAdapter_rProcessor1Migratable_tecsgen.o
                0x0000000000100940                tSysLogAdapter_CB_initialize
 .text          0x0000000000100944        0x8 objs/tLogTaskMain_rProcessor1Migratable_tecsgen.o
                0x0000000000100944                tLogTaskMain_eLogTaskTerminate_main_skel
                0x0000000000100948                tLogTaskMain_CB_initialize
 .text          0x000000000010094c        0x4 objs/tPutLogZyboZ7_rProcessor1Migratable_tecsgen.o
                0x000000000010094c                tPutLogZyboZ7_CB_initialize
 .text          0x0000000000100950       0x20 objs/tXUartPs_rProcessor1Migratable_tecsgen.o
                0x0000000000100950                tXUartPs_eTerminate_main_skel
                0x0000000000100958                tXUartPs_CB_initialize
 .text          0x0000000000100970        0x4 objs/tSIOPortZyboZ7Main_rProcessor1Migratable_tecsgen.o
                0x0000000000100970                tSIOPortZyboZ7Main_CB_initialize
 .text          0x0000000000100974        0x4 objs/tTask.o
                0x0000000000100974                tTask_start
 .text          0x0000000000100978        0x0 objs/tInterruptRequest.o
 .text          0x0000000000100978        0xc objs/tISR.o
                0x0000000000100978                tISR_start
 .text          0x0000000000100984       0x10 objs/tTerminateRoutine.o
                0x0000000000100984                tTerminateRoutine_start
 .text          0x0000000000100994      0x9e8 objs/tSerialPortMain.o
                0x0000000000100abc                tSerialPortMain_eSerialPort_open
                0x0000000000100ba0                tSerialPortMain_eSerialPort_close
                0x0000000000100c78                tSerialPortMain_eSerialPort_write
                0x0000000000100d84                tSerialPortMain_eSerialPort_read
                0x0000000000100fb8                tSerialPortMain_eSerialPort_control
                0x0000000000101008                tSerialPortMain_eSerialPort_refer
                0x0000000000101060                tSerialPortMain_eiSIOCBR_readySend
                0x000000000010112c                tSerialPortMain_eiSIOCBR_readyReceive
                0x0000000000101318                tSerialPortMain_enSerialPortManage_getChar
 .text          0x000000000010137c      0x258 objs/tSerialAdapter.o
                0x000000000010137c                serial_opn_por
                0x00000000001013d8                serial_cls_por
                0x0000000000101434                serial_rea_dat
                0x00000000001014a0                serial_wri_dat
                0x000000000010150c                serial_ctl_por
                0x0000000000101570                serial_ref_por
 .text          0x00000000001015d4      0x2cc objs/tSysLog.o
                0x00000000001015d8                tSysLog_eSysLog_write
                0x00000000001016f0                tSysLog_eSysLog_read
                0x0000000000101790                tSysLog_eSysLog_mask
                0x00000000001017c0                tSysLog_eSysLog_refer
                0x000000000010180c                tSysLog_eSysLog_flush
 .text          0x00000000001018a0       0x14 objs/tSysLogAdapter.o
                0x00000000001018a0                syslog_wri_log
                0x00000000001018a4                syslog_rea_log
                0x00000000001018a8                syslog_msk_log
                0x00000000001018ac                syslog_ref_log
                0x00000000001018b0                syslog_fls_log
 .text          0x00000000001018b4      0x21c objs/tLogTaskMain.o
                0x00000000001018b4                target_fput_log
                0x00000000001018e4                tLogTaskMain_eLogTask_flush
                0x0000000000101990                tLogTaskMain_eLogTaskBody_main
                0x0000000000101a10                tLogTaskMain_eLogTaskTerminate_main
 .text          0x0000000000101ad0       0x74 objs/tPutLogZyboZ7.o
                0x0000000000101ad0                tPutLogZyboZ7_initialize
                0x0000000000101af4                tPutLogZyboZ7_ePutLog_putChar
 .text          0x0000000000101b44      0x1f4 objs/tXUartPs.o
                0x0000000000101b44                tXUartPs_eTerminate_main
                0x0000000000101b84                tXUartPs_eSIOPort_open
                0x0000000000101bec                tXUartPs_eSIOPort_close
                0x0000000000101c1c                tXUartPs_eSIOPort_putChar
                0x0000000000101c3c                tXUartPs_eSIOPort_getChar
                0x0000000000101c5c                tXUartPs_eSIOPort_enableCBR
                0x0000000000101c90                tXUartPs_eSIOPort_disableCBR
                0x0000000000101cc4                tXUartPs_eiISR_main
 .text          0x0000000000101d38       0x3c objs/init_tecs.o
                0x0000000000101d38                initialize_tecs
 .text          0x0000000000101d74       0x74 objs/kernel_cfg.o
                0x0000000000101d74                _kernel_inthdr_82
                0x0000000000101db8                _kernel_initialize_object
 .text          0x0000000000101de8        0x0 ./gen/../tecsrust_uart_led_sample/target/armv7a-none-eabi/release/libitron.a(itron-927bebc41834e651.itron.faadfb514e9fd45b-cgu.0.rcgu.o)
 .text          0x0000000000101de8        0x0 ./gen/../tecsrust_uart_led_sample/target/armv7a-none-eabi/release/libitron.a(itron-ca7742246eb67e1a.itron.8e82c953f0654113-cgu.0.rcgu.o)
 .text          0x0000000000101de8        0x0 ./gen/../tecsrust_uart_led_sample/target/armv7a-none-eabi/release/libitron.a(core-30e5095c3d3ecedf.core.a8cae85694817e56-cgu.0.rcgu.o)
 .text          0x0000000000101de8        0x0 ./gen/../tecsrust_uart_led_sample/target/armv7a-none-eabi/release/libitron.a(compiler_builtins-26194886dadfbd89.compiler_builtins.e9884b5babc42a42-cgu.106.rcgu.o)
 .text          0x0000000000101de8        0x0 ./gen/../tecsrust_uart_led_sample/target/armv7a-none-eabi/release/libitron.a(compiler_builtins-26194886dadfbd89.compiler_builtins.e9884b5babc42a42-cgu.156.rcgu.o)
 .text          0x0000000000101de8        0x0 ./gen/../tecsrust_uart_led_sample/target/armv7a-none-eabi/release/libitron.a(compiler_builtins-26194886dadfbd89.compiler_builtins.e9884b5babc42a42-cgu.172.rcgu.o)
 .text          0x0000000000101de8        0x0 ./gen/../tecsrust_uart_led_sample/target/armv7a-none-eabi/release/libitron.a(compiler_builtins-26194886dadfbd89.compiler_builtins.e9884b5babc42a42-cgu.177.rcgu.o)
 .text          0x0000000000101de8        0x0 ./gen/../tecsrust_uart_led_sample/target/armv7a-none-eabi/release/libitron.a(compiler_builtins-26194886dadfbd89.compiler_builtins.e9884b5babc42a42-cgu.185.rcgu.o)
 .text          0x0000000000101de8        0x0 ./gen/../tecsrust_uart_led_sample/target/armv7a-none-eabi/release/libitron.a(compiler_builtins-26194886dadfbd89.compiler_builtins.e9884b5babc42a42-cgu.188.rcgu.o)
 .text          0x0000000000101de8        0x0 ./gen/../tecsrust_uart_led_sample/target/armv7a-none-eabi/release/libitron.a(compiler_builtins-26194886dadfbd89.compiler_builtins.e9884b5babc42a42-cgu.204.rcgu.o)
 .text          0x0000000000101de8        0x0 ./gen/../tecsrust_uart_led_sample/target/armv7a-none-eabi/release/libitron.a(compiler_builtins-26194886dadfbd89.compiler_builtins.e9884b5babc42a42-cgu.212.rcgu.o)
 .text          0x0000000000101de8        0x0 ./gen/../tecsrust_uart_led_sample/target/armv7a-none-eabi/release/libitron.a(compiler_builtins-26194886dadfbd89.compiler_builtins.e9884b5babc42a42-cgu.222.rcgu.o)
 .text          0x0000000000101de8        0x0 ./gen/../tecsrust_uart_led_sample/target/armv7a-none-eabi/release/libitron.a(compiler_builtins-26194886dadfbd89.compiler_builtins.e9884b5babc42a42-cgu.255.rcgu.o)
 .text          0x0000000000101de8        0x0 ./gen/../tecsrust_uart_led_sample/target/armv7a-none-eabi/release/libitron.a(compiler_builtins-26194886dadfbd89.compiler_builtins.e9884b5babc42a42-cgu.260.rcgu.o)
 .text          0x0000000000101de8        0x0 ./gen/../tecsrust_uart_led_sample/target/armv7a-none-eabi/release/libitron.a(compiler_builtins-26194886dadfbd89.compiler_builtins.e9884b5babc42a42-cgu.273.rcgu.o)
 .text          0x0000000000101de8        0x0 ./gen/../tecsrust_uart_led_sample/target/armv7a-none-eabi/release/libitron.a(compiler_builtins-26194886dadfbd89.compiler_builtins.e9884b5babc42a42-cgu.278.rcgu.o)
 .text          0x0000000000101de8        0x0 ./gen/../tecsrust_uart_led_sample/target/armv7a-none-eabi/release/libitron.a(compiler_builtins-26194886dadfbd89.compiler_builtins.e9884b5babc42a42-cgu.285.rcgu.o)
 .text          0x0000000000101de8        0x0 ./gen/../tecsrust_uart_led_sample/target/armv7a-none-eabi/release/libitron.a(compiler_builtins-26194886dadfbd89.compiler_builtins.e9884b5babc42a42-cgu.289.rcgu.o)
 .text          0x0000000000101de8        0x0 ./gen/../tecsrust_uart_led_sample/target/armv7a-none-eabi/release/libitron.a(compiler_builtins-26194886dadfbd89.compiler_builtins.e9884b5babc42a42-cgu.301.rcgu.o)
 .text          0x0000000000101de8        0x0 ./gen/../tecsrust_uart_led_sample/target/armv7a-none-eabi/release/libitron.a(compiler_builtins-26194886dadfbd89.compiler_builtins.e9884b5babc42a42-cgu.305.rcgu.o)
 .text          0x0000000000101de8        0x0 ./gen/../tecsrust_uart_led_sample/target/armv7a-none-eabi/release/libitron.a(compiler_builtins-26194886dadfbd89.compiler_builtins.e9884b5babc42a42-cgu.313.rcgu.o)
 .text          0x0000000000101de8        0x0 ./gen/../tecsrust_uart_led_sample/target/armv7a-none-eabi/release/libitron.a(compiler_builtins-26194886dadfbd89.compiler_builtins.e9884b5babc42a42-cgu.314.rcgu.o)
 .text          0x0000000000101de8        0x0 ./gen/../tecsrust_uart_led_sample/target/armv7a-none-eabi/release/libitron.a(compiler_builtins-26194886dadfbd89.compiler_builtins.e9884b5babc42a42-cgu.354.rcgu.o)
 .text          0x0000000000101de8        0x0 ./gen/../tecsrust_uart_led_sample/target/armv7a-none-eabi/release/libitron.a(compiler_builtins-26194886dadfbd89.compiler_builtins.e9884b5babc42a42-cgu.382.rcgu.o)
 .text          0x0000000000101de8        0x0 ./gen/../tecsrust_uart_led_sample/target/armv7a-none-eabi/release/libitron.a(compiler_builtins-26194886dadfbd89.compiler_builtins.e9884b5babc42a42-cgu.388.rcgu.o)
 .text          0x0000000000101de8        0x0 ./gen/../tecsrust_uart_led_sample/target/armv7a-none-eabi/release/libitron.a(compiler_builtins-26194886dadfbd89.compiler_builtins.e9884b5babc42a42-cgu.413.rcgu.o)
 .text          0x0000000000101de8        0x0 ./gen/../tecsrust_uart_led_sample/target/armv7a-none-eabi/release/libitron.a(compiler_builtins-26194886dadfbd89.compiler_builtins.e9884b5babc42a42-cgu.416.rcgu.o)
 .text          0x0000000000101de8      0x1e0 ./gen/../tecsrust_uart_led_sample/target/armv7a-none-eabi/release/libitron.a(63f8a0b8a638da8c-udivmodsi4.o)
                0x0000000000101de8                __udivmodsi4
 .text          0x0000000000101fc8      0x1d0 ./gen/../tecsrust_uart_led_sample/target/armv7a-none-eabi/release/libitron.a(63f8a0b8a638da8c-udivsi3.o)
                0x0000000000101fc8                __udivsi3
                0x0000000000101fc8                __aeabi_uidiv
 .text          0x0000000000102198        0x0 ./gen/../tecsrust_uart_led_sample/target/armv7a-none-eabi/release/libitron.a(compiler_builtins-26194886dadfbd89.compiler_builtins.e9884b5babc42a42-cgu.000.rcgu.o)
 .text          0x0000000000102198        0x0 ./gen/../tecsrust_uart_led_sample/target/armv7a-none-eabi/release/libitron.a(compiler_builtins-26194886dadfbd89.compiler_builtins.e9884b5babc42a42-cgu.003.rcgu.o)
 .text          0x0000000000102198        0x0 ./gen/../tecsrust_uart_led_sample/target/armv7a-none-eabi/release/libitron.a(compiler_builtins-26194886dadfbd89.compiler_builtins.e9884b5babc42a42-cgu.012.rcgu.o)
 .text          0x0000000000102198        0x0 ./gen/../tecsrust_uart_led_sample/target/armv7a-none-eabi/release/libitron.a(compiler_builtins-26194886dadfbd89.compiler_builtins.e9884b5babc42a42-cgu.017.rcgu.o)
 .text          0x0000000000102198        0x0 ./gen/../tecsrust_uart_led_sample/target/armv7a-none-eabi/release/libitron.a(compiler_builtins-26194886dadfbd89.compiler_builtins.e9884b5babc42a42-cgu.270.rcgu.o)
 .text          0x0000000000102198        0x0 ./gen/../tecsrust_uart_led_sample/target/armv7a-none-eabi/release/libitron.a(63f8a0b8a638da8c-aeabi_div0.o)
 .text          0x0000000000102198        0x0 ./gen/../tecsrust_uart_led_sample/target/armv7a-none-eabi/release/libitron.a(compiler_builtins-26194886dadfbd89.compiler_builtins.e9884b5babc42a42-cgu.009.rcgu.o)
 .text          0x0000000000102198       0x80 ./libkernel.a(target_kernel_impl.o)
                0x0000000000102198                hardware_init_hook
                0x00000000001021a8                _kernel_target_mprc_initialize
                0x00000000001021cc                _kernel_target_initialize
                0x00000000001021e8                _kernel_target_exit
 .text          0x0000000000102218       0x34 ./libkernel.a(chip_kernel_impl.o)
                0x0000000000102218                _kernel_chip_initialize
                0x0000000000102248                _kernel_chip_terminate
 .text          0x000000000010224c       0x9c ./libkernel.a(mpcore_kernel_impl.o)
                0x000000000010224c                _kernel_mpcore_mprc_initialize
                0x0000000000102280                _kernel_mpcore_initialize
                0x00000000001022d4                _kernel_mpcore_terminate
 .text          0x00000000001022e8      0x340 ./libkernel.a(gic_kernel_impl.o)
                0x00000000001022e8                _kernel_gicc_initialize
                0x000000000010231c                _kernel_gicc_terminate
                0x0000000000102330                _kernel_gicd_initialize
                0x00000000001023c8                _kernel_gicd_terminate
                0x00000000001023dc                _kernel_initialize_interrupt
 .text          0x0000000000102628      0x12c ./libkernel.a(pl310.o)
                0x0000000000102628                _kernel_pl310_initialize
                0x000000000010269c                _kernel_pl310_disable
                0x00000000001026dc                _kernel_pl310_invalidate_all
                0x0000000000102718                _kernel_pl310_clean_and_invalidate_all
 .text          0x0000000000102754       0x90 ./libkernel.a(mpcore_timer.o)
                0x0000000000102754                _kernel_target_hrt_initialize
                0x000000000010279c                _kernel_target_hrt_terminate
                0x00000000001027d0                _kernel_target_hrt_handler
 .text          0x00000000001027e4      0x4f4 ./libkernel.a(core_kernel_impl.o)
                0x00000000001027e4                _kernel_arm_mmu_initialize
                0x00000000001029cc                _kernel_core_initialize
                0x0000000000102a2c                _kernel_core_terminate
                0x0000000000102a30                _kernel_xlog_sys
                0x0000000000102aec                _kernel_xlog_fsr
                0x0000000000102b6c                _kernel_default_int_handler
                0x0000000000102ba0                _kernel_default_exc_handler
 .text          0x0000000000102cd8      0x1b8 ./libkernel.a(arm.o)
                0x0000000000102cd8                arm_enable_icache
                0x0000000000102cf4                arm_disable_icache
                0x0000000000102d0c                armv7_invalidate_dcache
                0x0000000000102db0                arm_enable_dcache
                0x0000000000102dd0                armv7_clean_and_invalidate_dcache
                0x0000000000102e74                arm_disable_dcache
 .text          0x0000000000102e90      0x3a8 ./libkernel.a(startup.o)
                0x0000000000102f08                _kernel_barrier_sync
                0x0000000000102f7c                sta_ker
                0x0000000000103094                ext_ker
                0x00000000001030fc                _kernel_exit_kernel
                0x000000000010317c                _kernel_ext_ker_handler
 .text          0x0000000000103238      0x9c8 ./libkernel.a(task.o)
                0x0000000000103238                _kernel_search_schedtsk
                0x000000000010324c                _kernel_make_runnable
                0x0000000000103384                _kernel_initialize_task
                0x0000000000103498                _kernel_make_non_runnable
                0x00000000001035bc                _kernel_make_dormant
                0x00000000001035e8                _kernel_make_active
                0x0000000000103614                _kernel_change_priority
                0x00000000001038b0                _kernel_change_subprio
                0x00000000001039a0                _kernel_rotate_ready_queue
                0x0000000000103a84                _kernel_task_terminate
                0x0000000000103bb0                _kernel_migrate_self
                0x0000000000103bd8                _kernel_migrate_activate_self
 .text          0x0000000000103c00        0x0 ./libkernel.a(taskhook.o)
 .text          0x0000000000103c00      0x650 ./libkernel.a(wait.o)
                0x0000000000103c00                _kernel_wait_tmout
                0x0000000000103d50                _kernel_make_wait_tmout
                0x0000000000103e0c                _kernel_wait_dequeue_wobj
                0x0000000000103e28                _kernel_wait_complete
                0x0000000000103ecc                _kernel_wait_tmout_ok
                0x0000000000104008                _kernel_wobj_make_wait
                0x00000000001040b0                _kernel_wobj_make_wait_tmout
                0x000000000010413c                _kernel_init_wait_queue
 .text          0x0000000000104250      0xaf8 ./libkernel.a(time_event.o)
                0x0000000000104250                _kernel_initialize_tmevt
                0x00000000001042fc                _kernel_tmevt_up
                0x000000000010435c                _kernel_tmevt_down
                0x0000000000104400                _kernel_update_current_evttim
                0x0000000000104488                _kernel_set_hrt_event
                0x0000000000104658                _kernel_set_hrt_event_handler
                0x000000000010475c                _kernel_tmevtb_register
                0x00000000001047f4                _kernel_tmevtb_enqueue
                0x00000000001048a8                _kernel_tmevtb_enqueue_reltim
                0x000000000010497c                _kernel_tmevtb_dequeue
                0x0000000000104a84                _kernel_check_adjtim
                0x0000000000104b14                _kernel_tmevt_lefttim
                0x0000000000104b4c                _kernel_signal_time
 .text          0x0000000000104d48      0xb30 ./libkernel.a(task_sync.o)
                0x0000000000104d48                slp_tsk
                0x0000000000104e94                tslp_tsk
                0x0000000000104ff4                wup_tsk
                0x0000000000105160                can_wup
                0x0000000000105264                rel_wai
                0x000000000010542c                sus_tsk
                0x00000000001055b8                rsm_tsk
                0x0000000000105704                dly_tsk
 .text          0x0000000000105878      0x87c ./libkernel.a(semaphore.o)
                0x0000000000105878                _kernel_initialize_semaphore
                0x00000000001058d4                sig_sem
                0x0000000000105a7c                wai_sem
                0x0000000000105bdc                pol_sem
                0x0000000000105cd0                twai_sem
                0x0000000000105e6c                ini_sem
                0x0000000000105f94                ref_sem
 .text          0x00000000001060f4     0x1204 ./libkernel.a(dataqueue.o)
                0x00000000001060f4                _kernel_initialize_dataqueue
                0x0000000000106168                _kernel_enqueue_data
                0x00000000001061a0                _kernel_force_enqueue_data
                0x00000000001061e0                _kernel_dequeue_data
                0x000000000010621c                _kernel_send_data
                0x00000000001062e0                _kernel_force_send_data
                0x00000000001063a0                _kernel_receive_data
                0x0000000000106508                snd_dtq
                0x00000000001066a0                psnd_dtq
                0x00000000001067d4                tsnd_dtq
                0x00000000001069ac                fsnd_dtq
                0x0000000000106ae8                rcv_dtq
                0x0000000000106cc4                prcv_dtq
                0x0000000000106df8                trcv_dtq
                0x0000000000106fe8                ini_dtq
                0x000000000010711c                ref_dtq
 .text          0x00000000001072f8      0xd70 ./libkernel.a(mutex.o)
                0x00000000001072f8                _kernel_mutex_scan_ceilmtx
                0x0000000000107330                _kernel_mutex_check_ceilpri
                0x00000000001073b8                _kernel_initialize_mutex
                0x0000000000107450                _kernel_mutex_drop_priority
                0x00000000001074c8                _kernel_mutex_acquire
                0x0000000000107504                _kernel_mutex_release
                0x0000000000107650                _kernel_mutex_release_all
                0x0000000000107688                loc_mtx
                0x0000000000107874                ploc_mtx
                0x00000000001079f0                tloc_mtx
                0x0000000000107c14                unl_mtx
                0x0000000000107d60                ini_mtx
                0x0000000000107ee8                ref_mtx
 .text          0x0000000000108068      0x318 ./libkernel.a(spin_lock.o)
                0x0000000000108068                _kernel_initialize_spin_lock
                0x00000000001080b0                _kernel_force_unlock_spin
                0x00000000001080dc                loc_spn
                0x000000000010819c                try_spn
                0x0000000000108240                unl_spn
                0x00000000001082f0                ref_spn
 .text          0x0000000000108380      0xb50 ./libkernel.a(sys_manage.o)
                0x0000000000108380                rot_rdq
                0x00000000001084b4                mrot_rdq
                0x0000000000108604                get_tid
                0x000000000010866c                get_pid
                0x0000000000108694                get_lod
                0x00000000001087a0                mget_lod
                0x00000000001088c4                get_nth
                0x00000000001089fc                mget_nth
                0x0000000000108b4c                loc_cpu
                0x0000000000108b64                unl_cpu
                0x0000000000108b94                dis_dsp
                0x0000000000108c64                ena_dsp
                0x0000000000108dc8                sns_ctx
                0x0000000000108df8                sns_loc
                0x0000000000108e04                sns_dsp
                0x0000000000108e34                sns_dpn
                0x0000000000108e90                sns_ker
 .text          0x0000000000108ed0      0x668 ./libkernel.a(interrupt.o)
                0x0000000000108ed0                dis_int
                0x0000000000108fa4                ena_int
                0x0000000000109078                clr_int
                0x000000000010914c                ras_int
                0x0000000000109270                prb_int
                0x0000000000109328                chg_ipm
                0x00000000001094d0                get_ipm
 .text          0x0000000000109538      0x3dc ./libkernel.a(core_support.o)
                0x0000000000109538                _kernel_dispatch
                0x0000000000109564                _kernel_start_dispatch
                0x000000000010957c                _kernel_exit_and_dispatch
                0x00000000001095ac                _kernel_call_exit_kernel
                0x00000000001095bc                _kernel_dispatch_and_migrate
                0x00000000001095d8                _kernel_exit_and_migrate
                0x00000000001095e0                _kernel_start_r
                0x00000000001095f8                _kernel_irq_handler
                0x00000000001096e4                _kernel_undef_handler
                0x00000000001096f8                _kernel_svc_handler
                0x0000000000109708                _kernel_pabort_handler
                0x000000000010971c                _kernel_dabort_handler
                0x000000000010977c                _kernel_fiq_handler
                0x00000000001098e8                sil_dly_nse
 .text          0x0000000000109914      0x644 ./libkernel.a(task_term.o)
                0x0000000000109914                ext_tsk
                0x0000000000109a38                ras_ter
                0x0000000000109c00                dis_ter
                0x0000000000109cb8                ena_ter
                0x0000000000109dd0                sns_ter
                0x0000000000109e0c                ter_tsk
 .text          0x0000000000109f58       0x8c ./libkernel.a(gic_support.o)
                0x0000000000109f58                _kernel_irc_begin_int
                0x0000000000109f90                _kernel_irc_end_int
                0x0000000000109fa0                _kernel_irc_get_intpri
                0x0000000000109fb4                _kernel_irc_begin_exc
                0x0000000000109fc4                _kernel_irc_end_exc
 .text          0x0000000000109fe4       0xa4 /usr/lib/gcc/arm-none-eabi/10.3.1/../../../arm-none-eabi/lib/thumb/v7-a/nofp/libc.a(lib_a-memset.o)
                0x0000000000109fe4                memset
 *(.text.*)
 .text._RNvCs9MsmL9uHPaz_7___rustc17rust_begin_unwind
                0x000000000010a088        0x4 ./gen/../tecsrust_uart_led_sample/target/armv7a-none-eabi/release/libitron.a(itron-927bebc41834e651.itron.faadfb514e9fd45b-cgu.0.rcgu.o)
                0x000000000010a088                __rustc::rust_begin_unwind
 .text._ZN68_$LT$itron..error..Error$LT$Kind$GT$$u20$as$u20$core..fmt..Debug$GT$3fmt17h6fc5acb6f13f56b0E
                0x000000000010a08c        0x4 ./gen/../tecsrust_uart_led_sample/target/armv7a-none-eabi/release/libitron.a(itron-927bebc41834e651.itron.faadfb514e9fd45b-cgu.0.rcgu.o)
 .text.tecs_rust_start_r_processor1_symmetric_uart_ini
                0x000000000010a090        0x4 ./gen/../tecsrust_uart_led_sample/target/armv7a-none-eabi/release/libitron.a(itron-927bebc41834e651.itron.faadfb514e9fd45b-cgu.0.rcgu.o)
                0x000000000010a090                tecs_rust_start_r_processor1_symmetric_uart_ini
 .text.tecs_rust_start_r_processor1_symmetric_uart_isr
                0x000000000010a094       0x54 ./gen/../tecsrust_uart_led_sample/target/armv7a-none-eabi/release/libitron.a(itron-927bebc41834e651.itron.faadfb514e9fd45b-cgu.0.rcgu.o)
                0x000000000010a094                tecs_rust_start_r_processor1_symmetric_uart_isr
 .text.tecs_rust_start_r_processor1_symmetric_uart_task
                0x000000000010a0e8      0x158 ./gen/../tecsrust_uart_led_sample/target/armv7a-none-eabi/release/libitron.a(itron-927bebc41834e651.itron.faadfb514e9fd45b-cgu.0.rcgu.o)
                0x000000000010a0e8                tecs_rust_start_r_processor1_symmetric_uart_task
 .text.tecs_rust_start_r_processor2_symmetric_button_task
                0x000000000010a240      0x200 ./gen/../tecsrust_uart_led_sample/target/armv7a-none-eabi/release/libitron.a(itron-927bebc41834e651.itron.faadfb514e9fd45b-cgu.0.rcgu.o)
                0x000000000010a240                tecs_rust_start_r_processor2_symmetric_button_task
 .text._ZN4core3fmt3num50_$LT$impl$u20$core..fmt..Debug$u20$for$u20$i32$GT$3fmt17hc1a1614c7f57cf06E
                0x000000000010a440       0x20 ./gen/../tecsrust_uart_led_sample/target/armv7a-none-eabi/release/libitron.a(itron-ca7742246eb67e1a.itron.8e82c953f0654113-cgu.0.rcgu.o)
 .text._ZN57_$LT$itron..task..TaskRef$u20$as$u20$core..fmt..Debug$GT$3fmt17h727057c6caed8f26E
                0x000000000010a460       0x30 ./gen/../tecsrust_uart_led_sample/target/armv7a-none-eabi/release/libitron.a(itron-ca7742246eb67e1a.itron.8e82c953f0654113-cgu.0.rcgu.o)
                0x000000000010a460                <itron::task::TaskRef as core::fmt::Debug>::fmt
 .text._ZN59_$LT$itron..mutex..MutexRef$u20$as$u20$core..fmt..Debug$GT$3fmt17hed2d70a0c8332386E
                0x000000000010a490       0x30 ./gen/../tecsrust_uart_led_sample/target/armv7a-none-eabi/release/libitron.a(itron-ca7742246eb67e1a.itron.8e82c953f0654113-cgu.0.rcgu.o)
                0x000000000010a490                <itron::mutex::MutexRef as core::fmt::Debug>::fmt
 .text._ZN5itron4task7current17h13c65c8e3de3dea6E
                0x000000000010a4c0       0x4c ./gen/../tecsrust_uart_led_sample/target/armv7a-none-eabi/release/libitron.a(itron-ca7742246eb67e1a.itron.8e82c953f0654113-cgu.0.rcgu.o)
                0x000000000010a4c0                itron::task::current
 .text._ZN60_$LT$itron..error..ErrorCode$u20$as$u20$core..fmt..Debug$GT$3fmt17he45618d9ebd6baa5E
                0x000000000010a50c      0x2a4 ./gen/../tecsrust_uart_led_sample/target/armv7a-none-eabi/release/libitron.a(itron-ca7742246eb67e1a.itron.8e82c953f0654113-cgu.0.rcgu.o)
                0x000000000010a50c                <itron::error::ErrorCode as core::fmt::Debug>::fmt
 .text._ZN64_$LT$itron..processor..Processor$u20$as$u20$core..fmt..Debug$GT$3fmt17hb7d83530d71ac020E
                0x000000000010a7b0       0x40 ./gen/../tecsrust_uart_led_sample/target/armv7a-none-eabi/release/libitron.a(itron-ca7742246eb67e1a.itron.8e82c953f0654113-cgu.0.rcgu.o)
                0x000000000010a7b0                <itron::processor::Processor as core::fmt::Debug>::fmt
 .text._ZN67_$LT$itron..dataqueue..DataqueueRef$u20$as$u20$core..fmt..Debug$GT$3fmt17h9f8f231ee1a44dadE
                0x000000000010a7f0       0x30 ./gen/../tecsrust_uart_led_sample/target/armv7a-none-eabi/release/libitron.a(itron-ca7742246eb67e1a.itron.8e82c953f0654113-cgu.0.rcgu.o)
                0x000000000010a7f0                <itron::dataqueue::DataqueueRef as core::fmt::Debug>::fmt
 .text._ZN67_$LT$itron..semaphore..SemaphoreRef$u20$as$u20$core..fmt..Debug$GT$3fmt17h2077caf3d98b5f60E
                0x000000000010a820       0x30 ./gen/../tecsrust_uart_led_sample/target/armv7a-none-eabi/release/libitron.a(itron-ca7742246eb67e1a.itron.8e82c953f0654113-cgu.0.rcgu.o)
                0x000000000010a820                <itron::semaphore::SemaphoreRef as core::fmt::Debug>::fmt
 .text._ZN69_$LT$itron..memorypool..MemoryPoolRef$u20$as$u20$core..fmt..Debug$GT$3fmt17h37ad29ce41789584E
                0x000000000010a850       0x30 ./gen/../tecsrust_uart_led_sample/target/armv7a-none-eabi/release/libitron.a(itron-ca7742246eb67e1a.itron.8e82c953f0654113-cgu.0.rcgu.o)
                0x000000000010a850                <itron::memorypool::MemoryPoolRef as core::fmt::Debug>::fmt
 .text._ZN75_$LT$core..num..nonzero..NonZero$LT$T$GT$$u20$as$u20$core..fmt..Display$GT$3fmt17h1b33eb0838956a5cE
                0x000000000010a880       0x20 ./gen/../tecsrust_uart_led_sample/target/armv7a-none-eabi/release/libitron.a(itron-ca7742246eb67e1a.itron.8e82c953f0654113-cgu.0.rcgu.o)
 .text._ZN101_$LT$core..char..CaseMappingIter$u20$as$u20$core..iter..traits..double_ended..DoubleEndedIterator$GT$15advance_back_by17h61456a6e10ddacc6E
                0x000000000010a8a0       0x24 ./gen/../tecsrust_uart_led_sample/target/armv7a-none-eabi/release/libitron.a(core-30e5095c3d3ecedf.core.a8cae85694817e56-cgu.0.rcgu.o)
                0x000000000010a8a0                <core::char::CaseMappingIter as core::iter::traits::double_ended::DoubleEndedIterator>::advance_back_by
 .text._ZN101_$LT$core..char..CaseMappingIter$u20$as$u20$core..iter..traits..double_ended..DoubleEndedIterator$GT$9next_back17h6626d4f558c02f3eE
                0x000000000010a8c4       0x24 ./gen/../tecsrust_uart_led_sample/target/armv7a-none-eabi/release/libitron.a(core-30e5095c3d3ecedf.core.a8cae85694817e56-cgu.0.rcgu.o)
                0x000000000010a8c4                <core::char::CaseMappingIter as core::iter::traits::double_ended::DoubleEndedIterator>::next_back
 .text._ZN105_$LT$core..slice..ascii..EscapeAscii$u20$as$u20$core..iter..traits..double_ended..DoubleEndedIterator$GT$9next_back17hbf24ad12716a58c6E
                0x000000000010a8e8      0x13c ./gen/../tecsrust_uart_led_sample/target/armv7a-none-eabi/release/libitron.a(core-30e5095c3d3ecedf.core.a8cae85694817e56-cgu.0.rcgu.o)
                0x000000000010a8e8                <core::slice::ascii::EscapeAscii as core::iter::traits::double_ended::DoubleEndedIterator>::next_back
 .text._ZN105_$LT$dyn$u20$core..any..Any$u2b$core..marker..Sync$u2b$core..marker..Send$u20$as$u20$core..fmt..Debug$GT$3fmt17he621f611aec1806eE
                0x000000000010aa24       0x54 ./gen/../tecsrust_uart_led_sample/target/armv7a-none-eabi/release/libitron.a(core-30e5095c3d3ecedf.core.a8cae85694817e56-cgu.0.rcgu.o)
                0x000000000010aa24                <dyn core::any::Any+core::marker::Send as core::fmt::Debug>::fmt
                0x000000000010aa24                <dyn core::any::Any+core::marker::Sync+core::marker::Send as core::fmt::Debug>::fmt
                0x000000000010aa24                <dyn core::any::Any as core::fmt::Debug>::fmt
 .text._ZN110_$LT$$LT$core..wtf8..EncodeWide$u20$as$u20$core..fmt..Debug$GT$..fmt..CodeUnit$u20$as$u20$core..fmt..Debug$GT$3fmt17h8377ec1fcd71bb6aE
                0x000000000010aa78       0x88 ./gen/../tecsrust_uart_led_sample/target/armv7a-none-eabi/release/libitron.a(core-30e5095c3d3ecedf.core.a8cae85694817e56-cgu.0.rcgu.o)
                0x000000000010aa78                <<core::wtf8::EncodeWide as core::fmt::Debug>::fmt::CodeUnit as core::fmt::Debug>::fmt
 .text._ZN116_$LT$core..net..ip_addr..Ipv4Addr$u20$as$u20$core..ops..bit..BitOrAssign$LT$$RF$core..net..ip_addr..Ipv4Addr$GT$$GT$12bitor_assign17h67cde1bbbed54dc3E
                0x000000000010ab00       0x48 ./gen/../tecsrust_uart_led_sample/target/armv7a-none-eabi/release/libitron.a(core-30e5095c3d3ecedf.core.a8cae85694817e56-cgu.0.rcgu.o)
                0x000000000010ab00                <core::net::ip_addr::Ipv4Addr as core::ops::bit::BitOrAssign<&core::net::ip_addr::Ipv4Addr>>::bitor_assign
 .text._ZN116_$LT$core..net..ip_addr..Ipv6Addr$u20$as$u20$core..ops..bit..BitOrAssign$LT$$RF$core..net..ip_addr..Ipv6Addr$GT$$GT$12bitor_assign17hb0fc29fb887575d4E
                0x000000000010ab48      0x108 ./gen/../tecsrust_uart_led_sample/target/armv7a-none-eabi/release/libitron.a(core-30e5095c3d3ecedf.core.a8cae85694817e56-cgu.0.rcgu.o)
                0x000000000010ab48                <core::net::ip_addr::Ipv6Addr as core::ops::bit::BitOrAssign<&core::net::ip_addr::Ipv6Addr>>::bitor_assign
 .text._ZN117_$LT$core..net..ip_addr..Ipv4Addr$u20$as$u20$core..ops..bit..BitAndAssign$LT$$RF$core..net..ip_addr..Ipv4Addr$GT$$GT$13bitand_assign17h39d98ab2fe91a511E
                0x000000000010ac50       0x48 ./gen/../tecsrust_uart_led_sample/target/armv7a-none-eabi/release/libitron.a(core-30e5095c3d3ecedf.core.a8cae85694817e56-cgu.0.rcgu.o)
                0x000000000010ac50                <core::net::ip_addr::Ipv4Addr as core::ops::bit::BitAndAssign<&core::net::ip_addr::Ipv4Addr>>::bitand_assign
 .text._ZN117_$LT$core..net..ip_addr..Ipv6Addr$u20$as$u20$core..ops..bit..BitAndAssign$LT$$RF$core..net..ip_addr..Ipv6Addr$GT$$GT$13bitand_assign17h71d47a9ea03181a0E
                0x000000000010ac98      0x108 ./gen/../tecsrust_uart_led_sample/target/armv7a-none-eabi/release/libitron.a(core-30e5095c3d3ecedf.core.a8cae85694817e56-cgu.0.rcgu.o)
                0x000000000010ac98                <core::net::ip_addr::Ipv6Addr as core::ops::bit::BitAndAssign<&core::net::ip_addr::Ipv6Addr>>::bitand_assign
 .text._ZN40_$LT$str$u20$as$u20$core..fmt..Debug$GT$3fmt17hfb9bcb7a42f0b62dE
                0x000000000010ada0      0x400 ./gen/../tecsrust_uart_led_sample/target/armv7a-none-eabi/release/libitron.a(core-30e5095c3d3ecedf.core.a8cae85694817e56-cgu.0.rcgu.o)
                0x000000000010ada0                <str as core::fmt::Debug>::fmt
 .text._ZN41_$LT$char$u20$as$u20$core..fmt..Debug$GT$3fmt17h014518c19f9bacc0E
                0x000000000010b1a0       0xb0 ./gen/../tecsrust_uart_led_sample/target/armv7a-none-eabi/release/libitron.a(core-30e5095c3d3ecedf.core.a8cae85694817e56-cgu.0.rcgu.o)
                0x000000000010b1a0                <char as core::fmt::Debug>::fmt
 .text._ZN42_$LT$$RF$T$u20$as$u20$core..fmt..Debug$GT$3fmt17h16f12f4a453e88f9E
                0x000000000010b250        0x8 ./gen/../tecsrust_uart_led_sample/target/armv7a-none-eabi/release/libitron.a(core-30e5095c3d3ecedf.core.a8cae85694817e56-cgu.0.rcgu.o)
 .text._ZN42_$LT$$RF$T$u20$as$u20$core..fmt..Debug$GT$3fmt17h72bd3c4a0ed2165dE
                0x000000000010b258       0x10 ./gen/../tecsrust_uart_led_sample/target/armv7a-none-eabi/release/libitron.a(core-30e5095c3d3ecedf.core.a8cae85694817e56-cgu.0.rcgu.o)
 .text._ZN42_$LT$$RF$T$u20$as$u20$core..fmt..Debug$GT$3fmt17h77af8287649ddab8E
                0x000000000010b268        0xc ./gen/../tecsrust_uart_led_sample/target/armv7a-none-eabi/release/libitron.a(core-30e5095c3d3ecedf.core.a8cae85694817e56-cgu.0.rcgu.o)
 .text._ZN42_$LT$$RF$T$u20$as$u20$core..fmt..Debug$GT$3fmt17h839977c56e2bfe2fE
                0x000000000010b274        0x8 ./gen/../tecsrust_uart_led_sample/target/armv7a-none-eabi/release/libitron.a(core-30e5095c3d3ecedf.core.a8cae85694817e56-cgu.0.rcgu.o)
 .text._ZN42_$LT$$RF$T$u20$as$u20$core..fmt..Debug$GT$3fmt17ha81c5d10af7a98acE
                0x000000000010b27c        0xc ./gen/../tecsrust_uart_led_sample/target/armv7a-none-eabi/release/libitron.a(core-30e5095c3d3ecedf.core.a8cae85694817e56-cgu.0.rcgu.o)
 .text._ZN42_$LT$$RF$T$u20$as$u20$core..fmt..Debug$GT$3fmt17hba6d032a633cc0fbE
                0x000000000010b288        0xc ./gen/../tecsrust_uart_led_sample/target/armv7a-none-eabi/release/libitron.a(core-30e5095c3d3ecedf.core.a8cae85694817e56-cgu.0.rcgu.o)
 .text._ZN42_$LT$$RF$T$u20$as$u20$core..fmt..Debug$GT$3fmt17hf0de37c6d354cb45E
                0x000000000010b294      0x16c ./gen/../tecsrust_uart_led_sample/target/armv7a-none-eabi/release/libitron.a(core-30e5095c3d3ecedf.core.a8cae85694817e56-cgu.0.rcgu.o)
 .text._ZN42_$LT$str$u20$as$u20$core..fmt..Display$GT$3fmt17hb5b3113e8a9571a0E
                0x000000000010b400       0x14 ./gen/../tecsrust_uart_led_sample/target/armv7a-none-eabi/release/libitron.a(core-30e5095c3d3ecedf.core.a8cae85694817e56-cgu.0.rcgu.o)
                0x000000000010b400                <str as core::fmt::Display>::fmt
 .text._ZN43_$LT$bool$u20$as$u20$core..fmt..Display$GT$3fmt17h1e00defcbfbdab44E
                0x000000000010b414       0x38 ./gen/../tecsrust_uart_led_sample/target/armv7a-none-eabi/release/libitron.a(core-30e5095c3d3ecedf.core.a8cae85694817e56-cgu.0.rcgu.o)
                0x000000000010b414                <bool as core::fmt::Display>::fmt
 .text._ZN43_$LT$char$u20$as$u20$core..fmt..Display$GT$3fmt17ha20358d49765162eE
                0x000000000010b44c       0xd4 ./gen/../tecsrust_uart_led_sample/target/armv7a-none-eabi/release/libitron.a(core-30e5095c3d3ecedf.core.a8cae85694817e56-cgu.0.rcgu.o)
                0x000000000010b44c                <char as core::fmt::Display>::fmt
 .text._ZN44_$LT$$RF$T$u20$as$u20$core..fmt..Display$GT$3fmt17h0d8ed52d664a0b1eE
                0x000000000010b520        0x8 ./gen/../tecsrust_uart_led_sample/target/armv7a-none-eabi/release/libitron.a(core-30e5095c3d3ecedf.core.a8cae85694817e56-cgu.0.rcgu.o)
 .text._ZN44_$LT$$RF$T$u20$as$u20$core..fmt..Display$GT$3fmt17h32c17a46490cc122E
                0x000000000010b528       0x50 ./gen/../tecsrust_uart_led_sample/target/armv7a-none-eabi/release/libitron.a(core-30e5095c3d3ecedf.core.a8cae85694817e56-cgu.0.rcgu.o)
 .text._ZN44_$LT$$RF$T$u20$as$u20$core..fmt..Display$GT$3fmt17h6b5a245e15cbfd29E
                0x000000000010b578       0x14 ./gen/../tecsrust_uart_led_sample/target/armv7a-none-eabi/release/libitron.a(core-30e5095c3d3ecedf.core.a8cae85694817e56-cgu.0.rcgu.o)
 .text._ZN44_$LT$$RF$T$u20$as$u20$core..fmt..Display$GT$3fmt17h7c2cacc2cd2dda36E
                0x000000000010b58c        0x8 ./gen/../tecsrust_uart_led_sample/target/armv7a-none-eabi/release/libitron.a(core-30e5095c3d3ecedf.core.a8cae85694817e56-cgu.0.rcgu.o)
 .text._ZN45_$LT$$RF$T$u20$as$u20$core..fmt..LowerHex$GT$3fmt17he55380d2ac2aa031E
                0x000000000010b594       0x70 ./gen/../tecsrust_uart_led_sample/target/armv7a-none-eabi/release/libitron.a(core-30e5095c3d3ecedf.core.a8cae85694817e56-cgu.0.rcgu.o)
 .text._ZN46_$LT$i8$u20$as$u20$core..pat..RangePattern$GT$7sub_one17h18fddcb374a35a89E
                0x000000000010b604       0x30 ./gen/../tecsrust_uart_led_sample/target/armv7a-none-eabi/release/libitron.a(core-30e5095c3d3ecedf.core.a8cae85694817e56-cgu.0.rcgu.o)
                0x000000000010b604                <i8 as core::pat::RangePattern>::sub_one
 .text._ZN46_$LT$u8$u20$as$u20$core..pat..RangePattern$GT$7sub_one17h38667e734f49411cE
                0x000000000010b634       0x28 ./gen/../tecsrust_uart_led_sample/target/armv7a-none-eabi/release/libitron.a(core-30e5095c3d3ecedf.core.a8cae85694817e56-cgu.0.rcgu.o)
                0x000000000010b634                <u8 as core::pat::RangePattern>::sub_one
 .text._ZN47_$LT$i16$u20$as$u20$core..pat..RangePattern$GT$7sub_one17hff915fc712432c7dE
                0x000000000010b65c       0x30 ./gen/../tecsrust_uart_led_sample/target/armv7a-none-eabi/release/libitron.a(core-30e5095c3d3ecedf.core.a8cae85694817e56-cgu.0.rcgu.o)
                0x000000000010b65c                <i16 as core::pat::RangePattern>::sub_one
 .text._ZN47_$LT$i32$u20$as$u20$core..pat..RangePattern$GT$7sub_one17hb61dee810d0ae61eE
                0x000000000010b68c       0x2c ./gen/../tecsrust_uart_led_sample/target/armv7a-none-eabi/release/libitron.a(core-30e5095c3d3ecedf.core.a8cae85694817e56-cgu.0.rcgu.o)
                0x000000000010b68c                <i32 as core::pat::RangePattern>::sub_one
                0x000000000010b68c                <isize as core::pat::RangePattern>::sub_one
 .text._ZN47_$LT$i64$u20$as$u20$core..pat..RangePattern$GT$7sub_one17hade9a899ee2f551aE
                0x000000000010b6b8       0x30 ./gen/../tecsrust_uart_led_sample/target/armv7a-none-eabi/release/libitron.a(core-30e5095c3d3ecedf.core.a8cae85694817e56-cgu.0.rcgu.o)
                0x000000000010b6b8                <i64 as core::pat::RangePattern>::sub_one
 .text._ZN47_$LT$u16$u20$as$u20$core..pat..RangePattern$GT$7sub_one17h665706031a75d613E
                0x000000000010b6e8       0x2c ./gen/../tecsrust_uart_led_sample/target/armv7a-none-eabi/release/libitron.a(core-30e5095c3d3ecedf.core.a8cae85694817e56-cgu.0.rcgu.o)
                0x000000000010b6e8                <u16 as core::pat::RangePattern>::sub_one
 .text._ZN47_$LT$u32$u20$as$u20$core..pat..RangePattern$GT$7sub_one17h8c979a62fe736b0bE
                0x000000000010b714       0x28 ./gen/../tecsrust_uart_led_sample/target/armv7a-none-eabi/release/libitron.a(core-30e5095c3d3ecedf.core.a8cae85694817e56-cgu.0.rcgu.o)
                0x000000000010b714                <usize as core::pat::RangePattern>::sub_one
                0x000000000010b714                <u32 as core::pat::RangePattern>::sub_one
 .text._ZN47_$LT$u64$u20$as$u20$core..pat..RangePattern$GT$7sub_one17h351d889e41846a15E
                0x000000000010b73c       0x2c ./gen/../tecsrust_uart_led_sample/target/armv7a-none-eabi/release/libitron.a(core-30e5095c3d3ecedf.core.a8cae85694817e56-cgu.0.rcgu.o)
                0x000000000010b73c                <u64 as core::pat::RangePattern>::sub_one
 .text._ZN48_$LT$char$u20$as$u20$core..pat..RangePattern$GT$7sub_one17h16e213662b74b1ecE
                0x000000000010b768       0x38 ./gen/../tecsrust_uart_led_sample/target/armv7a-none-eabi/release/libitron.a(core-30e5095c3d3ecedf.core.a8cae85694817e56-cgu.0.rcgu.o)
                0x000000000010b768                <char as core::pat::RangePattern>::sub_one
 .text._ZN48_$LT$i128$u20$as$u20$core..pat..RangePattern$GT$7sub_one17ha52dee7dc8e2bf14E
                0x000000000010b7a0       0x4c ./gen/../tecsrust_uart_led_sample/target/armv7a-none-eabi/release/libitron.a(core-30e5095c3d3ecedf.core.a8cae85694817e56-cgu.0.rcgu.o)
                0x000000000010b7a0                <i128 as core::pat::RangePattern>::sub_one
 .text._ZN48_$LT$u128$u20$as$u20$core..pat..RangePattern$GT$7sub_one17h29a41a677a8809fdE
                0x000000000010b7ec       0x4c ./gen/../tecsrust_uart_led_sample/target/armv7a-none-eabi/release/libitron.a(core-30e5095c3d3ecedf.core.a8cae85694817e56-cgu.0.rcgu.o)
                0x000000000010b7ec                <u128 as core::pat::RangePattern>::sub_one
 .text._ZN49_$LT$u8$u20$as$u20$core..num..bignum..FullOps$GT$12full_div_rem17he8621ad0247109d4E
                0x000000000010b838       0x3c ./gen/../tecsrust_uart_led_sample/target/armv7a-none-eabi/release/libitron.a(core-30e5095c3d3ecedf.core.a8cae85694817e56-cgu.0.rcgu.o)
                0x000000000010b838                <u8 as core::num::bignum::FullOps>::full_div_rem
 .text.unlikely._ZN4core3f3221_$LT$impl$u20$f32$GT$5clamp8do_panic7runtime17h18ed203fe0802d70E
                0x000000000010b874       0x40 ./gen/../tecsrust_uart_led_sample/target/armv7a-none-eabi/release/libitron.a(core-30e5095c3d3ecedf.core.a8cae85694817e56-cgu.0.rcgu.o)
                0x000000000010b874                core::f32::<impl f32>::clamp::do_panic::runtime
 .text.unlikely._ZN4core3f6421_$LT$impl$u20$f64$GT$5clamp8do_panic7runtime17h1e7bf29fa37d6961E
                0x000000000010b8b4       0x44 ./gen/../tecsrust_uart_led_sample/target/armv7a-none-eabi/release/libitron.a(core-30e5095c3d3ecedf.core.a8cae85694817e56-cgu.0.rcgu.o)
                0x000000000010b8b4                core::f64::<impl f64>::clamp::do_panic::runtime
 .text._ZN4core3ffi5c_str4CStr19from_bytes_with_nul17hac561cc1b51097a8E
                0x000000000010b8f8      0x1cc ./gen/../tecsrust_uart_led_sample/target/armv7a-none-eabi/release/libitron.a(core-30e5095c3d3ecedf.core.a8cae85694817e56-cgu.0.rcgu.o)
                0x000000000010b8f8                core::ffi::c_str::CStr::from_bytes_with_nul
 .text._ZN4core3ffi5c_str4CStr20from_bytes_until_nul17hd9933807840bd73cE
                0x000000000010bac4      0x1b0 ./gen/../tecsrust_uart_led_sample/target/armv7a-none-eabi/release/libitron.a(core-30e5095c3d3ecedf.core.a8cae85694817e56-cgu.0.rcgu.o)
                0x000000000010bac4                core::ffi::c_str::CStr::from_bytes_until_nul
 .text._ZN4core3ffi5c_str4CStr6to_str17h1fc6a0930222178cE
                0x000000000010bc74        0x8 ./gen/../tecsrust_uart_led_sample/target/armv7a-none-eabi/release/libitron.a(core-30e5095c3d3ecedf.core.a8cae85694817e56-cgu.0.rcgu.o)
                0x000000000010bc74                core::ffi::c_str::CStr::to_str
 .text._ZN4core3fmt17FormattingOptions8get_fill17hf290fa9910218349E
                0x000000000010bc7c        0xc ./gen/../tecsrust_uart_led_sample/target/armv7a-none-eabi/release/libitron.a(core-30e5095c3d3ecedf.core.a8cae85694817e56-cgu.0.rcgu.o)
                0x000000000010bc7c                core::fmt::FormattingOptions::get_fill
 .text._ZN4core3fmt17pointer_fmt_inner17h9d52a930d8717b78E
                0x000000000010bc88       0xa8 ./gen/../tecsrust_uart_led_sample/target/armv7a-none-eabi/release/libitron.a(core-30e5095c3d3ecedf.core.a8cae85694817e56-cgu.0.rcgu.o)
                0x000000000010bc88                core::fmt::pointer_fmt_inner
 .text._ZN4core3fmt3num22_$LT$impl$u20$i128$GT$11format_into17h3b9d083fb89c5380E
                0x000000000010bd30       0x74 ./gen/../tecsrust_uart_led_sample/target/armv7a-none-eabi/release/libitron.a(core-30e5095c3d3ecedf.core.a8cae85694817e56-cgu.0.rcgu.o)
                0x000000000010bd30                core::fmt::num::<impl i128>::format_into
 .text._ZN4core3fmt3num22_$LT$impl$u20$u128$GT$10_fmt_inner17h03a38504e1b0eed4E
                0x000000000010bda4      0x960 ./gen/../tecsrust_uart_led_sample/target/armv7a-none-eabi/release/libitron.a(core-30e5095c3d3ecedf.core.a8cae85694817e56-cgu.0.rcgu.o)
 .text._ZN4core3fmt3num22_$LT$impl$u20$u128$GT$11format_into17hf206fec293eabd2aE
                0x000000000010c704       0x38 ./gen/../tecsrust_uart_led_sample/target/armv7a-none-eabi/release/libitron.a(core-30e5095c3d3ecedf.core.a8cae85694817e56-cgu.0.rcgu.o)
                0x000000000010c704                core::fmt::num::<impl u128>::format_into
 .text._ZN4core3fmt3num22_$LT$impl$u20$u128$GT$4_fmt17h379565c58272693aE
                0x000000000010c73c       0x34 ./gen/../tecsrust_uart_led_sample/target/armv7a-none-eabi/release/libitron.a(core-30e5095c3d3ecedf.core.a8cae85694817e56-cgu.0.rcgu.o)
                0x000000000010c73c                core::fmt::num::<impl u128>::_fmt
 .text._ZN4core3fmt3num3imp20_$LT$impl$u20$i8$GT$11format_into17h1780671b0cef9ef9E
                0x000000000010c770      0x12c ./gen/../tecsrust_uart_led_sample/target/armv7a-none-eabi/release/libitron.a(core-30e5095c3d3ecedf.core.a8cae85694817e56-cgu.0.rcgu.o)
                0x000000000010c770                core::fmt::num::imp::<impl i8>::format_into
 .text._ZN4core3fmt3num3imp20_$LT$impl$u20$u8$GT$11format_into17h3844bb7ac9e73e55E
                0x000000000010c89c       0x98 ./gen/../tecsrust_uart_led_sample/target/armv7a-none-eabi/release/libitron.a(core-30e5095c3d3ecedf.core.a8cae85694817e56-cgu.0.rcgu.o)
                0x000000000010c89c                core::fmt::num::imp::<impl u8>::format_into
 .text._ZN4core3fmt3num3imp20_$LT$impl$u20$u8$GT$4_fmt17ha4db5d1aeea8a1c9E
                0x000000000010c934       0x90 ./gen/../tecsrust_uart_led_sample/target/armv7a-none-eabi/release/libitron.a(core-30e5095c3d3ecedf.core.a8cae85694817e56-cgu.0.rcgu.o)
                0x000000000010c934                core::fmt::num::imp::<impl u8>::_fmt
 .text._ZN4core3fmt3num3imp21_$LT$impl$u20$i16$GT$11format_into17h75e833c7f99e7366E
                0x000000000010c9c4      0x220 ./gen/../tecsrust_uart_led_sample/target/armv7a-none-eabi/release/libitron.a(core-30e5095c3d3ecedf.core.a8cae85694817e56-cgu.0.rcgu.o)
                0x000000000010c9c4                core::fmt::num::imp::<impl i16>::format_into
 .text._ZN4core3fmt3num3imp21_$LT$impl$u20$i32$GT$11format_into17hb3e13ae095cdb369E
                0x000000000010cbe4       0x74 ./gen/../tecsrust_uart_led_sample/target/armv7a-none-eabi/release/libitron.a(core-30e5095c3d3ecedf.core.a8cae85694817e56-cgu.0.rcgu.o)
                0x000000000010cbe4                core::fmt::num::imp::<impl isize>::format_into
                0x000000000010cbe4                core::fmt::num::imp::<impl i32>::format_into
 .text._ZN4core3fmt3num3imp21_$LT$impl$u20$i64$GT$11format_into17h9a37d00aa2b3c152E
                0x000000000010cc58       0x78 ./gen/../tecsrust_uart_led_sample/target/armv7a-none-eabi/release/libitron.a(core-30e5095c3d3ecedf.core.a8cae85694817e56-cgu.0.rcgu.o)
                0x000000000010cc58                core::fmt::num::imp::<impl i64>::format_into
 .text._ZN4core3fmt3num3imp21_$LT$impl$u20$u16$GT$11format_into17h93113713b7c2e27fE
                0x000000000010ccd0      0x114 ./gen/../tecsrust_uart_led_sample/target/armv7a-none-eabi/release/libitron.a(core-30e5095c3d3ecedf.core.a8cae85694817e56-cgu.0.rcgu.o)
                0x000000000010ccd0                core::fmt::num::imp::<impl u16>::format_into
 .text._ZN4core3fmt3num3imp21_$LT$impl$u20$u16$GT$4_fmt17h05b30531a6a95996E
                0x000000000010cde4      0x108 ./gen/../tecsrust_uart_led_sample/target/armv7a-none-eabi/release/libitron.a(core-30e5095c3d3ecedf.core.a8cae85694817e56-cgu.0.rcgu.o)
                0x000000000010cde4                core::fmt::num::imp::<impl u16>::_fmt
 .text._ZN4core3fmt3num3imp21_$LT$impl$u20$u32$GT$10_fmt_inner17hedde965cd78ce2adE
                0x000000000010ceec      0x220 ./gen/../tecsrust_uart_led_sample/target/armv7a-none-eabi/release/libitron.a(core-30e5095c3d3ecedf.core.a8cae85694817e56-cgu.0.rcgu.o)
 .text._ZN4core3fmt3num3imp21_$LT$impl$u20$u32$GT$11format_into17hd3b55cd3cb476fa6E
                0x000000000010d10c       0x24 ./gen/../tecsrust_uart_led_sample/target/armv7a-none-eabi/release/libitron.a(core-30e5095c3d3ecedf.core.a8cae85694817e56-cgu.0.rcgu.o)
                0x000000000010d10c                core::fmt::num::imp::<impl usize>::format_into
                0x000000000010d10c                core::fmt::num::imp::<impl u32>::format_into
 .text._ZN4core3fmt3num3imp21_$LT$impl$u20$u32$GT$4_fmt17hea653883ebff4930E
                0x000000000010d130       0x24 ./gen/../tecsrust_uart_led_sample/target/armv7a-none-eabi/release/libitron.a(core-30e5095c3d3ecedf.core.a8cae85694817e56-cgu.0.rcgu.o)
                0x000000000010d130                core::fmt::num::imp::<impl u32>::_fmt
                0x000000000010d130                core::fmt::num::imp::<impl usize>::_fmt
 .text._ZN4core3fmt3num3imp21_$LT$impl$u20$u64$GT$10_fmt_inner17he08d887bc273aba7E
                0x000000000010d154      0x284 ./gen/../tecsrust_uart_led_sample/target/armv7a-none-eabi/release/libitron.a(core-30e5095c3d3ecedf.core.a8cae85694817e56-cgu.0.rcgu.o)
 .text._ZN4core3fmt3num3imp21_$LT$impl$u20$u64$GT$11format_into17h9cfa5bb9844c00d0E
                0x000000000010d3d8       0x24 ./gen/../tecsrust_uart_led_sample/target/armv7a-none-eabi/release/libitron.a(core-30e5095c3d3ecedf.core.a8cae85694817e56-cgu.0.rcgu.o)
                0x000000000010d3d8                core::fmt::num::imp::<impl u64>::format_into
 .text._ZN4core3fmt3num3imp21_$LT$impl$u20$u64$GT$4_fmt17h63a07ea862ee35bfE
                0x000000000010d3fc       0x24 ./gen/../tecsrust_uart_led_sample/target/armv7a-none-eabi/release/libitron.a(core-30e5095c3d3ecedf.core.a8cae85694817e56-cgu.0.rcgu.o)
                0x000000000010d3fc                core::fmt::num::imp::<impl u64>::_fmt
 .text._ZN4core3fmt3num3imp51_$LT$impl$u20$core..fmt..Display$u20$for$u20$i8$GT$3fmt17h79781a85ee4d8835E
                0x000000000010d420       0xcc ./gen/../tecsrust_uart_led_sample/target/armv7a-none-eabi/release/libitron.a(core-30e5095c3d3ecedf.core.a8cae85694817e56-cgu.0.rcgu.o)
                0x000000000010d420                core::fmt::num::imp::<impl core::fmt::Display for i8>::fmt
 .text._ZN4core3fmt3num3imp51_$LT$impl$u20$core..fmt..Display$u20$for$u20$u8$GT$3fmt17ha6370168369c2702E
                0x000000000010d4ec       0xbc ./gen/../tecsrust_uart_led_sample/target/armv7a-none-eabi/release/libitron.a(core-30e5095c3d3ecedf.core.a8cae85694817e56-cgu.0.rcgu.o)
                0x000000000010d4ec                core::fmt::num::imp::<impl core::fmt::Display for u8>::fmt
 .text._ZN4core3fmt3num3imp52_$LT$impl$u20$core..fmt..Display$u20$for$u20$i16$GT$3fmt17h77a151f63cecdd0bE
                0x000000000010d5a8      0x14c ./gen/../tecsrust_uart_led_sample/target/armv7a-none-eabi/release/libitron.a(core-30e5095c3d3ecedf.core.a8cae85694817e56-cgu.0.rcgu.o)
                0x000000000010d5a8                core::fmt::num::imp::<impl core::fmt::Display for i16>::fmt
 .text._ZN4core3fmt3num3imp52_$LT$impl$u20$core..fmt..Display$u20$for$u20$i32$GT$3fmt17h743e96edce72086bE
                0x000000000010d6f4       0x5c ./gen/../tecsrust_uart_led_sample/target/armv7a-none-eabi/release/libitron.a(core-30e5095c3d3ecedf.core.a8cae85694817e56-cgu.0.rcgu.o)
                0x000000000010d6f4                core::fmt::num::imp::<impl core::fmt::Display for isize>::fmt
                0x000000000010d6f4                core::fmt::num::imp::<impl core::fmt::Display for i32>::fmt
 .text._ZN4core3fmt3num3imp52_$LT$impl$u20$core..fmt..Display$u20$for$u20$i64$GT$3fmt17h0ede2460a832e4b0E
                0x000000000010d750       0x60 ./gen/../tecsrust_uart_led_sample/target/armv7a-none-eabi/release/libitron.a(core-30e5095c3d3ecedf.core.a8cae85694817e56-cgu.0.rcgu.o)
                0x000000000010d750                core::fmt::num::imp::<impl core::fmt::Display for i64>::fmt
 .text._ZN4core3fmt3num3imp52_$LT$impl$u20$core..fmt..Display$u20$for$u20$u16$GT$3fmt17hd4c4678d71ec4024E
                0x000000000010d7b0      0x124 ./gen/../tecsrust_uart_led_sample/target/armv7a-none-eabi/release/libitron.a(core-30e5095c3d3ecedf.core.a8cae85694817e56-cgu.0.rcgu.o)
                0x000000000010d7b0                core::fmt::num::imp::<impl core::fmt::Display for u16>::fmt
 .text._ZN4core3fmt3num3imp52_$LT$impl$u20$core..fmt..Display$u20$for$u20$u32$GT$3fmt17h8b396e545db94a52E
                0x000000000010d8d4       0x4c ./gen/../tecsrust_uart_led_sample/target/armv7a-none-eabi/release/libitron.a(core-30e5095c3d3ecedf.core.a8cae85694817e56-cgu.0.rcgu.o)
                0x000000000010d8d4                core::fmt::num::imp::<impl core::fmt::Display for u32>::fmt
                0x000000000010d8d4                core::fmt::num::imp::<impl core::fmt::Display for usize>::fmt
 .text._ZN4core3fmt3num3imp52_$LT$impl$u20$core..fmt..Display$u20$for$u20$u64$GT$3fmt17h381c84b54e8ffbacE
                0x000000000010d920       0x4c ./gen/../tecsrust_uart_led_sample/target/armv7a-none-eabi/release/libitron.a(core-30e5095c3d3ecedf.core.a8cae85694817e56-cgu.0.rcgu.o)
                0x000000000010d920                core::fmt::num::imp::<impl core::fmt::Display for u64>::fmt
 .text._ZN4core3fmt3num3imp52_$LT$impl$u20$core..fmt..LowerExp$u20$for$u20$i8$GT$3fmt17h416c53048fbe6b53E
                0x000000000010d96c       0x28 ./gen/../tecsrust_uart_led_sample/target/armv7a-none-eabi/release/libitron.a(core-30e5095c3d3ecedf.core.a8cae85694817e56-cgu.0.rcgu.o)
                0x000000000010d96c                core::fmt::num::imp::<impl core::fmt::LowerExp for i8>::fmt
 .text._ZN4core3fmt3num3imp52_$LT$impl$u20$core..fmt..LowerExp$u20$for$u20$u8$GT$3fmt17haac850ef72656919E
                0x000000000010d994       0x18 ./gen/../tecsrust_uart_led_sample/target/armv7a-none-eabi/release/libitron.a(core-30e5095c3d3ecedf.core.a8cae85694817e56-cgu.0.rcgu.o)
                0x000000000010d994                core::fmt::num::imp::<impl core::fmt::LowerExp for u8>::fmt
 .text._ZN4core3fmt3num3imp52_$LT$impl$u20$core..fmt..UpperExp$u20$for$u20$i8$GT$3fmt17hd916d22be3823e15E
                0x000000000010d9ac       0x28 ./gen/../tecsrust_uart_led_sample/target/armv7a-none-eabi/release/libitron.a(core-30e5095c3d3ecedf.core.a8cae85694817e56-cgu.0.rcgu.o)
                0x000000000010d9ac                core::fmt::num::imp::<impl core::fmt::UpperExp for i8>::fmt
 .text._ZN4core3fmt3num3imp52_$LT$impl$u20$core..fmt..UpperExp$u20$for$u20$u8$GT$3fmt17h73a88758873e1b73E
                0x000000000010d9d4       0x18 ./gen/../tecsrust_uart_led_sample/target/armv7a-none-eabi/release/libitron.a(core-30e5095c3d3ecedf.core.a8cae85694817e56-cgu.0.rcgu.o)
                0x000000000010d9d4                core::fmt::num::imp::<impl core::fmt::UpperExp for u8>::fmt
 .text._ZN4core3fmt3num3imp53_$LT$impl$u20$core..fmt..LowerExp$u20$for$u20$i16$GT$3fmt17h90be70faf5927455E
                0x000000000010d9ec       0x28 ./gen/../tecsrust_uart_led_sample/target/armv7a-none-eabi/release/libitron.a(core-30e5095c3d3ecedf.core.a8cae85694817e56-cgu.0.rcgu.o)
                0x000000000010d9ec                core::fmt::num::imp::<impl core::fmt::LowerExp for i16>::fmt
 .text._ZN4core3fmt3num3imp53_$LT$impl$u20$core..fmt..LowerExp$u20$for$u20$i32$GT$3fmt17hc868f2686606019aE
                0x000000000010da14       0x28 ./gen/../tecsrust_uart_led_sample/target/armv7a-none-eabi/release/libitron.a(core-30e5095c3d3ecedf.core.a8cae85694817e56-cgu.0.rcgu.o)
                0x000000000010da14                core::fmt::num::imp::<impl core::fmt::LowerExp for isize>::fmt
                0x000000000010da14                core::fmt::num::imp::<impl core::fmt::LowerExp for i32>::fmt
 .text._ZN4core3fmt3num3imp53_$LT$impl$u20$core..fmt..LowerExp$u20$for$u20$i64$GT$3fmt17h6eb036e2ed4d0d89E
                0x000000000010da3c       0x40 ./gen/../tecsrust_uart_led_sample/target/armv7a-none-eabi/release/libitron.a(core-30e5095c3d3ecedf.core.a8cae85694817e56-cgu.0.rcgu.o)
                0x000000000010da3c                core::fmt::num::imp::<impl core::fmt::LowerExp for i64>::fmt
 .text._ZN4core3fmt3num3imp53_$LT$impl$u20$core..fmt..LowerExp$u20$for$u20$u16$GT$3fmt17hd3cbd927dfe4f927E
                0x000000000010da7c       0x18 ./gen/../tecsrust_uart_led_sample/target/armv7a-none-eabi/release/libitron.a(core-30e5095c3d3ecedf.core.a8cae85694817e56-cgu.0.rcgu.o)
                0x000000000010da7c                core::fmt::num::imp::<impl core::fmt::LowerExp for u16>::fmt
 .text._ZN4core3fmt3num3imp53_$LT$impl$u20$core..fmt..LowerExp$u20$for$u20$u32$GT$3fmt17h819889e28f9315a0E
                0x000000000010da94       0x18 ./gen/../tecsrust_uart_led_sample/target/armv7a-none-eabi/release/libitron.a(core-30e5095c3d3ecedf.core.a8cae85694817e56-cgu.0.rcgu.o)
                0x000000000010da94                core::fmt::num::imp::<impl core::fmt::LowerExp for usize>::fmt
                0x000000000010da94                core::fmt::num::imp::<impl core::fmt::LowerExp for u32>::fmt
 .text._ZN4core3fmt3num3imp53_$LT$impl$u20$core..fmt..LowerExp$u20$for$u20$u64$GT$3fmt17h07aa3f6186603203E
                0x000000000010daac       0x2c ./gen/../tecsrust_uart_led_sample/target/armv7a-none-eabi/release/libitron.a(core-30e5095c3d3ecedf.core.a8cae85694817e56-cgu.0.rcgu.o)
                0x000000000010daac                core::fmt::num::imp::<impl core::fmt::LowerExp for u64>::fmt
 .text._ZN4core3fmt3num3imp53_$LT$impl$u20$core..fmt..UpperExp$u20$for$u20$i16$GT$3fmt17h4ec8b6215ee3ba94E
                0x000000000010dad8       0x28 ./gen/../tecsrust_uart_led_sample/target/armv7a-none-eabi/release/libitron.a(core-30e5095c3d3ecedf.core.a8cae85694817e56-cgu.0.rcgu.o)
                0x000000000010dad8                core::fmt::num::imp::<impl core::fmt::UpperExp for i16>::fmt
 .text._ZN4core3fmt3num3imp53_$LT$impl$u20$core..fmt..UpperExp$u20$for$u20$i32$GT$3fmt17h71421f608b6dc78bE
                0x000000000010db00       0x28 ./gen/../tecsrust_uart_led_sample/target/armv7a-none-eabi/release/libitron.a(core-30e5095c3d3ecedf.core.a8cae85694817e56-cgu.0.rcgu.o)
                0x000000000010db00                core::fmt::num::imp::<impl core::fmt::UpperExp for isize>::fmt
                0x000000000010db00                core::fmt::num::imp::<impl core::fmt::UpperExp for i32>::fmt
 .text._ZN4core3fmt3num3imp53_$LT$impl$u20$core..fmt..UpperExp$u20$for$u20$i64$GT$3fmt17hc674f7c7cf0f3e5bE
                0x000000000010db28       0x40 ./gen/../tecsrust_uart_led_sample/target/armv7a-none-eabi/release/libitron.a(core-30e5095c3d3ecedf.core.a8cae85694817e56-cgu.0.rcgu.o)
                0x000000000010db28                core::fmt::num::imp::<impl core::fmt::UpperExp for i64>::fmt
 .text._ZN4core3fmt3num3imp53_$LT$impl$u20$core..fmt..UpperExp$u20$for$u20$u16$GT$3fmt17hafdaf36b7a026c2dE
                0x000000000010db68       0x18 ./gen/../tecsrust_uart_led_sample/target/armv7a-none-eabi/release/libitron.a(core-30e5095c3d3ecedf.core.a8cae85694817e56-cgu.0.rcgu.o)
                0x000000000010db68                core::fmt::num::imp::<impl core::fmt::UpperExp for u16>::fmt
 .text._ZN4core3fmt3num3imp53_$LT$impl$u20$core..fmt..UpperExp$u20$for$u20$u32$GT$3fmt17hbdfe3f701c5af21cE
                0x000000000010db80       0x18 ./gen/../tecsrust_uart_led_sample/target/armv7a-none-eabi/release/libitron.a(core-30e5095c3d3ecedf.core.a8cae85694817e56-cgu.0.rcgu.o)
                0x000000000010db80                core::fmt::num::imp::<impl core::fmt::UpperExp for usize>::fmt
                0x000000000010db80                core::fmt::num::imp::<impl core::fmt::UpperExp for u32>::fmt
 .text._ZN4core3fmt3num3imp53_$LT$impl$u20$core..fmt..UpperExp$u20$for$u20$u64$GT$3fmt17h557a69ef95d980deE
                0x000000000010db98       0x2c ./gen/../tecsrust_uart_led_sample/target/armv7a-none-eabi/release/libitron.a(core-30e5095c3d3ecedf.core.a8cae85694817e56-cgu.0.rcgu.o)
                0x000000000010db98                core::fmt::num::imp::<impl core::fmt::UpperExp for u64>::fmt
 .text._ZN4core3fmt3num3imp7exp_u3217h0291b4e3f9cecf4fE
                0x000000000010dbc4      0x560 ./gen/../tecsrust_uart_led_sample/target/armv7a-none-eabi/release/libitron.a(core-30e5095c3d3ecedf.core.a8cae85694817e56-cgu.0.rcgu.o)
 .text._ZN4core3fmt3num3imp7exp_u6417hf39d6482065a0d35E
                0x000000000010e124      0x73c ./gen/../tecsrust_uart_led_sample/target/armv7a-none-eabi/release/libitron.a(core-30e5095c3d3ecedf.core.a8cae85694817e56-cgu.0.rcgu.o)
 .text._ZN4core3fmt3num49_$LT$impl$u20$core..fmt..Debug$u20$for$u20$i8$GT$3fmt17h92478961991b3250E
                0x000000000010e860      0x16c ./gen/../tecsrust_uart_led_sample/target/armv7a-none-eabi/release/libitron.a(core-30e5095c3d3ecedf.core.a8cae85694817e56-cgu.0.rcgu.o)
 .text._ZN4core3fmt3num49_$LT$impl$u20$core..fmt..Debug$u20$for$u20$u8$GT$3fmt17hbaa2b3db014ddb16E
                0x000000000010e9cc      0x154 ./gen/../tecsrust_uart_led_sample/target/armv7a-none-eabi/release/libitron.a(core-30e5095c3d3ecedf.core.a8cae85694817e56-cgu.0.rcgu.o)
 .text._ZN4core3fmt3num49_$LT$impl$u20$core..fmt..Octal$u20$for$u20$i8$GT$3fmt17hf3f19dd21c3b2fa2E
                0x000000000010eb20       0x6c ./gen/../tecsrust_uart_led_sample/target/armv7a-none-eabi/release/libitron.a(core-30e5095c3d3ecedf.core.a8cae85694817e56-cgu.0.rcgu.o)
                0x000000000010eb20                core::fmt::num::<impl core::fmt::Octal for i8>::fmt
 .text._ZN4core3fmt3num49_$LT$impl$u20$core..fmt..Octal$u20$for$u20$u8$GT$3fmt17h3fe24170980a2a51E
                0x000000000010eb8c       0x6c ./gen/../tecsrust_uart_led_sample/target/armv7a-none-eabi/release/libitron.a(core-30e5095c3d3ecedf.core.a8cae85694817e56-cgu.0.rcgu.o)
                0x000000000010eb8c                core::fmt::num::<impl core::fmt::Octal for u8>::fmt
 .text._ZN4core3fmt3num50_$LT$impl$u20$core..fmt..Binary$u20$for$u20$i8$GT$3fmt17h45942a39e887a289E
                0x000000000010ebf8       0x6c ./gen/../tecsrust_uart_led_sample/target/armv7a-none-eabi/release/libitron.a(core-30e5095c3d3ecedf.core.a8cae85694817e56-cgu.0.rcgu.o)
                0x000000000010ebf8                core::fmt::num::<impl core::fmt::Binary for i8>::fmt
 .text._ZN4core3fmt3num50_$LT$impl$u20$core..fmt..Binary$u20$for$u20$u8$GT$3fmt17hc56f260a2564a641E
                0x000000000010ec64       0x6c ./gen/../tecsrust_uart_led_sample/target/armv7a-none-eabi/release/libitron.a(core-30e5095c3d3ecedf.core.a8cae85694817e56-cgu.0.rcgu.o)
                0x000000000010ec64                core::fmt::num::<impl core::fmt::Binary for u8>::fmt
 .text._ZN4core3fmt3num50_$LT$impl$u20$core..fmt..Debug$u20$for$u20$i16$GT$3fmt17h034e0701ad9966ceE
                0x000000000010ecd0      0x1f0 ./gen/../tecsrust_uart_led_sample/target/armv7a-none-eabi/release/libitron.a(core-30e5095c3d3ecedf.core.a8cae85694817e56-cgu.0.rcgu.o)
 .text._ZN4core3fmt3num50_$LT$impl$u20$core..fmt..Debug$u20$for$u20$i32$GT$3fmt17hc1a1614c7f57cf06E
                0x000000000010eec0       0xfc ./gen/../tecsrust_uart_led_sample/target/armv7a-none-eabi/release/libitron.a(core-30e5095c3d3ecedf.core.a8cae85694817e56-cgu.0.rcgu.o)
 .text._ZN4core3fmt3num50_$LT$impl$u20$core..fmt..Debug$u20$for$u20$i64$GT$3fmt17h2c29457e5d4e5b49E
                0x000000000010efbc      0x118 ./gen/../tecsrust_uart_led_sample/target/armv7a-none-eabi/release/libitron.a(core-30e5095c3d3ecedf.core.a8cae85694817e56-cgu.0.rcgu.o)
 .text._ZN4core3fmt3num50_$LT$impl$u20$core..fmt..Debug$u20$for$u20$u16$GT$3fmt17h1281cba1f411fd3eE
                0x000000000010f0d4      0x1dc ./gen/../tecsrust_uart_led_sample/target/armv7a-none-eabi/release/libitron.a(core-30e5095c3d3ecedf.core.a8cae85694817e56-cgu.0.rcgu.o)
 .text._ZN4core3fmt3num50_$LT$impl$u20$core..fmt..Debug$u20$for$u20$u32$GT$3fmt17h50e5b8965de40cd0E
                0x000000000010f2b0       0xf0 ./gen/../tecsrust_uart_led_sample/target/armv7a-none-eabi/release/libitron.a(core-30e5095c3d3ecedf.core.a8cae85694817e56-cgu.0.rcgu.o)
 .text._ZN4core3fmt3num50_$LT$impl$u20$core..fmt..Debug$u20$for$u20$u64$GT$3fmt17h251c8e0674a336a8E
                0x000000000010f3a0       0xfc ./gen/../tecsrust_uart_led_sample/target/armv7a-none-eabi/release/libitron.a(core-30e5095c3d3ecedf.core.a8cae85694817e56-cgu.0.rcgu.o)
 .text._ZN4core3fmt3num50_$LT$impl$u20$core..fmt..Octal$u20$for$u20$i16$GT$3fmt17hb108ba362ce64c38E
                0x000000000010f49c       0x6c ./gen/../tecsrust_uart_led_sample/target/armv7a-none-eabi/release/libitron.a(core-30e5095c3d3ecedf.core.a8cae85694817e56-cgu.0.rcgu.o)
                0x000000000010f49c                core::fmt::num::<impl core::fmt::Octal for i16>::fmt
 .text._ZN4core3fmt3num50_$LT$impl$u20$core..fmt..Octal$u20$for$u20$i32$GT$3fmt17he11858cc8ae9c9ceE
                0x000000000010f508       0x6c ./gen/../tecsrust_uart_led_sample/target/armv7a-none-eabi/release/libitron.a(core-30e5095c3d3ecedf.core.a8cae85694817e56-cgu.0.rcgu.o)
                0x000000000010f508                core::fmt::num::<impl core::fmt::Octal for isize>::fmt
                0x000000000010f508                core::fmt::num::<impl core::fmt::Octal for i32>::fmt
 .text._ZN4core3fmt3num50_$LT$impl$u20$core..fmt..Octal$u20$for$u20$i64$GT$3fmt17h08f561a9a1701659E
                0x000000000010f574       0x78 ./gen/../tecsrust_uart_led_sample/target/armv7a-none-eabi/release/libitron.a(core-30e5095c3d3ecedf.core.a8cae85694817e56-cgu.0.rcgu.o)
                0x000000000010f574                core::fmt::num::<impl core::fmt::Octal for i64>::fmt
 .text._ZN4core3fmt3num50_$LT$impl$u20$core..fmt..Octal$u20$for$u20$u16$GT$3fmt17h8ae4fee0c2bbf522E
                0x000000000010f5ec       0x6c ./gen/../tecsrust_uart_led_sample/target/armv7a-none-eabi/release/libitron.a(core-30e5095c3d3ecedf.core.a8cae85694817e56-cgu.0.rcgu.o)
                0x000000000010f5ec                core::fmt::num::<impl core::fmt::Octal for u16>::fmt
 .text._ZN4core3fmt3num50_$LT$impl$u20$core..fmt..Octal$u20$for$u20$u32$GT$3fmt17h968242e0dbe51401E
                0x000000000010f658       0x6c ./gen/../tecsrust_uart_led_sample/target/armv7a-none-eabi/release/libitron.a(core-30e5095c3d3ecedf.core.a8cae85694817e56-cgu.0.rcgu.o)
                0x000000000010f658                core::fmt::num::<impl core::fmt::Octal for u32>::fmt
                0x000000000010f658                core::fmt::num::<impl core::fmt::Octal for usize>::fmt
 .text._ZN4core3fmt3num50_$LT$impl$u20$core..fmt..Octal$u20$for$u20$u64$GT$3fmt17h47ca67d883633978E
                0x000000000010f6c4       0x78 ./gen/../tecsrust_uart_led_sample/target/armv7a-none-eabi/release/libitron.a(core-30e5095c3d3ecedf.core.a8cae85694817e56-cgu.0.rcgu.o)
                0x000000000010f6c4                core::fmt::num::<impl core::fmt::Octal for u64>::fmt
 .text._ZN4core3fmt3num51_$LT$impl$u20$core..fmt..Binary$u20$for$u20$i16$GT$3fmt17hfba9700a4e9cc190E
                0x000000000010f73c       0x6c ./gen/../tecsrust_uart_led_sample/target/armv7a-none-eabi/release/libitron.a(core-30e5095c3d3ecedf.core.a8cae85694817e56-cgu.0.rcgu.o)
                0x000000000010f73c                core::fmt::num::<impl core::fmt::Binary for i16>::fmt
 .text._ZN4core3fmt3num51_$LT$impl$u20$core..fmt..Binary$u20$for$u20$i32$GT$3fmt17h4fc4dfcb4167deefE
                0x000000000010f7a8       0x6c ./gen/../tecsrust_uart_led_sample/target/armv7a-none-eabi/release/libitron.a(core-30e5095c3d3ecedf.core.a8cae85694817e56-cgu.0.rcgu.o)
                0x000000000010f7a8                core::fmt::num::<impl core::fmt::Binary for isize>::fmt
                0x000000000010f7a8                core::fmt::num::<impl core::fmt::Binary for i32>::fmt
 .text._ZN4core3fmt3num51_$LT$impl$u20$core..fmt..Binary$u20$for$u20$i64$GT$3fmt17he5e2798e16651c56E
                0x000000000010f814       0x74 ./gen/../tecsrust_uart_led_sample/target/armv7a-none-eabi/release/libitron.a(core-30e5095c3d3ecedf.core.a8cae85694817e56-cgu.0.rcgu.o)
                0x000000000010f814                core::fmt::num::<impl core::fmt::Binary for i64>::fmt
 .text._ZN4core3fmt3num51_$LT$impl$u20$core..fmt..Binary$u20$for$u20$u16$GT$3fmt17hb881f88fcb633517E
                0x000000000010f888       0x6c ./gen/../tecsrust_uart_led_sample/target/armv7a-none-eabi/release/libitron.a(core-30e5095c3d3ecedf.core.a8cae85694817e56-cgu.0.rcgu.o)
                0x000000000010f888                core::fmt::num::<impl core::fmt::Binary for u16>::fmt
 .text._ZN4core3fmt3num51_$LT$impl$u20$core..fmt..Binary$u20$for$u20$u32$GT$3fmt17hba2488480dc29c43E
                0x000000000010f8f4       0x6c ./gen/../tecsrust_uart_led_sample/target/armv7a-none-eabi/release/libitron.a(core-30e5095c3d3ecedf.core.a8cae85694817e56-cgu.0.rcgu.o)
                0x000000000010f8f4                core::fmt::num::<impl core::fmt::Binary for usize>::fmt
                0x000000000010f8f4                core::fmt::num::<impl core::fmt::Binary for u32>::fmt
 .text._ZN4core3fmt3num51_$LT$impl$u20$core..fmt..Binary$u20$for$u20$u64$GT$3fmt17he87f00d977ade6c8E
                0x000000000010f960       0x74 ./gen/../tecsrust_uart_led_sample/target/armv7a-none-eabi/release/libitron.a(core-30e5095c3d3ecedf.core.a8cae85694817e56-cgu.0.rcgu.o)
                0x000000000010f960                core::fmt::num::<impl core::fmt::Binary for u64>::fmt
 .text._ZN4core3fmt3num51_$LT$impl$u20$core..fmt..Octal$u20$for$u20$i128$GT$3fmt17he36f69137051bc40E
                0x000000000010f9d4       0x9c ./gen/../tecsrust_uart_led_sample/target/armv7a-none-eabi/release/libitron.a(core-30e5095c3d3ecedf.core.a8cae85694817e56-cgu.0.rcgu.o)
                0x000000000010f9d4                core::fmt::num::<impl core::fmt::Octal for i128>::fmt
 .text._ZN4core3fmt3num51_$LT$impl$u20$core..fmt..Octal$u20$for$u20$u128$GT$3fmt17h26440e6b462fe6d9E
                0x000000000010fa70       0x9c ./gen/../tecsrust_uart_led_sample/target/armv7a-none-eabi/release/libitron.a(core-30e5095c3d3ecedf.core.a8cae85694817e56-cgu.0.rcgu.o)
                0x000000000010fa70                core::fmt::num::<impl core::fmt::Octal for u128>::fmt
 .text._ZN4core3fmt3num52_$LT$impl$u20$core..fmt..Binary$u20$for$u20$i128$GT$3fmt17ha816cdfb46e4ff51E
                0x000000000010fb0c       0x90 ./gen/../tecsrust_uart_led_sample/target/armv7a-none-eabi/release/libitron.a(core-30e5095c3d3ecedf.core.a8cae85694817e56-cgu.0.rcgu.o)
                0x000000000010fb0c                core::fmt::num::<impl core::fmt::Binary for i128>::fmt
 .text._ZN4core3fmt3num52_$LT$impl$u20$core..fmt..Binary$u20$for$u20$u128$GT$3fmt17h57af6b0eea6f23f1E
                0x000000000010fb9c       0x90 ./gen/../tecsrust_uart_led_sample/target/armv7a-none-eabi/release/libitron.a(core-30e5095c3d3ecedf.core.a8cae85694817e56-cgu.0.rcgu.o)
                0x000000000010fb9c                core::fmt::num::<impl core::fmt::Binary for u128>::fmt
 .text._ZN4core3fmt3num52_$LT$impl$u20$core..fmt..LowerHex$u20$for$u20$i8$GT$3fmt17h25011cbea9d3ab8bE
                0x000000000010fc2c       0x6c ./gen/../tecsrust_uart_led_sample/target/armv7a-none-eabi/release/libitron.a(core-30e5095c3d3ecedf.core.a8cae85694817e56-cgu.0.rcgu.o)
                0x000000000010fc2c                core::fmt::num::<impl core::fmt::LowerHex for i8>::fmt
 .text._ZN4core3fmt3num52_$LT$impl$u20$core..fmt..LowerHex$u20$for$u20$u8$GT$3fmt17hcfce6570466cf60eE
                0x000000000010fc98       0x6c ./gen/../tecsrust_uart_led_sample/target/armv7a-none-eabi/release/libitron.a(core-30e5095c3d3ecedf.core.a8cae85694817e56-cgu.0.rcgu.o)
                0x000000000010fc98                core::fmt::num::<impl core::fmt::LowerHex for u8>::fmt
 .text._ZN4core3fmt3num52_$LT$impl$u20$core..fmt..UpperHex$u20$for$u20$i8$GT$3fmt17hc7a78ee40da53df3E
                0x000000000010fd04       0x6c ./gen/../tecsrust_uart_led_sample/target/armv7a-none-eabi/release/libitron.a(core-30e5095c3d3ecedf.core.a8cae85694817e56-cgu.0.rcgu.o)
                0x000000000010fd04                core::fmt::num::<impl core::fmt::UpperHex for i8>::fmt
 .text._ZN4core3fmt3num52_$LT$impl$u20$core..fmt..UpperHex$u20$for$u20$u8$GT$3fmt17h785968f314854d94E
                0x000000000010fd70       0x6c ./gen/../tecsrust_uart_led_sample/target/armv7a-none-eabi/release/libitron.a(core-30e5095c3d3ecedf.core.a8cae85694817e56-cgu.0.rcgu.o)
                0x000000000010fd70                core::fmt::num::<impl core::fmt::UpperHex for u8>::fmt
 .text._ZN4core3fmt3num53_$LT$impl$u20$core..fmt..Display$u20$for$u20$i128$GT$3fmt17h5e464839ac660532E
                0x000000000010fddc       0x70 ./gen/../tecsrust_uart_led_sample/target/armv7a-none-eabi/release/libitron.a(core-30e5095c3d3ecedf.core.a8cae85694817e56-cgu.0.rcgu.o)
                0x000000000010fddc                core::fmt::num::<impl core::fmt::Display for i128>::fmt
 .text._ZN4core3fmt3num53_$LT$impl$u20$core..fmt..Display$u20$for$u20$u128$GT$3fmt17hda7bb7b7d1779911E
                0x000000000010fe4c       0x54 ./gen/../tecsrust_uart_led_sample/target/armv7a-none-eabi/release/libitron.a(core-30e5095c3d3ecedf.core.a8cae85694817e56-cgu.0.rcgu.o)
                0x000000000010fe4c                core::fmt::num::<impl core::fmt::Display for u128>::fmt
 .text._ZN4core3fmt3num53_$LT$impl$u20$core..fmt..LowerHex$u20$for$u20$i16$GT$3fmt17h812d6dcd7dfb56efE
                0x000000000010fea0       0x6c ./gen/../tecsrust_uart_led_sample/target/armv7a-none-eabi/release/libitron.a(core-30e5095c3d3ecedf.core.a8cae85694817e56-cgu.0.rcgu.o)
                0x000000000010fea0                core::fmt::num::<impl core::fmt::LowerHex for i16>::fmt
 .text._ZN4core3fmt3num53_$LT$impl$u20$core..fmt..LowerHex$u20$for$u20$i32$GT$3fmt17h3c712ffb7e666d0fE
                0x000000000010ff0c       0x6c ./gen/../tecsrust_uart_led_sample/target/armv7a-none-eabi/release/libitron.a(core-30e5095c3d3ecedf.core.a8cae85694817e56-cgu.0.rcgu.o)
                0x000000000010ff0c                core::fmt::num::<impl core::fmt::LowerHex for i32>::fmt
                0x000000000010ff0c                core::fmt::num::<impl core::fmt::LowerHex for isize>::fmt
 .text._ZN4core3fmt3num53_$LT$impl$u20$core..fmt..LowerHex$u20$for$u20$i64$GT$3fmt17h8b2353ca4607c7a2E
                0x000000000010ff78       0x78 ./gen/../tecsrust_uart_led_sample/target/armv7a-none-eabi/release/libitron.a(core-30e5095c3d3ecedf.core.a8cae85694817e56-cgu.0.rcgu.o)
                0x000000000010ff78                core::fmt::num::<impl core::fmt::LowerHex for i64>::fmt
 .text._ZN4core3fmt3num53_$LT$impl$u20$core..fmt..LowerHex$u20$for$u20$u16$GT$3fmt17h7d129135ecda658fE
                0x000000000010fff0       0x6c ./gen/../tecsrust_uart_led_sample/target/armv7a-none-eabi/release/libitron.a(core-30e5095c3d3ecedf.core.a8cae85694817e56-cgu.0.rcgu.o)
                0x000000000010fff0                core::fmt::num::<impl core::fmt::LowerHex for u16>::fmt
 .text._ZN4core3fmt3num53_$LT$impl$u20$core..fmt..LowerHex$u20$for$u20$u32$GT$3fmt17he3b70665f8cb6bf3E
                0x000000000011005c       0x6c ./gen/../tecsrust_uart_led_sample/target/armv7a-none-eabi/release/libitron.a(core-30e5095c3d3ecedf.core.a8cae85694817e56-cgu.0.rcgu.o)
                0x000000000011005c                core::fmt::num::<impl core::fmt::LowerHex for usize>::fmt
                0x000000000011005c                core::fmt::num::<impl core::fmt::LowerHex for u32>::fmt
 .text._ZN4core3fmt3num53_$LT$impl$u20$core..fmt..LowerHex$u20$for$u20$u64$GT$3fmt17h748048bd0e413f1aE
                0x00000000001100c8       0x78 ./gen/../tecsrust_uart_led_sample/target/armv7a-none-eabi/release/libitron.a(core-30e5095c3d3ecedf.core.a8cae85694817e56-cgu.0.rcgu.o)
                0x00000000001100c8                core::fmt::num::<impl core::fmt::LowerHex for u64>::fmt
 .text._ZN4core3fmt3num53_$LT$impl$u20$core..fmt..UpperHex$u20$for$u20$i16$GT$3fmt17h8727b0ce97fec3ceE
                0x0000000000110140       0x6c ./gen/../tecsrust_uart_led_sample/target/armv7a-none-eabi/release/libitron.a(core-30e5095c3d3ecedf.core.a8cae85694817e56-cgu.0.rcgu.o)
                0x0000000000110140                core::fmt::num::<impl core::fmt::UpperHex for i16>::fmt
 .text._ZN4core3fmt3num53_$LT$impl$u20$core..fmt..UpperHex$u20$for$u20$i32$GT$3fmt17hf702e96e4ca4aa81E
                0x00000000001101ac       0x6c ./gen/../tecsrust_uart_led_sample/target/armv7a-none-eabi/release/libitron.a(core-30e5095c3d3ecedf.core.a8cae85694817e56-cgu.0.rcgu.o)
                0x00000000001101ac                core::fmt::num::<impl core::fmt::UpperHex for isize>::fmt
                0x00000000001101ac                core::fmt::num::<impl core::fmt::UpperHex for i32>::fmt
 .text._ZN4core3fmt3num53_$LT$impl$u20$core..fmt..UpperHex$u20$for$u20$i64$GT$3fmt17h29fa6fb4d1282502E
                0x0000000000110218       0x78 ./gen/../tecsrust_uart_led_sample/target/armv7a-none-eabi/release/libitron.a(core-30e5095c3d3ecedf.core.a8cae85694817e56-cgu.0.rcgu.o)
                0x0000000000110218                core::fmt::num::<impl core::fmt::UpperHex for i64>::fmt
 .text._ZN4core3fmt3num53_$LT$impl$u20$core..fmt..UpperHex$u20$for$u20$u16$GT$3fmt17h69d3c3be6d8d21b8E
                0x0000000000110290       0x6c ./gen/../tecsrust_uart_led_sample/target/armv7a-none-eabi/release/libitron.a(core-30e5095c3d3ecedf.core.a8cae85694817e56-cgu.0.rcgu.o)
                0x0000000000110290                core::fmt::num::<impl core::fmt::UpperHex for u16>::fmt
 .text._ZN4core3fmt3num53_$LT$impl$u20$core..fmt..UpperHex$u20$for$u20$u32$GT$3fmt17h34bc73159353c8cfE
                0x00000000001102fc       0x6c ./gen/../tecsrust_uart_led_sample/target/armv7a-none-eabi/release/libitron.a(core-30e5095c3d3ecedf.core.a8cae85694817e56-cgu.0.rcgu.o)
                0x00000000001102fc                core::fmt::num::<impl core::fmt::UpperHex for u32>::fmt
                0x00000000001102fc                core::fmt::num::<impl core::fmt::UpperHex for usize>::fmt
 .text._ZN4core3fmt3num53_$LT$impl$u20$core..fmt..UpperHex$u20$for$u20$u64$GT$3fmt17h6b621b4f4b96f9a5E
                0x0000000000110368       0x78 ./gen/../tecsrust_uart_led_sample/target/armv7a-none-eabi/release/libitron.a(core-30e5095c3d3ecedf.core.a8cae85694817e56-cgu.0.rcgu.o)
                0x0000000000110368                core::fmt::num::<impl core::fmt::UpperHex for u64>::fmt
 .text._ZN4core3fmt3num54_$LT$impl$u20$core..fmt..LowerExp$u20$for$u20$i128$GT$3fmt17h6e8aa022ef441957E
                0x00000000001103e0       0x60 ./gen/../tecsrust_uart_led_sample/target/armv7a-none-eabi/release/libitron.a(core-30e5095c3d3ecedf.core.a8cae85694817e56-cgu.0.rcgu.o)
                0x00000000001103e0                core::fmt::num::<impl core::fmt::LowerExp for i128>::fmt
 .text._ZN4core3fmt3num54_$LT$impl$u20$core..fmt..LowerExp$u20$for$u20$u128$GT$3fmt17ha8b1759a70c077adE
                0x0000000000110440       0x3c ./gen/../tecsrust_uart_led_sample/target/armv7a-none-eabi/release/libitron.a(core-30e5095c3d3ecedf.core.a8cae85694817e56-cgu.0.rcgu.o)
                0x0000000000110440                core::fmt::num::<impl core::fmt::LowerExp for u128>::fmt
 .text._ZN4core3fmt3num54_$LT$impl$u20$core..fmt..LowerHex$u20$for$u20$i128$GT$3fmt17hb573b1bce5548a1cE
                0x000000000011047c       0x9c ./gen/../tecsrust_uart_led_sample/target/armv7a-none-eabi/release/libitron.a(core-30e5095c3d3ecedf.core.a8cae85694817e56-cgu.0.rcgu.o)
                0x000000000011047c                core::fmt::num::<impl core::fmt::LowerHex for i128>::fmt
 .text._ZN4core3fmt3num54_$LT$impl$u20$core..fmt..LowerHex$u20$for$u20$u128$GT$3fmt17he505d0df3e99c7fcE
                0x0000000000110518       0x9c ./gen/../tecsrust_uart_led_sample/target/armv7a-none-eabi/release/libitron.a(core-30e5095c3d3ecedf.core.a8cae85694817e56-cgu.0.rcgu.o)
                0x0000000000110518                core::fmt::num::<impl core::fmt::LowerHex for u128>::fmt
 .text._ZN4core3fmt3num54_$LT$impl$u20$core..fmt..UpperExp$u20$for$u20$i128$GT$3fmt17h2258bc30eb911759E
                0x00000000001105b4       0x60 ./gen/../tecsrust_uart_led_sample/target/armv7a-none-eabi/release/libitron.a(core-30e5095c3d3ecedf.core.a8cae85694817e56-cgu.0.rcgu.o)
                0x00000000001105b4                core::fmt::num::<impl core::fmt::UpperExp for i128>::fmt
 .text._ZN4core3fmt3num54_$LT$impl$u20$core..fmt..UpperExp$u20$for$u20$u128$GT$3fmt17hf35a5de26bb1601cE
                0x0000000000110614       0x3c ./gen/../tecsrust_uart_led_sample/target/armv7a-none-eabi/release/libitron.a(core-30e5095c3d3ecedf.core.a8cae85694817e56-cgu.0.rcgu.o)
                0x0000000000110614                core::fmt::num::<impl core::fmt::UpperExp for u128>::fmt
 .text._ZN4core3fmt3num54_$LT$impl$u20$core..fmt..UpperHex$u20$for$u20$i128$GT$3fmt17h1341dfbb881a737cE
                0x0000000000110650       0x9c ./gen/../tecsrust_uart_led_sample/target/armv7a-none-eabi/release/libitron.a(core-30e5095c3d3ecedf.core.a8cae85694817e56-cgu.0.rcgu.o)
                0x0000000000110650                core::fmt::num::<impl core::fmt::UpperHex for i128>::fmt
 .text._ZN4core3fmt3num54_$LT$impl$u20$core..fmt..UpperHex$u20$for$u20$u128$GT$3fmt17hd4d40ab09295cb3aE
                0x00000000001106ec       0x9c ./gen/../tecsrust_uart_led_sample/target/armv7a-none-eabi/release/libitron.a(core-30e5095c3d3ecedf.core.a8cae85694817e56-cgu.0.rcgu.o)
                0x00000000001106ec                core::fmt::num::<impl core::fmt::UpperHex for u128>::fmt
 .text._ZN4core3fmt3num8exp_u12817h4b630a86beff5ecdE
                0x0000000000110788     0x34ec ./gen/../tecsrust_uart_led_sample/target/armv7a-none-eabi/release/libitron.a(core-30e5095c3d3ecedf.core.a8cae85694817e56-cgu.0.rcgu.o)
 .text._ZN4core3fmt5Write10write_char17h1b2faaaab1f85033E
                0x0000000000113c74       0xe0 ./gen/../tecsrust_uart_led_sample/target/armv7a-none-eabi/release/libitron.a(core-30e5095c3d3ecedf.core.a8cae85694817e56-cgu.0.rcgu.o)
 .text._ZN4core3fmt5Write10write_char17h611483370c821119E
                0x0000000000113d54       0xe0 ./gen/../tecsrust_uart_led_sample/target/armv7a-none-eabi/release/libitron.a(core-30e5095c3d3ecedf.core.a8cae85694817e56-cgu.0.rcgu.o)
 .text._ZN4core3fmt5Write10write_char17haa61e7fb2c63a0f1E
                0x0000000000113e34       0xe0 ./gen/../tecsrust_uart_led_sample/target/armv7a-none-eabi/release/libitron.a(core-30e5095c3d3ecedf.core.a8cae85694817e56-cgu.0.rcgu.o)
 .text._ZN4core3fmt5Write10write_char17hcd3f42004c7fcf4bE
                0x0000000000113f14       0xe0 ./gen/../tecsrust_uart_led_sample/target/armv7a-none-eabi/release/libitron.a(core-30e5095c3d3ecedf.core.a8cae85694817e56-cgu.0.rcgu.o)
 .text._ZN4core3fmt5Write9write_fmt17h0b93d56755cf62a0E
                0x0000000000113ff4       0x14 ./gen/../tecsrust_uart_led_sample/target/armv7a-none-eabi/release/libitron.a(core-30e5095c3d3ecedf.core.a8cae85694817e56-cgu.0.rcgu.o)
 .text._ZN4core3fmt5Write9write_fmt17h2db5a14b1ce3fd2aE
                0x0000000000114008       0x14 ./gen/../tecsrust_uart_led_sample/target/armv7a-none-eabi/release/libitron.a(core-30e5095c3d3ecedf.core.a8cae85694817e56-cgu.0.rcgu.o)
 .text._ZN4core3fmt5Write9write_fmt17h54138623857fdd01E
                0x000000000011401c       0x14 ./gen/../tecsrust_uart_led_sample/target/armv7a-none-eabi/release/libitron.a(core-30e5095c3d3ecedf.core.a8cae85694817e56-cgu.0.rcgu.o)
 .text._ZN4core3fmt5Write9write_fmt17h9b9fef56c6d873d1E
                0x0000000000114030       0x14 ./gen/../tecsrust_uart_led_sample/target/armv7a-none-eabi/release/libitron.a(core-30e5095c3d3ecedf.core.a8cae85694817e56-cgu.0.rcgu.o)
 .text._ZN4core3fmt5Write9write_fmt17hb1d117fb8080efaeE
                0x0000000000114044       0x14 ./gen/../tecsrust_uart_led_sample/target/armv7a-none-eabi/release/libitron.a(core-30e5095c3d3ecedf.core.a8cae85694817e56-cgu.0.rcgu.o)
 .text._ZN4core3fmt5float29float_to_decimal_common_exact17h0500179d1a56635aE
                0x0000000000114058      0x364 ./gen/../tecsrust_uart_led_sample/target/armv7a-none-eabi/release/libitron.a(core-30e5095c3d3ecedf.core.a8cae85694817e56-cgu.0.rcgu.o)
 .text._ZN4core3fmt5float29float_to_decimal_common_exact17h73c17d29cd1f4215E
                0x00000000001143bc      0x35c ./gen/../tecsrust_uart_led_sample/target/armv7a-none-eabi/release/libitron.a(core-30e5095c3d3ecedf.core.a8cae85694817e56-cgu.0.rcgu.o)
 .text._ZN4core3fmt5float29float_to_decimal_common_exact17h82af232ef814338cE
                0x0000000000114718      0x3a4 ./gen/../tecsrust_uart_led_sample/target/armv7a-none-eabi/release/libitron.a(core-30e5095c3d3ecedf.core.a8cae85694817e56-cgu.0.rcgu.o)
 .text._ZN4core3fmt5float32float_to_decimal_common_shortest17h24a2285f947e763eE
                0x0000000000114abc      0x2d8 ./gen/../tecsrust_uart_led_sample/target/armv7a-none-eabi/release/libitron.a(core-30e5095c3d3ecedf.core.a8cae85694817e56-cgu.0.rcgu.o)
 .text._ZN4core3fmt5float32float_to_decimal_common_shortest17h71fcba8bed30e3e2E
                0x0000000000114d94      0x294 ./gen/../tecsrust_uart_led_sample/target/armv7a-none-eabi/release/libitron.a(core-30e5095c3d3ecedf.core.a8cae85694817e56-cgu.0.rcgu.o)
 .text._ZN4core3fmt5float32float_to_decimal_common_shortest17hcb4606a3651142d3E
                0x0000000000115028      0x2ac ./gen/../tecsrust_uart_led_sample/target/armv7a-none-eabi/release/libitron.a(core-30e5095c3d3ecedf.core.a8cae85694817e56-cgu.0.rcgu.o)
 .text._ZN4core3fmt5float33float_to_exponential_common_exact17h86092f925c5309abE
                0x00000000001152d4      0x37c ./gen/../tecsrust_uart_led_sample/target/armv7a-none-eabi/release/libitron.a(core-30e5095c3d3ecedf.core.a8cae85694817e56-cgu.0.rcgu.o)
 .text._ZN4core3fmt5float33float_to_exponential_common_exact17hb10cf59fc4cacca0E
                0x0000000000115650      0x388 ./gen/../tecsrust_uart_led_sample/target/armv7a-none-eabi/release/libitron.a(core-30e5095c3d3ecedf.core.a8cae85694817e56-cgu.0.rcgu.o)
 .text._ZN4core3fmt5float33float_to_exponential_common_exact17hdb4c31915540e131E
                0x00000000001159d8      0x3d4 ./gen/../tecsrust_uart_led_sample/target/armv7a-none-eabi/release/libitron.a(core-30e5095c3d3ecedf.core.a8cae85694817e56-cgu.0.rcgu.o)
 .text._ZN4core3fmt5float36float_to_exponential_common_shortest17h472606ec267511f4E
                0x0000000000115dac      0x390 ./gen/../tecsrust_uart_led_sample/target/armv7a-none-eabi/release/libitron.a(core-30e5095c3d3ecedf.core.a8cae85694817e56-cgu.0.rcgu.o)
 .text._ZN4core3fmt5float36float_to_exponential_common_shortest17ha28691ea9197d217E
                0x000000000011613c      0x354 ./gen/../tecsrust_uart_led_sample/target/armv7a-none-eabi/release/libitron.a(core-30e5095c3d3ecedf.core.a8cae85694817e56-cgu.0.rcgu.o)
 .text._ZN4core3fmt5float36float_to_exponential_common_shortest17hc55c64b28446b5c6E