Archive member included to satisfy reference by file (symbol)

./gen/../tecsrust_uart_led_sample/target/armv7a-none-eabi/release/libitron.a(itron-927bebc41834e651.itron.faadfb514e9fd45b-cgu.0.rcgu.o)
                              objs/kernel_cfg.o (tecs_rust_start_r_processor1_symmetric_uart_ini)
./gen/../tecsrust_uart_led_sample/target/armv7a-none-eabi/release/libitron.a(itron-ca7742246eb67e1a.itron.8e82c953f0654113-cgu.0.rcgu.o)
                              ./gen/../tecsrust_uart_led_sample/target/armv7a-none-eabi/release/libitron.a(itron-927bebc41834e651.itron.faadfb514e9fd45b-cgu.0.rcgu.o) (<itron::error::ErrorCode as core::fmt::Debug>::fmt)
./gen/../tecsrust_uart_led_sample/target/armv7a-none-eabi/release/libitron.a(core-30e5095c3d3ecedf.core.a8cae85694817e56-cgu.0.rcgu.o)
                              ./gen/../tecsrust_uart_led_sample/target/armv7a-none-eabi/release/libitron.a(itron-ca7742246eb67e1a.itron.8e82c953f0654113-cgu.0.rcgu.o) (core::fmt::write)
./gen/../tecsrust_uart_led_sample/target/armv7a-none-eabi/release/libitron.a(compiler_builtins-26194886dadfbd89.compiler_builtins.e9884b5babc42a42-cgu.106.rcgu.o)
                              ./gen/../tecsrust_uart_led_sample/target/armv7a-none-eabi/release/libitron.a(core-30e5095c3d3ecedf.core.a8cae85694817e56-cgu.0.rcgu.o) (memcmp)
./gen/../tecsrust_uart_led_sample/target/armv7a-none-eabi/release/libitron.a(compiler_builtins-26194886dadfbd89.compiler_builtins.e9884b5babc42a42-cgu.156.rcgu.o)
                              ./gen/../tecsrust_uart_led_sample/target/armv7a-none-eabi/release/libitron.a(core-30e5095c3d3ecedf.core.a8cae85694817e56-cgu.0.rcgu.o) (__aeabi_memclr8)
./gen/../tecsrust_uart_led_sample/target/armv7a-none-eabi/release/libitron.a(compiler_builtins-26194886dadfbd89.compiler_builtins.e9884b5babc42a42-cgu.172.rcgu.o)
                              ./gen/../tecsrust_uart_led_sample/target/armv7a-none-eabi/release/libitron.a(core-30e5095c3d3ecedf.core.a8cae85694817e56-cgu.0.rcgu.o) (__aeabi_ul2d)
./gen/../tecsrust_uart_led_sample/target/armv7a-none-eabi/release/libitron.a(compiler_builtins-26194886dadfbd89.compiler_builtins.e9884b5babc42a42-cgu.177.rcgu.o)
                              ./gen/../tecsrust_uart_led_sample/target/armv7a-none-eabi/release/libitron.a(core-30e5095c3d3ecedf.core.a8cae85694817e56-cgu.0.rcgu.o) (__aeabi_dcmplt)
./gen/../tecsrust_uart_led_sample/target/armv7a-none-eabi/release/libitron.a(compiler_builtins-26194886dadfbd89.compiler_builtins.e9884b5babc42a42-cgu.185.rcgu.o)
                              ./gen/../tecsrust_uart_led_sample/target/armv7a-none-eabi/release/libitron.a(core-30e5095c3d3ecedf.core.a8cae85694817e56-cgu.0.rcgu.o) (__aeabi_memclr4)
./gen/../tecsrust_uart_led_sample/target/armv7a-none-eabi/release/libitron.a(compiler_builtins-26194886dadfbd89.compiler_builtins.e9884b5babc42a42-cgu.188.rcgu.o)
                              ./gen/../tecsrust_uart_led_sample/target/armv7a-none-eabi/release/libitron.a(core-30e5095c3d3ecedf.core.a8cae85694817e56-cgu.0.rcgu.o) (__aeabi_memcpy4)
./gen/../tecsrust_uart_led_sample/target/armv7a-none-eabi/release/libitron.a(compiler_builtins-26194886dadfbd89.compiler_builtins.e9884b5babc42a42-cgu.204.rcgu.o)
                              ./gen/../tecsrust_uart_led_sample/target/armv7a-none-eabi/release/libitron.a(core-30e5095c3d3ecedf.core.a8cae85694817e56-cgu.0.rcgu.o) (__aeabi_fdiv)
./gen/../tecsrust_uart_led_sample/target/armv7a-none-eabi/release/libitron.a(compiler_builtins-26194886dadfbd89.compiler_builtins.e9884b5babc42a42-cgu.212.rcgu.o)
                              ./gen/../tecsrust_uart_led_sample/target/armv7a-none-eabi/release/libitron.a(core-30e5095c3d3ecedf.core.a8cae85694817e56-cgu.0.rcgu.o) (__aeabi_dmul)
./gen/../tecsrust_uart_led_sample/target/armv7a-none-eabi/release/libitron.a(compiler_builtins-26194886dadfbd89.compiler_builtins.e9884b5babc42a42-cgu.222.rcgu.o)
                              ./gen/../tecsrust_uart_led_sample/target/armv7a-none-eabi/release/libitron.a(core-30e5095c3d3ecedf.core.a8cae85694817e56-cgu.0.rcgu.o) (__aeabi_f2h)
./gen/../tecsrust_uart_led_sample/target/armv7a-none-eabi/release/libitron.a(compiler_builtins-26194886dadfbd89.compiler_builtins.e9884b5babc42a42-cgu.255.rcgu.o)
                              ./gen/../tecsrust_uart_led_sample/target/armv7a-none-eabi/release/libitron.a(core-30e5095c3d3ecedf.core.a8cae85694817e56-cgu.0.rcgu.o) (__aeabi_h2f)
./gen/../tecsrust_uart_led_sample/target/armv7a-none-eabi/release/libitron.a(compiler_builtins-26194886dadfbd89.compiler_builtins.e9884b5babc42a42-cgu.260.rcgu.o)
                              ./gen/../tecsrust_uart_led_sample/target/armv7a-none-eabi/release/libitron.a(core-30e5095c3d3ecedf.core.a8cae85694817e56-cgu.0.rcgu.o) (__aeabi_fmul)
./gen/../tecsrust_uart_led_sample/target/armv7a-none-eabi/release/libitron.a(compiler_builtins-26194886dadfbd89.compiler_builtins.e9884b5babc42a42-cgu.273.rcgu.o)
[...]
Memory Configuration

Name             Origin             Length             Attributes
RAM              0x0000000000100000 0x000000001ff00000 xrw
*default*        0x0000000000000000 0xffffffffffffffff

Linker script and memory map

                [!provide]                        PROVIDE (hardware_init_hook = 0x0)
                0x0000000000000000                PROVIDE (software_init_hook = 0x0)
                0x0000000000000000                PROVIDE (software_term_hook = 0x0)

.text           0x0000000000100000    0x31ab0
                0x0000000000100000                __start_text = .
 *(.vector)
 .vector        0x0000000000100000       0x3c ./libkernel.a(core_support.o)
                0x0000000000100000                vector_table
                0x0000000000100020                vector_ref_table
 *(.text)
 .text          0x000000000010003c      0x11c objs/start.o
                0x000000000010003c                start
 .text          0x0000000000100158      0x42c objs/log_output.o
                0x0000000000100260                syslog_printf
                0x00000000001004f8                syslog_print
                0x000000000010054c                syslog_lostmsg
 .text          0x0000000000100584      0x2a8 objs/vasyslog.o
                0x0000000000100584                tt_syslog
 .text          0x000000000010082c       0x50 objs/t_perror.o
                0x000000000010082c                tt_perror
 .text          0x000000000010087c       0x24 objs/strerror.o
                0x000000000010087c                itron_strerror
 .text          0x00000000001008a0        0x4 objs/tTask_rProcessor1Migratable_tecsgen.o
                0x00000000001008a0                tTask_CB_initialize
 .text          0x00000000001008a4        0x4 objs/tSemaphore_rProcessor1Migratable_tecsgen.o
                0x00000000001008a4                tSemaphore_CB_initialize
 .text          0x00000000001008a8        0x4 objs/tInterruptRequest_rProcessor1Migratable_tecsgen.o
                0x00000000001008a8                tInterruptRequest_CB_initialize
 .text          0x00000000001008ac        0x4 objs/tISR_rProcessor1Migratable_tecsgen.o
                0x00000000001008ac                tISR_CB_initialize
 .text          0x00000000001008b0        0x4 objs/tTerminateRoutine_rProcessor1Migratable_tecsgen.o
                0x00000000001008b0                tTerminateRoutine_CB_initialize
 .text          0x00000000001008b4       0x50 objs/tSerialPortMain_rProcessor1Migratable_tecsgen.o
                0x00000000001008b4                tSerialPortMain_eSerialPort_open_skel
                0x00000000001008bc                tSerialPortMain_eSerialPort_close_skel
                0x00000000001008c4                tSerialPortMain_eSerialPort_read_skel
                0x00000000001008cc                tSerialPortMain_eSerialPort_write_skel
                0x00000000001008d4                tSerialPortMain_eSerialPort_control_skel
                0x00000000001008dc                tSerialPortMain_eSerialPort_refer_skel
                0x00000000001008e4                tSerialPortMain_CB_initialize
 .text          0x0000000000100904        0x4 objs/tSerialAdapter_rProcessor1Migratable_tecsgen.o
                0x0000000000100904                tSerialAdapter_CB_initialize
 .text          0x0000000000100908       0x38 objs/tSysLog_rProcessor1Migratable_tecsgen.o
                0x0000000000100908                tSysLog_CB_initialize
 .text          0x0000000000100940        0x4 objs/tSysLogAdapter_rProcessor1Migratable_tecsgen.o
                0x0000000000100940                tSysLogAdapter_CB_initialize
 .text          0x0000000000100944        0x8 objs/tLogTaskMain_rProcessor1Migratable_tecsgen.o
                0x0000000000100944                tLogTaskMain_eLogTaskTerminate_main_skel
                0x0000000000100948                tLogTaskMain_CB_initialize
 .text          0x000000000010094c        0x4 objs/tPutLogZyboZ7_rProcessor1Migratable_tecsgen.o
                0x000000000010094c                tPutLogZyboZ7_CB_initialize
 .text          0x0000000000100950       0x20 objs/tXUartPs_rProcessor1Migratable_tecsgen.o
                0x0000000000100950                tXUartPs_eTerminate_main_skel
                0x0000000000100958                tXUartPs_CB_initialize
 .text          0x0000000000100970        0x4 objs/tSIOPortZyboZ7Main_rProcessor1Migratable_tecsgen.o
                0x0000000000100970                tSIOPortZyboZ7Main_CB_initialize
 .text          0x0000000000100974        0x4 objs/tTask.o
                0x0000000000100974                tTask_start
 .text          0x0000000000100978        0x0 objs/tInterruptRequest.o
 .text          0x0000000000100978        0xc objs/tISR.o
                0x0000000000100978                tISR_start
 .text          0x0000000000100984       0x10 objs/tTerminateRoutine.o
                0x0000000000100984                tTerminateRoutine_start
 .text          0x0000000000100994      0x9e8 objs/tSerialPortMain.o
                0x0000000000100abc                tSerialPortMain_eSerialPort_open
                0x0000000000100ba0                tSerialPortMain_eSerialPort_close
                0x0000000000100c78                tSerialPortMain_eSerialPort_write
                0x0000000000100d84                tSerialPortMain_eSerialPort_read
                0x0000000000100fb8                tSerialPortMain_eSerialPort_control
                0x0000000000101008                tSerialPortMain_eSerialPort_refer
                0x0000000000101060                tSerialPortMain_eiSIOCBR_readySend
                0x000000000010112c                tSerialPortMain_eiSIOCBR_readyReceive
                0x0000000000101318                tSerialPortMain_enSerialPortManage_getChar
 .text          0x000000000010137c      0x258 objs/tSerialAdapter.o
                0x000000000010137c                serial_opn_por
                0x00000000001013d8                serial_cls_por
                0x0000000000101434                serial_rea_dat
                0x00000000001014a0                serial_wri_dat
                0x000000000010150c                serial_ctl_por
                0x0000000000101570                serial_ref_por
 .text          0x00000000001015d4      0x2cc objs/tSysLog.o
                0x00000000001015d8                tSysLog_eSysLog_write
                0x00000000001016f0                tSysLog_eSysLog_read
                0x0000000000101790                tSysLog_eSysLog_mask
                0x00000000001017c0                tSysLog_eSysLog_refer
                0x000000000010180c                tSysLog_eSysLog_flush
 .text          0x00000000001018a0       0x14 objs/tSysLogAdapter.o
                0x00000000001018a0                syslog_wri_log
                0x00000000001018a4                syslog_rea_log
                0x00000000001018a8                syslog_msk_log
                0x00000000001018ac                syslog_ref_log
                0x00000000001018b0                syslog_fls_log
 .text          0x00000000001018b4      0x21c objs/tLogTaskMain.o
                0x00000000001018b4                target_fput_log
                0x00000000001018e4                tLogTaskMain_eLogTask_flush
                0x0000000000101990                tLogTaskMain_eLogTaskBody_main
                0x0000000000101a10                tLogTaskMain_eLogTaskTerminate_main
 .text          0x0000000000101ad0       0x74 objs/tPutLogZyboZ7.o
                0x0000000000101ad0                tPutLogZyboZ7_initialize
                0x0000000000101af4                tPutLogZyboZ7_ePutLog_putChar
 .text          0x0000000000101b44      0x1f4 objs/tXUartPs.o
                0x0000000000101b44                tXUartPs_eTerminate_main
                0x0000000000101b84                tXUartPs_eSIOPort_open
                0x0000000000101bec                tXUartPs_eSIOPort_close
                0x0000000000101c1c                tXUartPs_eSIOPort_putChar
                0x0000000000101c3c                tXUartPs_eSIOPort_getChar
                0x0000000000101c5c                tXUartPs_eSIOPort_enableCBR
                0x0000000000101c90                tXUartPs_eSIOPort_disableCBR
                0x0000000000101cc4                tXUartPs_eiISR_main
 .text          0x0000000000101d38       0x3c objs/init_tecs.o
                0x0000000000101d38                initialize_tecs
 .text          0x0000000000101d74       0x6c objs/kernel_cfg.o
                0x0000000000101d74                _kernel_inthdr_82
                0x0000000000101db8                _kernel_initialize_object
 .text          0x0000000000101de0        0x0 ./gen/../tecsrust_uart_led_sample/target/armv7a-none-eabi/release/libitron.a(itron-927bebc41834e651.itron.faadfb514e9fd45b-cgu.0.rcgu.o)
 .text          0x0000000000101de0        0x0 ./gen/../tecsrust_uart_led_sample/target/armv7a-none-eabi/release/libitron.a(itron-ca7742246eb67e1a.itron.8e82c953f0654113-cgu.0.rcgu.o)
 .text          0x0000000000101de0        0x0 ./gen/../tecsrust_uart_led_sample/target/armv7a-none-eabi/release/libitron.a(core-30e5095c3d3ecedf.core.a8cae85694817e56-cgu.0.rcgu.o)
 .text          0x0000000000101de0        0x0 ./gen/../tecsrust_uart_led_sample/target/armv7a-none-eabi/release/libitron.a(compiler_builtins-26194886dadfbd89.compiler_builtins.e9884b5babc42a42-cgu.106.rcgu.o)
 .text          0x0000000000101de0        0x0 ./gen/../tecsrust_uart_led_sample/target/armv7a-none-eabi/release/libitron.a(compiler_builtins-26194886dadfbd89.compiler_builtins.e9884b5babc42a42-cgu.156.rcgu.o)
 .text          0x0000000000101de0        0x0 ./gen/../tecsrust_uart_led_sample/target/armv7a-none-eabi/release/libitron.a(compiler_builtins-26194886dadfbd89.compiler_builtins.e9884b5babc42a42-cgu.172.rcgu.o)
 .text          0x0000000000101de0        0x0 ./gen/../tecsrust_uart_led_sample/target/armv7a-none-eabi/release/libitron.a(compiler_builtins-26194886dadfbd89.compiler_builtins.e9884b5babc42a42-cgu.177.rcgu.o)
 .text          0x0000000000101de0        0x0 ./gen/../tecsrust_uart_led_sample/target/armv7a-none-eabi/release/libitron.a(compiler_builtins-26194886dadfbd89.compiler_builtins.e9884b5babc42a42-cgu.185.rcgu.o)
 .text          0x0000000000101de0        0x0 ./gen/../tecsrust_uart_led_sample/target/armv7a-none-eabi/release/libitron.a(compiler_builtins-26194886dadfbd89.compiler_builtins.e9884b5babc42a42-cgu.188.rcgu.o)
 .text          0x0000000000101de0        0x0 ./gen/../tecsrust_uart_led_sample/target/armv7a-none-eabi/release/libitron.a(compiler_builtins-26194886dadfbd89.compiler_builtins.e9884b5babc42a42-cgu.204.rcgu.o)
 .text          0x0000000000101de0        0x0 ./gen/../tecsrust_uart_led_sample/target/armv7a-none-eabi/release/libitron.a(compiler_builtins-26194886dadfbd89.compiler_builtins.e9884b5babc42a42-cgu.212.rcgu.o)
 .text          0x0000000000101de0        0x0 ./gen/../tecsrust_uart_led_sample/target/armv7a-none-eabi/release/libitron.a(compiler_builtins-26194886dadfbd89.compiler_builtins.e9884b5babc42a42-cgu.222.rcgu.o)
 .text          0x0000000000101de0        0x0 ./gen/../tecsrust_uart_led_sample/target/armv7a-none-eabi/release/libitron.a(compiler_builtins-26194886dadfbd89.compiler_builtins.e9884b5babc42a42-cgu.255.rcgu.o)
 .text          0x0000000000101de0        0x0 ./gen/../tecsrust_uart_led_sample/target/armv7a-none-eabi/release/libitron.a(compiler_builtins-26194886dadfbd89.compiler_builtins.e9884b5babc42a42-cgu.260.rcgu.o)
 .text          0x0000000000101de0        0x0 ./gen/../tecsrust_uart_led_sample/target/armv7a-none-eabi/release/libitron.a(compiler_builtins-26194886dadfbd89.compiler_builtins.e9884b5babc42a42-cgu.273.rcgu.o)
 .text          0x0000000000101de0        0x0 ./gen/../tecsrust_uart_led_sample/target/armv7a-none-eabi/release/libitron.a(compiler_builtins-26194886dadfbd89.compiler_builtins.e9884b5babc42a42-cgu.278.rcgu.o)
 .text          0x0000000000101de0        0x0 ./gen/../tecsrust_uart_led_sample/target/armv7a-none-eabi/release/libitron.a(compiler_builtins-26194886dadfbd89.compiler_builtins.e9884b5babc42a42-cgu.285.rcgu.o)
 .text          0x0000000000101de0        0x0 ./gen/../tecsrust_uart_led_sample/target/armv7a-none-eabi/release/libitron.a(compiler_builtins-26194886dadfbd89.compiler_builtins.e9884b5babc42a42-cgu.289.rcgu.o)
 .text          0x0000000000101de0        0x0 ./gen/../tecsrust_uart_led_sample/target/armv7a-none-eabi/release/libitron.a(compiler_builtins-26194886dadfbd89.compiler_builtins.e9884b5babc42a42-cgu.301.rcgu.o)
 .text          0x0000000000101de0        0x0 ./gen/../tecsrust_uart_led_sample/target/armv7a-none-eabi/release/libitron.a(compiler_builtins-26194886dadfbd89.compiler_builtins.e9884b5babc42a42-cgu.305.rcgu.o)
 .text          0x0000000000101de0        0x0 ./gen/../tecsrust_uart_led_sample/target/armv7a-none-eabi/release/libitron.a(compiler_builtins-26194886dadfbd89.compiler_builtins.e9884b5babc42a42-cgu.313.rcgu.o)
 .text          0x0000000000101de0        0x0 ./gen/../tecsrust_uart_led_sample/target/armv7a-none-eabi/release/libitron.a(compiler_builtins-26194886dadfbd89.compiler_builtins.e9884b5babc42a42-cgu.314.rcgu.o)
 .text          0x0000000000101de0        0x0 ./gen/../tecsrust_uart_led_sample/target/armv7a-none-eabi/release/libitron.a(compiler_builtins-26194886dadfbd89.compiler_builtins.e9884b5babc42a42-cgu.354.rcgu.o)
 .text          0x0000000000101de0        0x0 ./gen/../tecsrust_uart_led_sample/target/armv7a-none-eabi/release/libitron.a(compiler_builtins-26194886dadfbd89.compiler_builtins.e9884b5babc42a42-cgu.382.rcgu.o)
 .text          0x0000000000101de0        0x0 ./gen/../tecsrust_uart_led_sample/target/armv7a-none-eabi/release/libitron.a(compiler_builtins-26194886dadfbd89.compiler_builtins.e9884b5babc42a42-cgu.388.rcgu.o)
 .text          0x0000000000101de0        0x0 ./gen/../tecsrust_uart_led_sample/target/armv7a-none-eabi/release/libitron.a(compiler_builtins-26194886dadfbd89.compiler_builtins.e9884b5babc42a42-cgu.413.rcgu.o)
 .text          0x0000000000101de0        0x0 ./gen/../tecsrust_uart_led_sample/target/armv7a-none-eabi/release/libitron.a(compiler_builtins-26194886dadfbd89.compiler_builtins.e9884b5babc42a42-cgu.416.rcgu.o)
 .text          0x0000000000101de0      0x1e0 ./gen/../tecsrust_uart_led_sample/target/armv7a-none-eabi/release/libitron.a(63f8a0b8a638da8c-udivmodsi4.o)
                0x0000000000101de0                __udivmodsi4
 .text          0x0000000000101fc0      0x1d0 ./gen/../tecsrust_uart_led_sample/target/armv7a-none-eabi/release/libitron.a(63f8a0b8a638da8c-udivsi3.o)
                0x0000000000101fc0                __udivsi3
                0x0000000000101fc0                __aeabi_uidiv
 .text          0x0000000000102190        0x0 ./gen/../tecsrust_uart_led_sample/target/armv7a-none-eabi/release/libitron.a(compiler_builtins-26194886dadfbd89.compiler_builtins.e9884b5babc42a42-cgu.000.rcgu.o)
 .text          0x0000000000102190        0x0 ./gen/../tecsrust_uart_led_sample/target/armv7a-none-eabi/release/libitron.a(compiler_builtins-26194886dadfbd89.compiler_builtins.e9884b5babc42a42-cgu.003.rcgu.o)
 .text          0x0000000000102190        0x0 ./gen/../tecsrust_uart_led_sample/target/armv7a-none-eabi/release/libitron.a(compiler_builtins-26194886dadfbd89.compiler_builtins.e9884b5babc42a42-cgu.012.rcgu.o)
 .text          0x0000000000102190        0x0 ./gen/../tecsrust_uart_led_sample/target/armv7a-none-eabi/release/libitron.a(compiler_builtins-26194886dadfbd89.compiler_builtins.e9884b5babc42a42-cgu.017.rcgu.o)
 .text          0x0000000000102190        0x0 ./gen/../tecsrust_uart_led_sample/target/armv7a-none-eabi/release/libitron.a(compiler_builtins-26194886dadfbd89.compiler_builtins.e9884b5babc42a42-cgu.270.rcgu.o)
 .text          0x0000000000102190        0x0 ./gen/../tecsrust_uart_led_sample/target/armv7a-none-eabi/release/libitron.a(63f8a0b8a638da8c-aeabi_div0.o)
 .text          0x0000000000102190        0x0 ./gen/../tecsrust_uart_led_sample/target/armv7a-none-eabi/release/libitron.a(compiler_builtins-26194886dadfbd89.compiler_builtins.e9884b5babc42a42-cgu.009.rcgu.o)
 .text          0x0000000000102190       0x80 ./libkernel.a(target_kernel_impl.o)
                0x0000000000102190                hardware_init_hook
                0x00000000001021a0                _kernel_target_mprc_initialize
                0x00000000001021c4                _kernel_target_initialize
                0x00000000001021e0                _kernel_target_exit
 .text          0x0000000000102210       0x34 ./libkernel.a(chip_kernel_impl.o)
                0x0000000000102210                _kernel_chip_initialize
                0x0000000000102240                _kernel_chip_terminate
 .text          0x0000000000102244       0x9c ./libkernel.a(mpcore_kernel_impl.o)
                0x0000000000102244                _kernel_mpcore_mprc_initialize
                0x0000000000102278                _kernel_mpcore_initialize
                0x00000000001022cc                _kernel_mpcore_terminate
 .text          0x00000000001022e0      0x340 ./libkernel.a(gic_kernel_impl.o)
                0x00000000001022e0                _kernel_gicc_initialize
                0x0000000000102314                _kernel_gicc_terminate
                0x0000000000102328                _kernel_gicd_initialize
                0x00000000001023c0                _kernel_gicd_terminate
                0x00000000001023d4                _kernel_initialize_interrupt
 .text          0x0000000000102620      0x12c ./libkernel.a(pl310.o)
                0x0000000000102620                _kernel_pl310_initialize
                0x0000000000102694                _kernel_pl310_disable
                0x00000000001026d4                _kernel_pl310_invalidate_all
                0x0000000000102710                _kernel_pl310_clean_and_invalidate_all
 .text          0x000000000010274c       0x90 ./libkernel.a(mpcore_timer.o)
                0x000000000010274c                _kernel_target_hrt_initialize
                0x0000000000102794                _kernel_target_hrt_terminate
                0x00000000001027c8                _kernel_target_hrt_handler
 .text          0x00000000001027dc      0x4f4 ./libkernel.a(core_kernel_impl.o)
                0x00000000001027dc                _kernel_arm_mmu_initialize
                0x00000000001029c4                _kernel_core_initialize
                0x0000000000102a24                _kernel_core_terminate
                0x0000000000102a28                _kernel_xlog_sys
                0x0000000000102ae4                _kernel_xlog_fsr
                0x0000000000102b64                _kernel_default_int_handler
                0x0000000000102b98                _kernel_default_exc_handler
 .text          0x0000000000102cd0      0x1b8 ./libkernel.a(arm.o)
                0x0000000000102cd0                arm_enable_icache
                0x0000000000102cec                arm_disable_icache
                0x0000000000102d04                armv7_invalidate_dcache
                0x0000000000102da8                arm_enable_dcache
                0x0000000000102dc8                armv7_clean_and_invalidate_dcache
                0x0000000000102e6c                arm_disable_dcache
 .text          0x0000000000102e88      0x3a8 ./libkernel.a(startup.o)
                0x0000000000102f00                _kernel_barrier_sync
                0x0000000000102f74                sta_ker
                0x000000000010308c                ext_ker
                0x00000000001030f4                _kernel_exit_kernel
                0x0000000000103174                _kernel_ext_ker_handler
 .text          0x0000000000103230      0x9c8 ./libkernel.a(task.o)
                0x0000000000103230                _kernel_search_schedtsk
                0x0000000000103244                _kernel_make_runnable
                0x000000000010337c                _kernel_initialize_task
                0x0000000000103490                _kernel_make_non_runnable
                0x00000000001035b4                _kernel_make_dormant
                0x00000000001035e0                _kernel_make_active
                0x000000000010360c                _kernel_change_priority
                0x00000000001038a8                _kernel_change_subprio
                0x0000000000103998                _kernel_rotate_ready_queue
                0x0000000000103a7c                _kernel_task_terminate
                0x0000000000103ba8                _kernel_migrate_self
                0x0000000000103bd0                _kernel_migrate_activate_self
 .text          0x0000000000103bf8        0x0 ./libkernel.a(taskhook.o)
 .text          0x0000000000103bf8      0x650 ./libkernel.a(wait.o)
                0x0000000000103bf8                _kernel_wait_tmout
                0x0000000000103d48                _kernel_make_wait_tmout
                0x0000000000103e04                _kernel_wait_dequeue_wobj
                0x0000000000103e20                _kernel_wait_complete
                0x0000000000103ec4                _kernel_wait_tmout_ok
                0x0000000000104000                _kernel_wobj_make_wait
                0x00000000001040a8                _kernel_wobj_make_wait_tmout
                0x0000000000104134                _kernel_init_wait_queue
 .text          0x0000000000104248      0xaf8 ./libkernel.a(time_event.o)
                0x0000000000104248                _kernel_initialize_tmevt
                0x00000000001042f4                _kernel_tmevt_up
                0x0000000000104354                _kernel_tmevt_down
                0x00000000001043f8                _kernel_update_current_evttim
                0x0000000000104480                _kernel_set_hrt_event
                0x0000000000104650                _kernel_set_hrt_event_handler
                0x0000000000104754                _kernel_tmevtb_register
                0x00000000001047ec                _kernel_tmevtb_enqueue
                0x00000000001048a0                _kernel_tmevtb_enqueue_reltim
                0x0000000000104974                _kernel_tmevtb_dequeue
                0x0000000000104a7c                _kernel_check_adjtim
                0x0000000000104b0c                _kernel_tmevt_lefttim
                0x0000000000104b44                _kernel_signal_time
 .text          0x0000000000104d40      0xb30 ./libkernel.a(task_sync.o)
                0x0000000000104d40                slp_tsk
                0x0000000000104e8c                tslp_tsk
                0x0000000000104fec                wup_tsk
                0x0000000000105158                can_wup
                0x000000000010525c                rel_wai
                0x0000000000105424                sus_tsk
                0x00000000001055b0                rsm_tsk
                0x00000000001056fc                dly_tsk
 .text          0x0000000000105870      0x87c ./libkernel.a(semaphore.o)
                0x0000000000105870                _kernel_initialize_semaphore
                0x00000000001058cc                sig_sem
                0x0000000000105a74                wai_sem
                0x0000000000105bd4                pol_sem
                0x0000000000105cc8                twai_sem
                0x0000000000105e64                ini_sem
                0x0000000000105f8c                ref_sem
 .text          0x00000000001060ec     0x1204 ./libkernel.a(dataqueue.o)
                0x00000000001060ec                _kernel_initialize_dataqueue
                0x0000000000106160                _kernel_enqueue_data
                0x0000000000106198                _kernel_force_enqueue_data
                0x00000000001061d8                _kernel_dequeue_data
                0x0000000000106214                _kernel_send_data
                0x00000000001062d8                _kernel_force_send_data
                0x0000000000106398                _kernel_receive_data
                0x0000000000106500                snd_dtq
                0x0000000000106698                psnd_dtq
                0x00000000001067cc                tsnd_dtq
                0x00000000001069a4                fsnd_dtq
                0x0000000000106ae0                rcv_dtq
                0x0000000000106cbc                prcv_dtq
                0x0000000000106df0                trcv_dtq
                0x0000000000106fe0                ini_dtq
                0x0000000000107114                ref_dtq
 .text          0x00000000001072f0      0x318 ./libkernel.a(spin_lock.o)
                0x00000000001072f0                _kernel_initialize_spin_lock
                0x0000000000107338                _kernel_force_unlock_spin
                0x0000000000107364                loc_spn
                0x0000000000107424                try_spn
                0x00000000001074c8                unl_spn
                0x0000000000107578                ref_spn
 .text          0x0000000000107608      0xb50 ./libkernel.a(sys_manage.o)
                0x0000000000107608                rot_rdq
                0x000000000010773c                mrot_rdq
                0x000000000010788c                get_tid
                0x00000000001078f4                get_pid
                0x000000000010791c                get_lod
                0x0000000000107a28                mget_lod
                0x0000000000107b4c                get_nth
                0x0000000000107c84                mget_nth
                0x0000000000107dd4                loc_cpu
                0x0000000000107dec                unl_cpu
                0x0000000000107e1c                dis_dsp
                0x0000000000107eec                ena_dsp
                0x0000000000108050                sns_ctx
                0x0000000000108080                sns_loc
                0x000000000010808c                sns_dsp
                0x00000000001080bc                sns_dpn
                0x0000000000108118                sns_ker
 .text          0x0000000000108158      0x668 ./libkernel.a(interrupt.o)
                0x0000000000108158                dis_int
                0x000000000010822c                ena_int
                0x0000000000108300                clr_int
                0x00000000001083d4                ras_int
                0x00000000001084f8                prb_int
                0x00000000001085b0                chg_ipm
                0x0000000000108758                get_ipm
 .text          0x00000000001087c0      0x3dc ./libkernel.a(core_support.o)
                0x00000000001087c0                _kernel_dispatch
                0x00000000001087ec                _kernel_start_dispatch
                0x0000000000108804                _kernel_exit_and_dispatch
                0x0000000000108834                _kernel_call_exit_kernel
                0x0000000000108844                _kernel_dispatch_and_migrate
                0x0000000000108860                _kernel_exit_and_migrate
                0x0000000000108868                _kernel_start_r
                0x0000000000108880                _kernel_irq_handler
                0x000000000010896c                _kernel_undef_handler
                0x0000000000108980                _kernel_svc_handler
                0x0000000000108990                _kernel_pabort_handler
                0x00000000001089a4                _kernel_dabort_handler
                0x0000000000108a04                _kernel_fiq_handler
                0x0000000000108b70                sil_dly_nse
 .text          0x0000000000108b9c      0x644 ./libkernel.a(task_term.o)
                0x0000000000108b9c                ext_tsk
                0x0000000000108cc0                ras_ter
                0x0000000000108e88                dis_ter
                0x0000000000108f40                ena_ter
                0x0000000000109058                sns_ter
                0x0000000000109094                ter_tsk
 .text          0x00000000001091e0       0x8c ./libkernel.a(gic_support.o)
                0x00000000001091e0                _kernel_irc_begin_int
                0x0000000000109218                _kernel_irc_end_int
                0x0000000000109228                _kernel_irc_get_intpri
                0x000000000010923c                _kernel_irc_begin_exc
                0x000000000010924c                _kernel_irc_end_exc
 .text          0x000000000010926c       0xa4 /usr/lib/gcc/arm-none-eabi/10.3.1/../../../arm-none-eabi/lib/thumb/v7-a/nofp/libc.a(lib_a-memset.o)
                0x000000000010926c                memset
 *(.text.*)
 .text._RNvCs9MsmL9uHPaz_7___rustc17rust_begin_unwind
                0x0000000000109310        0x4 ./gen/../tecsrust_uart_led_sample/target/armv7a-none-eabi/release/libitron.a(itron-927bebc41834e651.itron.faadfb514e9fd45b-cgu.0.rcgu.o)
                0x0000000000109310                __rustc::rust_begin_unwind
 .text._ZN68_$LT$itron..error..Error$LT$Kind$GT$$u20$as$u20$core..fmt..Debug$GT$3fmt17h6fc5acb6f13f56b0E
                0x0000000000109314        0x4 ./gen/../tecsrust_uart_led_sample/target/armv7a-none-eabi/release/libitron.a(itron-927bebc41834e651.itron.faadfb514e9fd45b-cgu.0.rcgu.o)
 .text.tecs_rust_start_r_processor1_symmetric_uart_ini
                0x0000000000109318        0x4 ./gen/../tecsrust_uart_led_sample/target/armv7a-none-eabi/release/libitron.a(itron-927bebc41834e651.itron.faadfb514e9fd45b-cgu.0.rcgu.o)
                0x0000000000109318                tecs_rust_start_r_processor1_symmetric_uart_ini
 .text.tecs_rust_start_r_processor1_symmetric_uart_isr
                0x000000000010931c       0x54 ./gen/../tecsrust_uart_led_sample/target/armv7a-none-eabi/release/libitron.a(itron-927bebc41834e651.itron.faadfb514e9fd45b-cgu.0.rcgu.o)
                0x000000000010931c                tecs_rust_start_r_processor1_symmetric_uart_isr
 .text.tecs_rust_start_r_processor1_symmetric_uart_task
                0x0000000000109370      0x158 ./gen/../tecsrust_uart_led_sample/target/armv7a-none-eabi/release/libitron.a(itron-927bebc41834e651.itron.faadfb514e9fd45b-cgu.0.rcgu.o)
                0x0000000000109370                tecs_rust_start_r_processor1_symmetric_uart_task
 .text.tecs_rust_start_r_processor2_symmetric_button_task
                0x00000000001094c8      0x1ac ./gen/../tecsrust_uart_led_sample/target/armv7a-none-eabi/release/libitron.a(itron-927bebc41834e651.itron.faadfb514e9fd45b-cgu.0.rcgu.o)
                0x00000000001094c8                tecs_rust_start_r_processor2_symmetric_button_task
 .text._ZN4core3fmt3num50_$LT$impl$u20$core..fmt..Debug$u20$for$u20$i32$GT$3fmt17hc1a1614c7f57cf06E
                0x0000000000109674       0x20 ./gen/../tecsrust_uart_led_sample/target/armv7a-none-eabi/release/libitron.a(itron-ca7742246eb67e1a.itron.8e82c953f0654113-cgu.0.rcgu.o)
 .text._ZN57_$LT$itron..task..TaskRef$u20$as$u20$core..fmt..Debug$GT$3fmt17h727057c6caed8f26E
                0x0000000000109694       0x30 ./gen/../tecsrust_uart_led_sample/target/armv7a-none-eabi/release/libitron.a(itron-ca7742246eb67e1a.itron.8e82c953f0654113-cgu.0.rcgu.o)
                0x0000000000109694                <itron::task::TaskRef as core::fmt::Debug>::fmt
 .text._ZN59_$LT$itron..mutex..MutexRef$u20$as$u20$core..fmt..Debug$GT$3fmt17hed2d70a0c8332386E
                0x00000000001096c4       0x30 ./gen/../tecsrust_uart_led_sample/target/armv7a-none-eabi/release/libitron.a(itron-ca7742246eb67e1a.itron.8e82c953f0654113-cgu.0.rcgu.o)
                0x00000000001096c4                <itron::mutex::MutexRef as core::fmt::Debug>::fmt
 .text._ZN5itron4task7current17h13c65c8e3de3dea6E
                0x00000000001096f4       0x4c ./gen/../tecsrust_uart_led_sample/target/armv7a-none-eabi/release/libitron.a(itron-ca7742246eb67e1a.itron.8e82c953f0654113-cgu.0.rcgu.o)
                0x00000000001096f4                itron::task::current
 .text._ZN60_$LT$itron..error..ErrorCode$u20$as$u20$core..fmt..Debug$GT$3fmt17he45618d9ebd6baa5E
                0x0000000000109740      0x2a4 ./gen/../tecsrust_uart_led_sample/target/armv7a-none-eabi/release/libitron.a(itron-ca7742246eb67e1a.itron.8e82c953f0654113-cgu.0.rcgu.o)
                0x0000000000109740                <itron::error::ErrorCode as core::fmt::Debug>::fmt
 .text._ZN64_$LT$itron..processor..Processor$u20$as$u20$core..fmt..Debug$GT$3fmt17hb7d83530d71ac020E
                0x00000000001099e4       0x40 ./gen/../tecsrust_uart_led_sample/target/armv7a-none-eabi/release/libitron.a(itron-ca7742246eb67e1a.itron.8e82c953f0654113-cgu.0.rcgu.o)
                0x00000000001099e4                <itron::processor::Processor as core::fmt::Debug>::fmt
 .text._ZN67_$LT$itron..dataqueue..DataqueueRef$u20$as$u20$core..fmt..Debug$GT$3fmt17h9f8f231ee1a44dadE
                0x0000000000109a24       0x30 ./gen/../tecsrust_uart_led_sample/target/armv7a-none-eabi/release/libitron.a(itron-ca7742246eb67e1a.itron.8e82c953f0654113-cgu.0.rcgu.o)
                0x0000000000109a24                <itron::dataqueue::DataqueueRef as core::fmt::Debug>::fmt
 .text._ZN67_$LT$itron..semaphore..SemaphoreRef$u20$as$u20$core..fmt..Debug$GT$3fmt17h2077caf3d98b5f60E
                0x0000000000109a54       0x30 ./gen/../tecsrust_uart_led_sample/target/armv7a-none-eabi/release/libitron.a(itron-ca7742246eb67e1a.itron.8e82c953f0654113-cgu.0.rcgu.o)
                0x0000000000109a54                <itron::semaphore::SemaphoreRef as core::fmt::Debug>::fmt
 .text._ZN69_$LT$itron..memorypool..MemoryPoolRef$u20$as$u20$core..fmt..Debug$GT$3fmt17h37ad29ce41789584E
                0x0000000000109a84       0x30 ./gen/../tecsrust_uart_led_sample/target/armv7a-none-eabi/release/libitron.a(itron-ca7742246eb67e1a.itron.8e82c953f0654113-cgu.0.rcgu.o)
                0x0000000000109a84                <itron::memorypool::MemoryPoolRef as core::fmt::Debug>::fmt
 .text._ZN75_$LT$core..num..nonzero..NonZero$LT$T$GT$$u20$as$u20$core..fmt..Display$GT$3fmt17h1b33eb0838956a5cE
                0x0000000000109ab4       0x20 ./gen/../tecsrust_uart_led_sample/target/armv7a-none-eabi/release/libitron.a(itron-ca7742246eb67e1a.itron.8e82c953f0654113-cgu.0.rcgu.o)
 .text._ZN101_$LT$core..char..CaseMappingIter$u20$as$u20$core..iter..traits..double_ended..DoubleEndedIterator$GT$15advance_back_by17h61456a6e10ddacc6E
                0x0000000000109ad4       0x24 ./gen/../tecsrust_uart_led_sample/target/armv7a-none-eabi/release/libitron.a(core-30e5095c3d3ecedf.core.a8cae85694817e56-cgu.0.rcgu.o)
                0x0000000000109ad4                <core::char::CaseMappingIter as core::iter::traits::double_ended::DoubleEndedIterator>::advance_back_by
 .text._ZN101_$LT$core..char..CaseMappingIter$u20$as$u20$core..iter..traits..double_ended..DoubleEndedIterator$GT$9next_back17h6626d4f558c02f3eE
                0x0000000000109af8       0x24 ./gen/../tecsrust_uart_led_sample/target/armv7a-none-eabi/release/libitron.a(core-30e5095c3d3ecedf.core.a8cae85694817e56-cgu.0.rcgu.o)
                0x0000000000109af8                <core::char::CaseMappingIter as core::iter::traits::double_ended::DoubleEndedIterator>::next_back
 .text._ZN105_$LT$core..slice..ascii..EscapeAscii$u20$as$u20$core..iter..traits..double_ended..DoubleEndedIterator$GT$9next_back17hbf24ad12716a58c6E
                0x0000000000109b1c      0x13c ./gen/../tecsrust_uart_led_sample/target/armv7a-none-eabi/release/libitron.a(core-30e5095c3d3ecedf.core.a8cae85694817e56-cgu.0.rcgu.o)
                0x0000000000109b1c                <core::slice::ascii::EscapeAscii as core::iter::traits::double_ended::DoubleEndedIterator>::next_back
 .text._ZN105_$LT$dyn$u20$core..any..Any$u2b$core..marker..Sync$u2b$core..marker..Send$u20$as$u20$core..fmt..Debug$GT$3fmt17he621f611aec1806eE
                0x0000000000109c58       0x54 ./gen/../tecsrust_uart_led_sample/target/armv7a-none-eabi/release/libitron.a(core-30e5095c3d3ecedf.core.a8cae85694817e56-cgu.0.rcgu.o)
                0x0000000000109c58                <dyn core::any::Any+core::marker::Send as core::fmt::Debug>::fmt
                0x0000000000109c58                <dyn core::any::Any+core::marker::Sync+core::marker::Send as core::fmt::Debug>::fmt
                0x0000000000109c58                <dyn core::any::Any as core::fmt::Debug>::fmt
 .text._ZN110_$LT$$LT$core..wtf8..EncodeWide$u20$as$u20$core..fmt..Debug$GT$..fmt..CodeUnit$u20$as$u20$core..fmt..Debug$GT$3fmt17h8377ec1fcd71bb6aE
                0x0000000000109cac       0x88 ./gen/../tecsrust_uart_led_sample/target/armv7a-none-eabi/release/libitron.a(core-30e5095c3d3ecedf.core.a8cae85694817e56-cgu.0.rcgu.o)
                0x0000000000109cac                <<core::wtf8::EncodeWide as core::fmt::Debug>::fmt::CodeUnit as core::fmt::Debug>::fmt
 .text._ZN116_$LT$core..net..ip_addr..Ipv4Addr$u20$as$u20$core..ops..bit..BitOrAssign$LT$$RF$core..net..ip_addr..Ipv4Addr$GT$$GT$12bitor_assign17h67cde1bbbed54dc3E
                0x0000000000109d34       0x48 ./gen/../tecsrust_uart_led_sample/target/armv7a-none-eabi/release/libitron.a(core-30e5095c3d3ecedf.core.a8cae85694817e56-cgu.0.rcgu.o)
                0x0000000000109d34                <core::net::ip_addr::Ipv4Addr as core::ops::bit::BitOrAssign<&core::net::ip_addr::Ipv4Addr>>::bitor_assign
 .text._ZN116_$LT$core..net..ip_addr..Ipv6Addr$u20$as$u20$core..ops..bit..BitOrAssign$LT$$RF$core..net..ip_addr..Ipv6Addr$GT$$GT$12bitor_assign17hb0fc29fb887575d4E
                0x0000000000109d7c      0x108 ./gen/../tecsrust_uart_led_sample/target/armv7a-none-eabi/release/libitron.a(core-30e5095c3d3ecedf.core.a8cae85694817e56-cgu.0.rcgu.o)
                0x0000000000109d7c                <core::net::ip_addr::Ipv6Addr as core::ops::bit::BitOrAssign<&core::net::ip_addr::Ipv6Addr>>::bitor_assign
 .text._ZN117_$LT$core..net..ip_addr..Ipv4Addr$u20$as$u20$core..ops..bit..BitAndAssign$LT$$RF$core..net..ip_addr..Ipv4Addr$GT$$GT$13bitand_assign17h39d98ab2fe91a511E
                0x0000000000109e84       0x48 ./gen/../tecsrust_uart_led_sample/target/armv7a-none-eabi/release/libitron.a(core-30e5095c3d3ecedf.core.a8cae85694817e56-cgu.0.rcgu.o)
                0x0000000000109e84                <core::net::ip_addr::Ipv4Addr as core::ops::bit::BitAndAssign<&core::net::ip_addr::Ipv4Addr>>::bitand_assign
 .text._ZN117_$LT$core..net..ip_addr..Ipv6Addr$u20$as$u20$core..ops..bit..BitAndAssign$LT$$RF$core..net..ip_addr..Ipv6Addr$GT$$GT$13bitand_assign17h71d47a9ea03181a0E
                0x0000000000109ecc      0x108 ./gen/../tecsrust_uart_led_sample/target/armv7a-none-eabi/release/libitron.a(core-30e5095c3d3ecedf.core.a8cae85694817e56-cgu.0.rcgu.o)
                0x0000000000109ecc                <core::net::ip_addr::Ipv6Addr as core::ops::bit::BitAndAssign<&core::net::ip_addr::Ipv6Addr>>::bitand_assign
 .text._ZN40_$LT$str$u20$as$u20$core..fmt..Debug$GT$3fmt17hfb9bcb7a42f0b62dE
                0x0000000000109fd4      0x400 ./gen/../tecsrust_uart_led_sample/target/armv7a-none-eabi/release/libitron.a(core-30e5095c3d3ecedf.core.a8cae85694817e56-cgu.0.rcgu.o)
                0x0000000000109fd4                <str as core::fmt::Debug>::fmt
 .text._ZN41_$LT$char$u20$as$u20$core..fmt..Debug$GT$3fmt17h014518c19f9bacc0E
                0x000000000010a3d4       0xb0 ./gen/../tecsrust_uart_led_sample/target/armv7a-none-eabi/release/libitron.a(core-30e5095c3d3ecedf.core.a8cae85694817e56-cgu.0.rcgu.o)
                0x000000000010a3d4                <char as core::fmt::Debug>::fmt
 .text._ZN42_$LT$$RF$T$u20$as$u20$core..fmt..Debug$GT$3fmt17h16f12f4a453e88f9E
                0x000000000010a484        0x8 ./gen/../tecsrust_uart_led_sample/target/armv7a-none-eabi/release/libitron.a(core-30e5095c3d3ecedf.core.a8cae85694817e56-cgu.0.rcgu.o)
 .text._ZN42_$LT$$RF$T$u20$as$u20$core..fmt..Debug$GT$3fmt17h72bd3c4a0ed2165dE
                0x000000000010a48c       0x10 ./gen/../tecsrust_uart_led_sample/target/armv7a-none-eabi/release/libitron.a(core-30e5095c3d3ecedf.core.a8cae85694817e56-cgu.0.rcgu.o)
 .text._ZN42_$LT$$RF$T$u20$as$u20$core..fmt..Debug$GT$3fmt17h77af8287649ddab8E
                0x000000000010a49c        0xc ./gen/../tecsrust_uart_led_sample/target/armv7a-none-eabi/release/libitron.a(core-30e5095c3d3ecedf.core.a8cae85694817e56-cgu.0.rcgu.o)
 .text._ZN42_$LT$$RF$T$u20$as$u20$core..fmt..Debug$GT$3fmt17h839977c56e2bfe2fE
                0x000000000010a4a8        0x8 ./gen/../tecsrust_uart_led_sample/target/armv7a-none-eabi/release/libitron.a(core-30e5095c3d3ecedf.core.a8cae85694817e56-cgu.0.rcgu.o)
 .text._ZN42_$LT$$RF$T$u20$as$u20$core..fmt..Debug$GT$3fmt17ha81c5d10af7a98acE
                0x000000000010a4b0        0xc ./gen/../tecsrust_uart_led_sample/target/armv7a-none-eabi/release/libitron.a(core-30e5095c3d3ecedf.core.a8cae85694817e56-cgu.0.rcgu.o)
 .text._ZN42_$LT$$RF$T$u20$as$u20$core..fmt..Debug$GT$3fmt17hba6d032a633cc0fbE
                0x000000000010a4bc        0xc ./gen/../tecsrust_uart_led_sample/target/armv7a-none-eabi/release/libitron.a(core-30e5095c3d3ecedf.core.a8cae85694817e56-cgu.0.rcgu.o)
 .text._ZN42_$LT$$RF$T$u20$as$u20$core..fmt..Debug$GT$3fmt17hf0de37c6d354cb45E
                0x000000000010a4c8      0x16c ./gen/../tecsrust_uart_led_sample/target/armv7a-none-eabi/release/libitron.a(core-30e5095c3d3ecedf.core.a8cae85694817e56-cgu.0.rcgu.o)
 .text._ZN42_$LT$str$u20$as$u20$core..fmt..Display$GT$3fmt17hb5b3113e8a9571a0E
                0x000000000010a634       0x14 ./gen/../tecsrust_uart_led_sample/target/armv7a-none-eabi/release/libitron.a(core-30e5095c3d3ecedf.core.a8cae85694817e56-cgu.0.rcgu.o)
                0x000000000010a634                <str as core::fmt::Display>::fmt
 .text._ZN43_$LT$bool$u20$as$u20$core..fmt..Display$GT$3fmt17h1e00defcbfbdab44E
                0x000000000010a648       0x38 ./gen/../tecsrust_uart_led_sample/target/armv7a-none-eabi/release/libitron.a(core-30e5095c3d3ecedf.core.a8cae85694817e56-cgu.0.rcgu.o)
                0x000000000010a648                <bool as core::fmt::Display>::fmt
 .text._ZN43_$LT$char$u20$as$u20$core..fmt..Display$GT$3fmt17ha20358d49765162eE
                0x000000000010a680       0xd4 ./gen/../tecsrust_uart_led_sample/target/armv7a-none-eabi/release/libitron.a(core-30e5095c3d3ecedf.core.a8cae85694817e56-cgu.0.rcgu.o)
                0x000000000010a680                <char as core::fmt::Display>::fmt
 .text._ZN44_$LT$$RF$T$u20$as$u20$core..fmt..Display$GT$3fmt17h0d8ed52d664a0b1eE
                0x000000000010a754        0x8 ./gen/../tecsrust_uart_led_sample/target/armv7a-none-eabi/release/libitron.a(core-30e5095c3d3ecedf.core.a8cae85694817e56-cgu.0.rcgu.o)
 .text._ZN44_$LT$$RF$T$u20$as$u20$core..fmt..Display$GT$3fmt17h32c17a46490cc122E
                0x000000000010a75c       0x50 ./gen/../tecsrust_uart_led_sample/target/armv7a-none-eabi/release/libitron.a(core-30e5095c3d3ecedf.core.a8cae85694817e56-cgu.0.rcgu.o)
 .text._ZN44_$LT$$RF$T$u20$as$u20$core..fmt..Display$GT$3fmt17h6b5a245e15cbfd29E
                0x000000000010a7ac       0x14 ./gen/../tecsrust_uart_led_sample/target/armv7a-none-eabi/release/libitron.a(core-30e5095c3d3ecedf.core.a8cae85694817e56-cgu.0.rcgu.o)
 .text._ZN44_$LT$$RF$T$u20$as$u20$core..fmt..Display$GT$3fmt17h7c2cacc2cd2dda36E
                0x000000000010a7c0        0x8 ./gen/../tecsrust_uart_led_sample/target/armv7a-none-eabi/release/libitron.a(core-30e5095c3d3ecedf.core.a8cae85694817e56-cgu.0.rcgu.o)
 .text._ZN45_$LT$$RF$T$u20$as$u20$core..fmt..LowerHex$GT$3fmt17he55380d2ac2aa031E
                0x000000000010a7c8       0x70 ./gen/../tecsrust_uart_led_sample/target/armv7a-none-eabi/release/libitron.a(core-30e5095c3d3ecedf.core.a8cae85694817e56-cgu.0.rcgu.o)
 .text._ZN46_$LT$i8$u20$as$u20$core..pat..RangePattern$GT$7sub_one17h18fddcb374a35a89E
                0x000000000010a838       0x30 ./gen/../tecsrust_uart_led_sample/target/armv7a-none-eabi/release/libitron.a(core-30e5095c3d3ecedf.core.a8cae85694817e56-cgu.0.rcgu.o)
                0x000000000010a838                <i8 as core::pat::RangePattern>::sub_one
 .text._ZN46_$LT$u8$u20$as$u20$core..pat..RangePattern$GT$7sub_one17h38667e734f49411cE
                0x000000000010a868       0x28 ./gen/../tecsrust_uart_led_sample/target/armv7a-none-eabi/release/libitron.a(core-30e5095c3d3ecedf.core.a8cae85694817e56-cgu.0.rcgu.o)
                0x000000000010a868                <u8 as core::pat::RangePattern>::sub_one
 .text._ZN47_$LT$i16$u20$as$u20$core..pat..RangePattern$GT$7sub_one17hff915fc712432c7dE
                0x000000000010a890       0x30 ./gen/../tecsrust_uart_led_sample/target/armv7a-none-eabi/release/libitron.a(core-30e5095c3d3ecedf.core.a8cae85694817e56-cgu.0.rcgu.o)
                0x000000000010a890                <i16 as core::pat::RangePattern>::sub_one
 .text._ZN47_$LT$i32$u20$as$u20$core..pat..RangePattern$GT$7sub_one17hb61dee810d0ae61eE
                0x000000000010a8c0       0x2c ./gen/../tecsrust_uart_led_sample/target/armv7a-none-eabi/release/libitron.a(core-30e5095c3d3ecedf.core.a8cae85694817e56-cgu.0.rcgu.o)
                0x000000000010a8c0                <i32 as core::pat::RangePattern>::sub_one
                0x000000000010a8c0                <isize as core::pat::RangePattern>::sub_one
 .text._ZN47_$LT$i64$u20$as$u20$core..pat..RangePattern$GT$7sub_one17hade9a899ee2f551aE
                0x000000000010a8ec       0x30 ./gen/../tecsrust_uart_led_sample/target/armv7a-none-eabi/release/libitron.a(core-30e5095c3d3ecedf.core.a8cae85694817e56-cgu.0.rcgu.o)
                0x000000000010a8ec                <i64 as core::pat::RangePattern>::sub_one
 .text._ZN47_$LT$u16$u20$as$u20$core..pat..RangePattern$GT$7sub_one17h665706031a75d613E
                0x000000000010a91c       0x2c ./gen/../tecsrust_uart_led_sample/target/armv7a-none-eabi/release/libitron.a(core-30e5095c3d3ecedf.core.a8cae85694817e56-cgu.0.rcgu.o)
                0x000000000010a91c                <u16 as core::pat::RangePattern>::sub_one
 .text._ZN47_$LT$u32$u20$as$u20$core..pat..RangePattern$GT$7sub_one17h8c979a62fe736b0bE
                0x000000000010a948       0x28 ./gen/../tecsrust_uart_led_sample/target/armv7a-none-eabi/release/libitron.a(core-30e5095c3d3ecedf.core.a8cae85694817e56-cgu.0.rcgu.o)
                0x000000000010a948                <usize as core::pat::RangePattern>::sub_one
                0x000000000010a948                <u32 as core::pat::RangePattern>::sub_one
 .text._ZN47_$LT$u64$u20$as$u20$core..pat..RangePattern$GT$7sub_one17h351d889e41846a15E
                0x000000000010a970       0x2c ./gen/../tecsrust_uart_led_sample/target/armv7a-none-eabi/release/libitron.a(core-30e5095c3d3ecedf.core.a8cae85694817e56-cgu.0.rcgu.o)
                0x000000000010a970                <u64 as core::pat::RangePattern>::sub_one
 .text._ZN48_$LT$char$u20$as$u20$core..pat..RangePattern$GT$7sub_one17h16e213662b74b1ecE
                0x000000000010a99c       0x38 ./gen/../tecsrust_uart_led_sample/target/armv7a-none-eabi/release/libitron.a(core-30e5095c3d3ecedf.core.a8cae85694817e56-cgu.0.rcgu.o)
                0x000000000010a99c                <char as core::pat::RangePattern>::sub_one
 .text._ZN48_$LT$i128$u20$as$u20$core..pat..RangePattern$GT$7sub_one17ha52dee7dc8e2bf14E
                0x000000000010a9d4       0x4c ./gen/../tecsrust_uart_led_sample/target/armv7a-none-eabi/release/libitron.a(core-30e5095c3d3ecedf.core.a8cae85694817e56-cgu.0.rcgu.o)
                0x000000000010a9d4                <i128 as core::pat::RangePattern>::sub_one
 .text._ZN48_$LT$u128$u20$as$u20$core..pat..RangePattern$GT$7sub_one17h29a41a677a8809fdE
                0x000000000010aa20       0x4c ./gen/../tecsrust_uart_led_sample/target/armv7a-none-eabi/release/libitron.a(core-30e5095c3d3ecedf.core.a8cae85694817e56-cgu.0.rcgu.o)
                0x000000000010aa20                <u128 as core::pat::RangePattern>::sub_one
 .text._ZN49_$LT$u8$u20$as$u20$core..num..bignum..FullOps$GT$12full_div_rem17he8621ad0247109d4E
                0x000000000010aa6c       0x3c ./gen/../tecsrust_uart_led_sample/target/armv7a-none-eabi/release/libitron.a(core-30e5095c3d3ecedf.core.a8cae85694817e56-cgu.0.rcgu.o)
                0x000000000010aa6c                <u8 as core::num::bignum::FullOps>::full_div_rem
 .text.unlikely._ZN4core3f3221_$LT$impl$u20$f32$GT$5clamp8do_panic7runtime17h18ed203fe0802d70E
                0x000000000010aaa8       0x40 ./gen/../tecsrust_uart_led_sample/target/armv7a-none-eabi/release/libitron.a(core-30e5095c3d3ecedf.core.a8cae85694817e56-cgu.0.rcgu.o)
                0x000000000010aaa8                core::f32::<impl f32>::clamp::do_panic::runtime
 .text.unlikely._ZN4core3f6421_$LT$impl$u20$f64$GT$5clamp8do_panic7runtime17h1e7bf29fa37d6961E
                0x000000000010aae8       0x44 ./gen/../tecsrust_uart_led_sample/target/armv7a-none-eabi/release/libitron.a(core-30e5095c3d3ecedf.core.a8cae85694817e56-cgu.0.rcgu.o)
                0x000000000010aae8                core::f64::<impl f64>::clamp::do_panic::runtime
 .text._ZN4core3ffi5c_str4CStr19from_bytes_with_nul17hac561cc1b51097a8E
                0x000000000010ab2c      0x1cc ./gen/../tecsrust_uart_led_sample/target/armv7a-none-eabi/release/libitron.a(core-30e5095c3d3ecedf.core.a8cae85694817e56-cgu.0.rcgu.o)
                0x000000000010ab2c                core::ffi::c_str::CStr::from_bytes_with_nul
 .text._ZN4core3ffi5c_str4CStr20from_bytes_until_nul17hd9933807840bd73cE
                0x000000000010acf8      0x1b0 ./gen/../tecsrust_uart_led_sample/target/armv7a-none-eabi/release/libitron.a(core-30e5095c3d3ecedf.core.a8cae85694817e56-cgu.0.rcgu.o)
                0x000000000010acf8                core::ffi::c_str::CStr::from_bytes_until_nul
 .text._ZN4core3ffi5c_str4CStr6to_str17h1fc6a0930222178cE
                0x000000000010aea8        0x8 ./gen/../tecsrust_uart_led_sample/target/armv7a-none-eabi/release/libitron.a(core-30e5095c3d3ecedf.core.a8cae85694817e56-cgu.0.rcgu.o)
                0x000000000010aea8                core::ffi::c_str::CStr::to_str
 .text._ZN4core3fmt17FormattingOptions8get_fill17hf290fa9910218349E
                0x000000000010aeb0        0xc ./gen/../tecsrust_uart_led_sample/target/armv7a-none-eabi/release/libitron.a(core-30e5095c3d3ecedf.core.a8cae85694817e56-cgu.0.rcgu.o)
                0x000000000010aeb0                core::fmt::FormattingOptions::get_fill
 .text._ZN4core3fmt17pointer_fmt_inner17h9d52a930d8717b78E
                0x000000000010aebc       0xa8 ./gen/../tecsrust_uart_led_sample/target/armv7a-none-eabi/release/libitron.a(core-30e5095c3d3ecedf.core.a8cae85694817e56-cgu.0.rcgu.o)
                0x000000000010aebc                core::fmt::pointer_fmt_inner
 .text._ZN4core3fmt3num22_$LT$impl$u20$i128$GT$11format_into17h3b9d083fb89c5380E
                0x000000000010af64       0x74 ./gen/../tecsrust_uart_led_sample/target/armv7a-none-eabi/release/libitron.a(core-30e5095c3d3ecedf.core.a8cae85694817e56-cgu.0.rcgu.o)
                0x000000000010af64                core::fmt::num::<impl i128>::format_into
 .text._ZN4core3fmt3num22_$LT$impl$u20$u128$GT$10_fmt_inner17h03a38504e1b0eed4E
                0x000000000010afd8      0x960 ./gen/../tecsrust_uart_led_sample/target/armv7a-none-eabi/release/libitron.a(core-30e5095c3d3ecedf.core.a8cae85694817e56-cgu.0.rcgu.o)
 .text._ZN4core3fmt3num22_$LT$impl$u20$u128$GT$11format_into17hf206fec293eabd2aE
                0x000000000010b938       0x38 ./gen/../tecsrust_uart_led_sample/target/armv7a-none-eabi/release/libitron.a(core-30e5095c3d3ecedf.core.a8cae85694817e56-cgu.0.rcgu.o)
                0x000000000010b938                core::fmt::num::<impl u128>::format_into
 .text._ZN4core3fmt3num22_$LT$impl$u20$u128$GT$4_fmt17h379565c58272693aE
                0x000000000010b970       0x34 ./gen/../tecsrust_uart_led_sample/target/armv7a-none-eabi/release/libitron.a(core-30e5095c3d3ecedf.core.a8cae85694817e56-cgu.0.rcgu.o)
                0x000000000010b970                core::fmt::num::<impl u128>::_fmt
 .text._ZN4core3fmt3num3imp20_$LT$impl$u20$i8$GT$11format_into17h1780671b0cef9ef9E
                0x000000000010b9a4      0x12c ./gen/../tecsrust_uart_led_sample/target/armv7a-none-eabi/release/libitron.a(core-30e5095c3d3ecedf.core.a8cae85694817e56-cgu.0.rcgu.o)
                0x000000000010b9a4                core::fmt::num::imp::<impl i8>::format_into
 .text._ZN4core3fmt3num3imp20_$LT$impl$u20$u8$GT$11format_into17h3844bb7ac9e73e55E
                0x000000000010bad0       0x98 ./gen/../tecsrust_uart_led_sample/target/armv7a-none-eabi/release/libitron.a(core-30e5095c3d3ecedf.core.a8cae85694817e56-cgu.0.rcgu.o)
                0x000000000010bad0                core::fmt::num::imp::<impl u8>::format_into
 .text._ZN4core3fmt3num3imp20_$LT$impl$u20$u8$GT$4_fmt17ha4db5d1aeea8a1c9E
                0x000000000010bb68       0x90 ./gen/../tecsrust_uart_led_sample/target/armv7a-none-eabi/release/libitron.a(core-30e5095c3d3ecedf.core.a8cae85694817e56-cgu.0.rcgu.o)
                0x000000000010bb68                core::fmt::num::imp::<impl u8>::_fmt
 .text._ZN4core3fmt3num3imp21_$LT$impl$u20$i16$GT$11format_into17h75e833c7f99e7366E
                0x000000000010bbf8      0x220 ./gen/../tecsrust_uart_led_sample/target/armv7a-none-eabi/release/libitron.a(core-30e5095c3d3ecedf.core.a8cae85694817e56-cgu.0.rcgu.o)
                0x000000000010bbf8                core::fmt::num::imp::<impl i16>::format_into
 .text._ZN4core3fmt3num3imp21_$LT$impl$u20$i32$GT$11format_into17hb3e13ae095cdb369E
                0x000000000010be18       0x74 ./gen/../tecsrust_uart_led_sample/target/armv7a-none-eabi/release/libitron.a(core-30e5095c3d3ecedf.core.a8cae85694817e56-cgu.0.rcgu.o)
                0x000000000010be18                core::fmt::num::imp::<impl isize>::format_into
                0x000000000010be18                core::fmt::num::imp::<impl i32>::format_into
 .text._ZN4core3fmt3num3imp21_$LT$impl$u20$i64$GT$11format_into17h9a37d00aa2b3c152E
                0x000000000010be8c       0x78 ./gen/../tecsrust_uart_led_sample/target/armv7a-none-eabi/release/libitron.a(core-30e5095c3d3ecedf.core.a8cae85694817e56-cgu.0.rcgu.o)
                0x000000000010be8c                core::fmt::num::imp::<impl i64>::format_into
 .text._ZN4core3fmt3num3imp21_$LT$impl$u20$u16$GT$11format_into17h93113713b7c2e27fE
                0x000000000010bf04      0x114 ./gen/../tecsrust_uart_led_sample/target/armv7a-none-eabi/release/libitron.a(core-30e5095c3d3ecedf.core.a8cae85694817e56-cgu.0.rcgu.o)
                0x000000000010bf04                core::fmt::num::imp::<impl u16>::format_into
 .text._ZN4core3fmt3num3imp21_$LT$impl$u20$u16$GT$4_fmt17h05b30531a6a95996E
                0x000000000010c018      0x108 ./gen/../tecsrust_uart_led_sample/target/armv7a-none-eabi/release/libitron.a(core-30e5095c3d3ecedf.core.a8cae85694817e56-cgu.0.rcgu.o)
                0x000000000010c018                core::fmt::num::imp::<impl u16>::_fmt
 .text._ZN4core3fmt3num3imp21_$LT$impl$u20$u32$GT$10_fmt_inner17hedde965cd78ce2adE
                0x000000000010c120      0x220 ./gen/../tecsrust_uart_led_sample/target/armv7a-none-eabi/release/libitron.a(core-30e5095c3d3ecedf.core.a8cae85694817e56-cgu.0.rcgu.o)
 .text._ZN4core3fmt3num3imp21_$LT$impl$u20$u32$GT$11format_into17hd3b55cd3cb476fa6E
                0x000000000010c340       0x24 ./gen/../tecsrust_uart_led_sample/target/armv7a-none-eabi/release/libitron.a(core-30e5095c3d3ecedf.core.a8cae85694817e56-cgu.0.rcgu.o)
                0x000000000010c340                core::fmt::num::imp::<impl usize>::format_into
                0x000000000010c340                core::fmt::num::imp::<impl u32>::format_into
 .text._ZN4core3fmt3num3imp21_$LT$impl$u20$u32$GT$4_fmt17hea653883ebff4930E
                0x000000000010c364       0x24 ./gen/../tecsrust_uart_led_sample/target/armv7a-none-eabi/release/libitron.a(core-30e5095c3d3ecedf.core.a8cae85694817e56-cgu.0.rcgu.o)
                0x000000000010c364                core::fmt::num::imp::<impl u32>::_fmt
                0x000000000010c364                core::fmt::num::imp::<impl usize>::_fmt
 .text._ZN4core3fmt3num3imp21_$LT$impl$u20$u64$GT$10_fmt_inner17he08d887bc273aba7E
                0x000000000010c388      0x284 ./gen/../tecsrust_uart_led_sample/target/armv7a-none-eabi/release/libitron.a(core-30e5095c3d3ecedf.core.a8cae85694817e56-cgu.0.rcgu.o)
 .text._ZN4core3fmt3num3imp21_$LT$impl$u20$u64$GT$11format_into17h9cfa5bb9844c00d0E
                0x000000000010c60c       0x24 ./gen/../tecsrust_uart_led_sample/target/armv7a-none-eabi/release/libitron.a(core-30e5095c3d3ecedf.core.a8cae85694817e56-cgu.0.rcgu.o)
                0x000000000010c60c                core::fmt::num::imp::<impl u64>::format_into
 .text._ZN4core3fmt3num3imp21_$LT$impl$u20$u64$GT$4_fmt17h63a07ea862ee35bfE
                0x000000000010c630       0x24 ./gen/../tecsrust_uart_led_sample/target/armv7a-none-eabi/release/libitron.a(core-30e5095c3d3ecedf.core.a8cae85694817e56-cgu.0.rcgu.o)
                0x000000000010c630                core::fmt::num::imp::<impl u64>::_fmt
 .text._ZN4core3fmt3num3imp51_$LT$impl$u20$core..fmt..Display$u20$for$u20$i8$GT$3fmt17h79781a85ee4d8835E
                0x000000000010c654       0xcc ./gen/../tecsrust_uart_led_sample/target/armv7a-none-eabi/release/libitron.a(core-30e5095c3d3ecedf.core.a8cae85694817e56-cgu.0.rcgu.o)
                0x000000000010c654                core::fmt::num::imp::<impl core::fmt::Display for i8>::fmt
 .text._ZN4core3fmt3num3imp51_$LT$impl$u20$core..fmt..Display$u20$for$u20$u8$GT$3fmt17ha6370168369c2702E
                0x000000000010c720       0xbc ./gen/../tecsrust_uart_led_sample/target/armv7a-none-eabi/release/libitron.a(core-30e5095c3d3ecedf.core.a8cae85694817e56-cgu.0.rcgu.o)
                0x000000000010c720                core::fmt::num::imp::<impl core::fmt::Display for u8>::fmt
 .text._ZN4core3fmt3num3imp52_$LT$impl$u20$core..fmt..Display$u20$for$u20$i16$GT$3fmt17h77a151f63cecdd0bE
                0x000000000010c7dc      0x14c ./gen/../tecsrust_uart_led_sample/target/armv7a-none-eabi/release/libitron.a(core-30e5095c3d3ecedf.core.a8cae85694817e56-cgu.0.rcgu.o)
                0x000000000010c7dc                core::fmt::num::imp::<impl core::fmt::Display for i16>::fmt
 .text._ZN4core3fmt3num3imp52_$LT$impl$u20$core..fmt..Display$u20$for$u20$i32$GT$3fmt17h743e96edce72086bE
                0x000000000010c928       0x5c ./gen/../tecsrust_uart_led_sample/target/armv7a-none-eabi/release/libitron.a(core-30e5095c3d3ecedf.core.a8cae85694817e56-cgu.0.rcgu.o)
                0x000000000010c928                core::fmt::num::imp::<impl core::fmt::Display for isize>::fmt
                0x000000000010c928                core::fmt::num::imp::<impl core::fmt::Display for i32>::fmt
 .text._ZN4core3fmt3num3imp52_$LT$impl$u20$core..fmt..Display$u20$for$u20$i64$GT$3fmt17h0ede2460a832e4b0E
                0x000000000010c984       0x60 ./gen/../tecsrust_uart_led_sample/target/armv7a-none-eabi/release/libitron.a(core-30e5095c3d3ecedf.core.a8cae85694817e56-cgu.0.rcgu.o)
                0x000000000010c984                core::fmt::num::imp::<impl core::fmt::Display for i64>::fmt
 .text._ZN4core3fmt3num3imp52_$LT$impl$u20$core..fmt..Display$u20$for$u20$u16$GT$3fmt17hd4c4678d71ec4024E
                0x000000000010c9e4      0x124 ./gen/../tecsrust_uart_led_sample/target/armv7a-none-eabi/release/libitron.a(core-30e5095c3d3ecedf.core.a8cae85694817e56-cgu.0.rcgu.o)
                0x000000000010c9e4                core::fmt::num::imp::<impl core::fmt::Display for u16>::fmt
 .text._ZN4core3fmt3num3imp52_$LT$impl$u20$core..fmt..Display$u20$for$u20$u32$GT$3fmt17h8b396e545db94a52E
                0x000000000010cb08       0x4c ./gen/../tecsrust_uart_led_sample/target/armv7a-none-eabi/release/libitron.a(core-30e5095c3d3ecedf.core.a8cae85694817e56-cgu.0.rcgu.o)
                0x000000000010cb08                core::fmt::num::imp::<impl core::fmt::Display for u32>::fmt
                0x000000000010cb08                core::fmt::num::imp::<impl core::fmt::Display for usize>::fmt
 .text._ZN4core3fmt3num3imp52_$LT$impl$u20$core..fmt..Display$u20$for$u20$u64$GT$3fmt17h381c84b54e8ffbacE
                0x000000000010cb54       0x4c ./gen/../tecsrust_uart_led_sample/target/armv7a-none-eabi/release/libitron.a(core-30e5095c3d3ecedf.core.a8cae85694817e56-cgu.0.rcgu.o)
                0x000000000010cb54                core::fmt::num::imp::<impl core::fmt::Display for u64>::fmt
 .text._ZN4core3fmt3num3imp52_$LT$impl$u20$core..fmt..LowerExp$u20$for$u20$i8$GT$3fmt17h416c53048fbe6b53E
                0x000000000010cba0       0x28 ./gen/../tecsrust_uart_led_sample/target/armv7a-none-eabi/release/libitron.a(core-30e5095c3d3ecedf.core.a8cae85694817e56-cgu.0.rcgu.o)
                0x000000000010cba0                core::fmt::num::imp::<impl core::fmt::LowerExp for i8>::fmt
 .text._ZN4core3fmt3num3imp52_$LT$impl$u20$core..fmt..LowerExp$u20$for$u20$u8$GT$3fmt17haac850ef72656919E
                0x000000000010cbc8       0x18 ./gen/../tecsrust_uart_led_sample/target/armv7a-none-eabi/release/libitron.a(core-30e5095c3d3ecedf.core.a8cae85694817e56-cgu.0.rcgu.o)
                0x000000000010cbc8                core::fmt::num::imp::<impl core::fmt::LowerExp for u8>::fmt
 .text._ZN4core3fmt3num3imp52_$LT$impl$u20$core..fmt..UpperExp$u20$for$u20$i8$GT$3fmt17hd916d22be3823e15E
                0x000000000010cbe0       0x28 ./gen/../tecsrust_uart_led_sample/target/armv7a-none-eabi/release/libitron.a(core-30e5095c3d3ecedf.core.a8cae85694817e56-cgu.0.rcgu.o)
                0x000000000010cbe0                core::fmt::num::imp::<impl core::fmt::UpperExp for i8>::fmt
 .text._ZN4core3fmt3num3imp52_$LT$impl$u20$core..fmt..UpperExp$u20$for$u20$u8$GT$3fmt17h73a88758873e1b73E
                0x000000000010cc08       0x18 ./gen/../tecsrust_uart_led_sample/target/armv7a-none-eabi/release/libitron.a(core-30e5095c3d3ecedf.core.a8cae85694817e56-cgu.0.rcgu.o)
                0x000000000010cc08                core::fmt::num::imp::<impl core::fmt::UpperExp for u8>::fmt
 .text._ZN4core3fmt3num3imp53_$LT$impl$u20$core..fmt..LowerExp$u20$for$u20$i16$GT$3fmt17h90be70faf5927455E
                0x000000000010cc20       0x28 ./gen/../tecsrust_uart_led_sample/target/armv7a-none-eabi/release/libitron.a(core-30e5095c3d3ecedf.core.a8cae85694817e56-cgu.0.rcgu.o)
                0x000000000010cc20                core::fmt::num::imp::<impl core::fmt::LowerExp for i16>::fmt
 .text._ZN4core3fmt3num3imp53_$LT$impl$u20$core..fmt..LowerExp$u20$for$u20$i32$GT$3fmt17hc868f2686606019aE
                0x000000000010cc48       0x28 ./gen/../tecsrust_uart_led_sample/target/armv7a-none-eabi/release/libitron.a(core-30e5095c3d3ecedf.core.a8cae85694817e56-cgu.0.rcgu.o)
                0x000000000010cc48                core::fmt::num::imp::<impl core::fmt::LowerExp for isize>::fmt
                0x000000000010cc48                core::fmt::num::imp::<impl core::fmt::LowerExp for i32>::fmt
 .text._ZN4core3fmt3num3imp53_$LT$impl$u20$core..fmt..LowerExp$u20$for$u20$i64$GT$3fmt17h6eb036e2ed4d0d89E
                0x000000000010cc70       0x40 ./gen/../tecsrust_uart_led_sample/target/armv7a-none-eabi/release/libitron.a(core-30e5095c3d3ecedf.core.a8cae85694817e56-cgu.0.rcgu.o)
                0x000000000010cc70                core::fmt::num::imp::<impl core::fmt::LowerExp for i64>::fmt
 .text._ZN4core3fmt3num3imp53_$LT$impl$u20$core..fmt..LowerExp$u20$for$u20$u16$GT$3fmt17hd3cbd927dfe4f927E
                0x000000000010ccb0       0x18 ./gen/../tecsrust_uart_led_sample/target/armv7a-none-eabi/release/libitron.a(core-30e5095c3d3ecedf.core.a8cae85694817e56-cgu.0.rcgu.o)
                0x000000000010ccb0                core::fmt::num::imp::<impl core::fmt::LowerExp for u16>::fmt
 .text._ZN4core3fmt3num3imp53_$LT$impl$u20$core..fmt..LowerExp$u20$for$u20$u32$GT$3fmt17h819889e28f9315a0E
                0x000000000010ccc8       0x18 ./gen/../tecsrust_uart_led_sample/target/armv7a-none-eabi/release/libitron.a(core-30e5095c3d3ecedf.core.a8cae85694817e56-cgu.0.rcgu.o)
                0x000000000010ccc8                core::fmt::num::imp::<impl core::fmt::LowerExp for usize>::fmt
                0x000000000010ccc8                core::fmt::num::imp::<impl core::fmt::LowerExp for u32>::fmt
 .text._ZN4core3fmt3num3imp53_$LT$impl$u20$core..fmt..LowerExp$u20$for$u20$u64$GT$3fmt17h07aa3f6186603203E
                0x000000000010cce0       0x2c ./gen/../tecsrust_uart_led_sample/target/armv7a-none-eabi/release/libitron.a(core-30e5095c3d3ecedf.core.a8cae85694817e56-cgu.0.rcgu.o)
                0x000000000010cce0                core::fmt::num::imp::<impl core::fmt::LowerExp for u64>::fmt
 .text._ZN4core3fmt3num3imp53_$LT$impl$u20$core..fmt..UpperExp$u20$for$u20$i16$GT$3fmt17h4ec8b6215ee3ba94E
                0x000000000010cd0c       0x28 ./gen/../tecsrust_uart_led_sample/target/armv7a-none-eabi/release/libitron.a(core-30e5095c3d3ecedf.core.a8cae85694817e56-cgu.0.rcgu.o)
                0x000000000010cd0c                core::fmt::num::imp::<impl core::fmt::UpperExp for i16>::fmt
 .text._ZN4core3fmt3num3imp53_$LT$impl$u20$core..fmt..UpperExp$u20$for$u20$i32$GT$3fmt17h71421f608b6dc78bE
                0x000000000010cd34       0x28 ./gen/../tecsrust_uart_led_sample/target/armv7a-none-eabi/release/libitron.a(core-30e5095c3d3ecedf.core.a8cae85694817e56-cgu.0.rcgu.o)
                0x000000000010cd34                core::fmt::num::imp::<impl core::fmt::UpperExp for isize>::fmt
                0x000000000010cd34                core::fmt::num::imp::<impl core::fmt::UpperExp for i32>::fmt
 .text._ZN4core3fmt3num3imp53_$LT$impl$u20$core..fmt..UpperExp$u20$for$u20$i64$GT$3fmt17hc674f7c7cf0f3e5bE
                0x000000000010cd5c       0x40 ./gen/../tecsrust_uart_led_sample/target/armv7a-none-eabi/release/libitron.a(core-30e5095c3d3ecedf.core.a8cae85694817e56-cgu.0.rcgu.o)
                0x000000000010cd5c                core::fmt::num::imp::<impl core::fmt::UpperExp for i64>::fmt
 .text._ZN4core3fmt3num3imp53_$LT$impl$u20$core..fmt..UpperExp$u20$for$u20$u16$GT$3fmt17hafdaf36b7a026c2dE
                0x000000000010cd9c       0x18 ./gen/../tecsrust_uart_led_sample/target/armv7a-none-eabi/release/libitron.a(core-30e5095c3d3ecedf.core.a8cae85694817e56-cgu.0.rcgu.o)
                0x000000000010cd9c                core::fmt::num::imp::<impl core::fmt::UpperExp for u16>::fmt
 .text._ZN4core3fmt3num3imp53_$LT$impl$u20$core..fmt..UpperExp$u20$for$u20$u32$GT$3fmt17hbdfe3f701c5af21cE
                0x000000000010cdb4       0x18 ./gen/../tecsrust_uart_led_sample/target/armv7a-none-eabi/release/libitron.a(core-30e5095c3d3ecedf.core.a8cae85694817e56-cgu.0.rcgu.o)
                0x000000000010cdb4                core::fmt::num::imp::<impl core::fmt::UpperExp for usize>::fmt
                0x000000000010cdb4                core::fmt::num::imp::<impl core::fmt::UpperExp for u32>::fmt
 .text._ZN4core3fmt3num3imp53_$LT$impl$u20$core..fmt..UpperExp$u20$for$u20$u64$GT$3fmt17h557a69ef95d980deE
                0x000000000010cdcc       0x2c ./gen/../tecsrust_uart_led_sample/target/armv7a-none-eabi/release/libitron.a(core-30e5095c3d3ecedf.core.a8cae85694817e56-cgu.0.rcgu.o)
                0x000000000010cdcc                core::fmt::num::imp::<impl core::fmt::UpperExp for u64>::fmt
 .text._ZN4core3fmt3num3imp7exp_u3217h0291b4e3f9cecf4fE
                0x000000000010cdf8      0x560 ./gen/../tecsrust_uart_led_sample/target/armv7a-none-eabi/release/libitron.a(core-30e5095c3d3ecedf.core.a8cae85694817e56-cgu.0.rcgu.o)
 .text._ZN4core3fmt3num3imp7exp_u6417hf39d6482065a0d35E
                0x000000000010d358      0x73c ./gen/../tecsrust_uart_led_sample/target/armv7a-none-eabi/release/libitron.a(core-30e5095c3d3ecedf.core.a8cae85694817e56-cgu.0.rcgu.o)
 .text._ZN4core3fmt3num49_$LT$impl$u20$core..fmt..Debug$u20$for$u20$i8$GT$3fmt17h92478961991b3250E
                0x000000000010da94      0x16c ./gen/../tecsrust_uart_led_sample/target/armv7a-none-eabi/release/libitron.a(core-30e5095c3d3ecedf.core.a8cae85694817e56-cgu.0.rcgu.o)
 .text._ZN4core3fmt3num49_$LT$impl$u20$core..fmt..Debug$u20$for$u20$u8$GT$3fmt17hbaa2b3db014ddb16E
                0x000000000010dc00      0x154 ./gen/../tecsrust_uart_led_sample/target/armv7a-none-eabi/release/libitron.a(core-30e5095c3d3ecedf.core.a8cae85694817e56-cgu.0.rcgu.o)
 .text._ZN4core3fmt3num49_$LT$impl$u20$core..fmt..Octal$u20$for$u20$i8$GT$3fmt17hf3f19dd21c3b2fa2E
                0x000000000010dd54       0x6c ./gen/../tecsrust_uart_led_sample/target/armv7a-none-eabi/release/libitron.a(core-30e5095c3d3ecedf.core.a8cae85694817e56-cgu.0.rcgu.o)
                0x000000000010dd54                core::fmt::num::<impl core::fmt::Octal for i8>::fmt
 .text._ZN4core3fmt3num49_$LT$impl$u20$core..fmt..Octal$u20$for$u20$u8$GT$3fmt17h3fe24170980a2a51E
                0x000000000010ddc0       0x6c ./gen/../tecsrust_uart_led_sample/target/armv7a-none-eabi/release/libitron.a(core-30e5095c3d3ecedf.core.a8cae85694817e56-cgu.0.rcgu.o)
                0x000000000010ddc0                core::fmt::num::<impl core::fmt::Octal for u8>::fmt
 .text._ZN4core3fmt3num50_$LT$impl$u20$core..fmt..Binary$u20$for$u20$i8$GT$3fmt17h45942a39e887a289E
                0x000000000010de2c       0x6c ./gen/../tecsrust_uart_led_sample/target/armv7a-none-eabi/release/libitron.a(core-30e5095c3d3ecedf.core.a8cae85694817e56-cgu.0.rcgu.o)
                0x000000000010de2c                core::fmt::num::<impl core::fmt::Binary for i8>::fmt
 .text._ZN4core3fmt3num50_$LT$impl$u20$core..fmt..Binary$u20$for$u20$u8$GT$3fmt17hc56f260a2564a641E
                0x000000000010de98       0x6c ./gen/../tecsrust_uart_led_sample/target/armv7a-none-eabi/release/libitron.a(core-30e5095c3d3ecedf.core.a8cae85694817e56-cgu.0.rcgu.o)
                0x000000000010de98                core::fmt::num::<impl core::fmt::Binary for u8>::fmt
 .text._ZN4core3fmt3num50_$LT$impl$u20$core..fmt..Debug$u20$for$u20$i16$GT$3fmt17h034e0701ad9966ceE
                0x000000000010df04      0x1f0 ./gen/../tecsrust_uart_led_sample/target/armv7a-none-eabi/release/libitron.a(core-30e5095c3d3ecedf.core.a8cae85694817e56-cgu.0.rcgu.o)
 .text._ZN4core3fmt3num50_$LT$impl$u20$core..fmt..Debug$u20$for$u20$i32$GT$3fmt17hc1a1614c7f57cf06E
                0x000000000010e0f4       0xfc ./gen/../tecsrust_uart_led_sample/target/armv7a-none-eabi/release/libitron.a(core-30e5095c3d3ecedf.core.a8cae85694817e56-cgu.0.rcgu.o)
 .text._ZN4core3fmt3num50_$LT$impl$u20$core..fmt..Debug$u20$for$u20$i64$GT$3fmt17h2c29457e5d4e5b49E
                0x000000000010e1f0      0x118 ./gen/../tecsrust_uart_led_sample/target/armv7a-none-eabi/release/libitron.a(core-30e5095c3d3ecedf.core.a8cae85694817e56-cgu.0.rcgu.o)
 .text._ZN4core3fmt3num50_$LT$impl$u20$core..fmt..Debug$u20$for$u20$u16$GT$3fmt17h1281cba1f411fd3eE
                0x000000000010e308      0x1dc ./gen/../tecsrust_uart_led_sample/target/armv7a-none-eabi/release/libitron.a(core-30e5095c3d3ecedf.core.a8cae85694817e56-cgu.0.rcgu.o)
 .text._ZN4core3fmt3num50_$LT$impl$u20$core..fmt..Debug$u20$for$u20$u32$GT$3fmt17h50e5b8965de40cd0E
                0x000000000010e4e4       0xf0 ./gen/../tecsrust_uart_led_sample/target/armv7a-none-eabi/release/libitron.a(core-30e5095c3d3ecedf.core.a8cae85694817e56-cgu.0.rcgu.o)
 .text._ZN4core3fmt3num50_$LT$impl$u20$core..fmt..Debug$u20$for$u20$u64$GT$3fmt17h251c8e0674a336a8E
                0x000000000010e5d4       0xfc ./gen/../tecsrust_uart_led_sample/target/armv7a-none-eabi/release/libitron.a(core-30e5095c3d3ecedf.core.a8cae85694817e56-cgu.0.rcgu.o)
 .text._ZN4core3fmt3num50_$LT$impl$u20$core..fmt..Octal$u20$for$u20$i16$GT$3fmt17hb108ba362ce64c38E
                0x000000000010e6d0       0x6c ./gen/../tecsrust_uart_led_sample/target/armv7a-none-eabi/release/libitron.a(core-30e5095c3d3ecedf.core.a8cae85694817e56-cgu.0.rcgu.o)
                0x000000000010e6d0                core::fmt::num::<impl core::fmt::Octal for i16>::fmt
 .text._ZN4core3fmt3num50_$LT$impl$u20$core..fmt..Octal$u20$for$u20$i32$GT$3fmt17he11858cc8ae9c9ceE
                0x000000000010e73c       0x6c ./gen/../tecsrust_uart_led_sample/target/armv7a-none-eabi/release/libitron.a(core-30e5095c3d3ecedf.core.a8cae85694817e56-cgu.0.rcgu.o)
                0x000000000010e73c                core::fmt::num::<impl core::fmt::Octal for isize>::fmt
                0x000000000010e73c                core::fmt::num::<impl core::fmt::Octal for i32>::fmt
 .text._ZN4core3fmt3num50_$LT$impl$u20$core..fmt..Octal$u20$for$u20$i64$GT$3fmt17h08f561a9a1701659E
                0x000000000010e7a8       0x78 ./gen/../tecsrust_uart_led_sample/target/armv7a-none-eabi/release/libitron.a(core-30e5095c3d3ecedf.core.a8cae85694817e56-cgu.0.rcgu.o)
                0x000000000010e7a8                core::fmt::num::<impl core::fmt::Octal for i64>::fmt
 .text._ZN4core3fmt3num50_$LT$impl$u20$core..fmt..Octal$u20$for$u20$u16$GT$3fmt17h8ae4fee0c2bbf522E
                0x000000000010e820       0x6c ./gen/../tecsrust_uart_led_sample/target/armv7a-none-eabi/release/libitron.a(core-30e5095c3d3ecedf.core.a8cae85694817e56-cgu.0.rcgu.o)
                0x000000000010e820                core::fmt::num::<impl core::fmt::Octal for u16>::fmt
 .text._ZN4core3fmt3num50_$LT$impl$u20$core..fmt..Octal$u20$for$u20$u32$GT$3fmt17h968242e0dbe51401E
                0x000000000010e88c       0x6c ./gen/../tecsrust_uart_led_sample/target/armv7a-none-eabi/release/libitron.a(core-30e5095c3d3ecedf.core.a8cae85694817e56-cgu.0.rcgu.o)
                0x000000000010e88c                core::fmt::num::<impl core::fmt::Octal for u32>::fmt
                0x000000000010e88c                core::fmt::num::<impl core::fmt::Octal for usize>::fmt
 .text._ZN4core3fmt3num50_$LT$impl$u20$core..fmt..Octal$u20$for$u20$u64$GT$3fmt17h47ca67d883633978E
                0x000000000010e8f8       0x78 ./gen/../tecsrust_uart_led_sample/target/armv7a-none-eabi/release/libitron.a(core-30e5095c3d3ecedf.core.a8cae85694817e56-cgu.0.rcgu.o)
                0x000000000010e8f8                core::fmt::num::<impl core::fmt::Octal for u64>::fmt
 .text._ZN4core3fmt3num51_$LT$impl$u20$core..fmt..Binary$u20$for$u20$i16$GT$3fmt17hfba9700a4e9cc190E
                0x000000000010e970       0x6c ./gen/../tecsrust_uart_led_sample/target/armv7a-none-eabi/release/libitron.a(core-30e5095c3d3ecedf.core.a8cae85694817e56-cgu.0.rcgu.o)
                0x000000000010e970                core::fmt::num::<impl core::fmt::Binary for i16>::fmt
 .text._ZN4core3fmt3num51_$LT$impl$u20$core..fmt..Binary$u20$for$u20$i32$GT$3fmt17h4fc4dfcb4167deefE
                0x000000000010e9dc       0x6c ./gen/../tecsrust_uart_led_sample/target/armv7a-none-eabi/release/libitron.a(core-30e5095c3d3ecedf.core.a8cae85694817e56-cgu.0.rcgu.o)
                0x000000000010e9dc                core::fmt::num::<impl core::fmt::Binary for isize>::fmt
                0x000000000010e9dc                core::fmt::num::<impl core::fmt::Binary for i32>::fmt
 .text._ZN4core3fmt3num51_$LT$impl$u20$core..fmt..Binary$u20$for$u20$i64$GT$3fmt17he5e2798e16651c56E
                0x000000000010ea48       0x74 ./gen/../tecsrust_uart_led_sample/target/armv7a-none-eabi/release/libitron.a(core-30e5095c3d3ecedf.core.a8cae85694817e56-cgu.0.rcgu.o)
                0x000000000010ea48                core::fmt::num::<impl core::fmt::Binary for i64>::fmt
 .text._ZN4core3fmt3num51_$LT$impl$u20$core..fmt..Binary$u20$for$u20$u16$GT$3fmt17hb881f88fcb633517E
                0x000000000010eabc       0x6c ./gen/../tecsrust_uart_led_sample/target/armv7a-none-eabi/release/libitron.a(core-30e5095c3d3ecedf.core.a8cae85694817e56-cgu.0.rcgu.o)
                0x000000000010eabc                core::fmt::num::<impl core::fmt::Binary for u16>::fmt
 .text._ZN4core3fmt3num51_$LT$impl$u20$core..fmt..Binary$u20$for$u20$u32$GT$3fmt17hba2488480dc29c43E
                0x000000000010eb28       0x6c ./gen/../tecsrust_uart_led_sample/target/armv7a-none-eabi/release/libitron.a(core-30e5095c3d3ecedf.core.a8cae85694817e56-cgu.0.rcgu.o)
                0x000000000010eb28                core::fmt::num::<impl core::fmt::Binary for usize>::fmt
                0x000000000010eb28                core::fmt::num::<impl core::fmt::Binary for u32>::fmt
 .text._ZN4core3fmt3num51_$LT$impl$u20$core..fmt..Binary$u20$for$u20$u64$GT$3fmt17he87f00d977ade6c8E
                0x000000000010eb94       0x74 ./gen/../tecsrust_uart_led_sample/target/armv7a-none-eabi/release/libitron.a(core-30e5095c3d3ecedf.core.a8cae85694817e56-cgu.0.rcgu.o)
                0x000000000010eb94                core::fmt::num::<impl core::fmt::Binary for u64>::fmt
 .text._ZN4core3fmt3num51_$LT$impl$u20$core..fmt..Octal$u20$for$u20$i128$GT$3fmt17he36f69137051bc40E
                0x000000000010ec08       0x9c ./gen/../tecsrust_uart_led_sample/target/armv7a-none-eabi/release/libitron.a(core-30e5095c3d3ecedf.core.a8cae85694817e56-cgu.0.rcgu.o)
                0x000000000010ec08                core::fmt::num::<impl core::fmt::Octal for i128>::fmt
 .text._ZN4core3fmt3num51_$LT$impl$u20$core..fmt..Octal$u20$for$u20$u128$GT$3fmt17h26440e6b462fe6d9E
                0x000000000010eca4       0x9c ./gen/../tecsrust_uart_led_sample/target/armv7a-none-eabi/release/libitron.a(core-30e5095c3d3ecedf.core.a8cae85694817e56-cgu.0.rcgu.o)
                0x000000000010eca4                core::fmt::num::<impl core::fmt::Octal for u128>::fmt
 .text._ZN4core3fmt3num52_$LT$impl$u20$core..fmt..Binary$u20$for$u20$i128$GT$3fmt17ha816cdfb46e4ff51E
                0x000000000010ed40       0x90 ./gen/../tecsrust_uart_led_sample/target/armv7a-none-eabi/release/libitron.a(core-30e5095c3d3ecedf.core.a8cae85694817e56-cgu.0.rcgu.o)
                0x000000000010ed40                core::fmt::num::<impl core::fmt::Binary for i128>::fmt
 .text._ZN4core3fmt3num52_$LT$impl$u20$core..fmt..Binary$u20$for$u20$u128$GT$3fmt17h57af6b0eea6f23f1E
                0x000000000010edd0       0x90 ./gen/../tecsrust_uart_led_sample/target/armv7a-none-eabi/release/libitron.a(core-30e5095c3d3ecedf.core.a8cae85694817e56-cgu.0.rcgu.o)
                0x000000000010edd0                core::fmt::num::<impl core::fmt::Binary for u128>::fmt
 .text._ZN4core3fmt3num52_$LT$impl$u20$core..fmt..LowerHex$u20$for$u20$i8$GT$3fmt17h25011cbea9d3ab8bE
                0x000000000010ee60       0x6c ./gen/../tecsrust_uart_led_sample/target/armv7a-none-eabi/release/libitron.a(core-30e5095c3d3ecedf.core.a8cae85694817e56-cgu.0.rcgu.o)
                0x000000000010ee60                core::fmt::num::<impl core::fmt::LowerHex for i8>::fmt
 .text._ZN4core3fmt3num52_$LT$impl$u20$core..fmt..LowerHex$u20$for$u20$u8$GT$3fmt17hcfce6570466cf60eE
                0x000000000010eecc       0x6c ./gen/../tecsrust_uart_led_sample/target/armv7a-none-eabi/release/libitron.a(core-30e5095c3d3ecedf.core.a8cae85694817e56-cgu.0.rcgu.o)
                0x000000000010eecc                core::fmt::num::<impl core::fmt::LowerHex for u8>::fmt
 .text._ZN4core3fmt3num52_$LT$impl$u20$core..fmt..UpperHex$u20$for$u20$i8$GT$3fmt17hc7a78ee40da53df3E
                0x000000000010ef38       0x6c ./gen/../tecsrust_uart_led_sample/target/armv7a-none-eabi/release/libitron.a(core-30e5095c3d3ecedf.core.a8cae85694817e56-cgu.0.rcgu.o)
                0x000000000010ef38                core::fmt::num::<impl core::fmt::UpperHex for i8>::fmt
 .text._ZN4core3fmt3num52_$LT$impl$u20$core..fmt..UpperHex$u20$for$u20$u8$GT$3fmt17h785968f314854d94E
                0x000000000010efa4       0x6c ./gen/../tecsrust_uart_led_sample/target/armv7a-none-eabi/release/libitron.a(core-30e5095c3d3ecedf.core.a8cae85694817e56-cgu.0.rcgu.o)
                0x000000000010efa4                core::fmt::num::<impl core::fmt::UpperHex for u8>::fmt
 .text._ZN4core3fmt3num53_$LT$impl$u20$core..fmt..Display$u20$for$u20$i128$GT$3fmt17h5e464839ac660532E
                0x000000000010f010       0x70 ./gen/../tecsrust_uart_led_sample/target/armv7a-none-eabi/release/libitron.a(core-30e5095c3d3ecedf.core.a8cae85694817e56-cgu.0.rcgu.o)
                0x000000000010f010                core::fmt::num::<impl core::fmt::Display for i128>::fmt
 .text._ZN4core3fmt3num53_$LT$impl$u20$core..fmt..Display$u20$for$u20$u128$GT$3fmt17hda7bb7b7d1779911E
                0x000000000010f080       0x54 ./gen/../tecsrust_uart_led_sample/target/armv7a-none-eabi/release/libitron.a(core-30e5095c3d3ecedf.core.a8cae85694817e56-cgu.0.rcgu.o)
                0x000000000010f080                core::fmt::num::<impl core::fmt::Display for u128>::fmt
 .text._ZN4core3fmt3num53_$LT$impl$u20$core..fmt..LowerHex$u20$for$u20$i16$GT$3fmt17h812d6dcd7dfb56efE
                0x000000000010f0d4       0x6c ./gen/../tecsrust_uart_led_sample/target/armv7a-none-eabi/release/libitron.a(core-30e5095c3d3ecedf.core.a8cae85694817e56-cgu.0.rcgu.o)
                0x000000000010f0d4                core::fmt::num::<impl core::fmt::LowerHex for i16>::fmt
 .text._ZN4core3fmt3num53_$LT$impl$u20$core..fmt..LowerHex$u20$for$u20$i32$GT$3fmt17h3c712ffb7e666d0fE
                0x000000000010f140       0x6c ./gen/../tecsrust_uart_led_sample/target/armv7a-none-eabi/release/libitron.a(core-30e5095c3d3ecedf.core.a8cae85694817e56-cgu.0.rcgu.o)
                0x000000000010f140                core::fmt::num::<impl core::fmt::LowerHex for i32>::fmt
                0x000000000010f140                core::fmt::num::<impl core::fmt::LowerHex for isize>::fmt
 .text._ZN4core3fmt3num53_$LT$impl$u20$core..fmt..LowerHex$u20$for$u20$i64$GT$3fmt17h8b2353ca4607c7a2E
                0x000000000010f1ac       0x78 ./gen/../tecsrust_uart_led_sample/target/armv7a-none-eabi/release/libitron.a(core-30e5095c3d3ecedf.core.a8cae85694817e56-cgu.0.rcgu.o)
                0x000000000010f1ac                core::fmt::num::<impl core::fmt::LowerHex for i64>::fmt
 .text._ZN4core3fmt3num53_$LT$impl$u20$core..fmt..LowerHex$u20$for$u20$u16$GT$3fmt17h7d129135ecda658fE
                0x000000000010f224       0x6c ./gen/../tecsrust_uart_led_sample/target/armv7a-none-eabi/release/libitron.a(core-30e5095c3d3ecedf.core.a8cae85694817e56-cgu.0.rcgu.o)
                0x000000000010f224                core::fmt::num::<impl core::fmt::LowerHex for u16>::fmt
 .text._ZN4core3fmt3num53_$LT$impl$u20$core..fmt..LowerHex$u20$for$u20$u32$GT$3fmt17he3b70665f8cb6bf3E
                0x000000000010f290       0x6c ./gen/../tecsrust_uart_led_sample/target/armv7a-none-eabi/release/libitron.a(core-30e5095c3d3ecedf.core.a8cae85694817e56-cgu.0.rcgu.o)
                0x000000000010f290                core::fmt::num::<impl core::fmt::LowerHex for usize>::fmt
                0x000000000010f290                core::fmt::num::<impl core::fmt::LowerHex for u32>::fmt
 .text._ZN4core3fmt3num53_$LT$impl$u20$core..fmt..LowerHex$u20$for$u20$u64$GT$3fmt17h748048bd0e413f1aE
                0x000000000010f2fc       0x78 ./gen/../tecsrust_uart_led_sample/target/armv7a-none-eabi/release/libitron.a(core-30e5095c3d3ecedf.core.a8cae85694817e56-cgu.0.rcgu.o)
                0x000000000010f2fc                core::fmt::num::<impl core::fmt::LowerHex for u64>::fmt
 .text._ZN4core3fmt3num53_$LT$impl$u20$core..fmt..UpperHex$u20$for$u20$i16$GT$3fmt17h8727b0ce97fec3ceE
                0x000000000010f374       0x6c ./gen/../tecsrust_uart_led_sample/target/armv7a-none-eabi/release/libitron.a(core-30e5095c3d3ecedf.core.a8cae85694817e56-cgu.0.rcgu.o)
                0x000000000010f374                core::fmt::num::<impl core::fmt::UpperHex for i16>::fmt
 .text._ZN4core3fmt3num53_$LT$impl$u20$core..fmt..UpperHex$u20$for$u20$i32$GT$3fmt17hf702e96e4ca4aa81E
                0x000000000010f3e0       0x6c ./gen/../tecsrust_uart_led_sample/target/armv7a-none-eabi/release/libitron.a(core-30e5095c3d3ecedf.core.a8cae85694817e56-cgu.0.rcgu.o)
                0x000000000010f3e0                core::fmt::num::<impl core::fmt::UpperHex for isize>::fmt
                0x000000000010f3e0                core::fmt::num::<impl core::fmt::UpperHex for i32>::fmt
 .text._ZN4core3fmt3num53_$LT$impl$u20$core..fmt..UpperHex$u20$for$u20$i64$GT$3fmt17h29fa6fb4d1282502E
                0x000000000010f44c       0x78 ./gen/../tecsrust_uart_led_sample/target/armv7a-none-eabi/release/libitron.a(core-30e5095c3d3ecedf.core.a8cae85694817e56-cgu.0.rcgu.o)
                0x000000000010f44c                core::fmt::num::<impl core::fmt::UpperHex for i64>::fmt
 .text._ZN4core3fmt3num53_$LT$impl$u20$core..fmt..UpperHex$u20$for$u20$u16$GT$3fmt17h69d3c3be6d8d21b8E
                0x000000000010f4c4       0x6c ./gen/../tecsrust_uart_led_sample/target/armv7a-none-eabi/release/libitron.a(core-30e5095c3d3ecedf.core.a8cae85694817e56-cgu.0.rcgu.o)
                0x000000000010f4c4                core::fmt::num::<impl core::fmt::UpperHex for u16>::fmt
 .text._ZN4core3fmt3num53_$LT$impl$u20$core..fmt..UpperHex$u20$for$u20$u32$GT$3fmt17h34bc73159353c8cfE
                0x000000000010f530       0x6c ./gen/../tecsrust_uart_led_sample/target/armv7a-none-eabi/release/libitron.a(core-30e5095c3d3ecedf.core.a8cae85694817e56-cgu.0.rcgu.o)
                0x000000000010f530                core::fmt::num::<impl core::fmt::UpperHex for u32>::fmt
                0x000000000010f530                core::fmt::num::<impl core::fmt::UpperHex for usize>::fmt
 .text._ZN4core3fmt3num53_$LT$impl$u20$core..fmt..UpperHex$u20$for$u20$u64$GT$3fmt17h6b621b4f4b96f9a5E
                0x000000000010f59c       0x78 ./gen/../tecsrust_uart_led_sample/target/armv7a-none-eabi/release/libitron.a(core-30e5095c3d3ecedf.core.a8cae85694817e56-cgu.0.rcgu.o)
                0x000000000010f59c                core::fmt::num::<impl core::fmt::UpperHex for u64>::fmt
 .text._ZN4core3fmt3num54_$LT$impl$u20$core..fmt..LowerExp$u20$for$u20$i128$GT$3fmt17h6e8aa022ef441957E
                0x000000000010f614       0x60 ./gen/../tecsrust_uart_led_sample/target/armv7a-none-eabi/release/libitron.a(core-30e5095c3d3ecedf.core.a8cae85694817e56-cgu.0.rcgu.o)
                0x000000000010f614                core::fmt::num::<impl core::fmt::LowerExp for i128>::fmt
 .text._ZN4core3fmt3num54_$LT$impl$u20$core..fmt..LowerExp$u20$for$u20$u128$GT$3fmt17ha8b1759a70c077adE
                0x000000000010f674       0x3c ./gen/../tecsrust_uart_led_sample/target/armv7a-none-eabi/release/libitron.a(core-30e5095c3d3ecedf.core.a8cae85694817e56-cgu.0.rcgu.o)
                0x000000000010f674                core::fmt::num::<impl core::fmt::LowerExp for u128>::fmt
 .text._ZN4core3fmt3num54_$LT$impl$u20$core..fmt..LowerHex$u20$for$u20$i128$GT$3fmt17hb573b1bce5548a1cE
                0x000000000010f6b0       0x9c ./gen/../tecsrust_uart_led_sample/target/armv7a-none-eabi/release/libitron.a(core-30e5095c3d3ecedf.core.a8cae85694817e56-cgu.0.rcgu.o)
                0x000000000010f6b0                core::fmt::num::<impl core::fmt::LowerHex for i128>::fmt
 .text._ZN4core3fmt3num54_$LT$impl$u20$core..fmt..LowerHex$u20$for$u20$u128$GT$3fmt17he505d0df3e99c7fcE
                0x000000000010f74c       0x9c ./gen/../tecsrust_uart_led_sample/target/armv7a-none-eabi/release/libitron.a(core-30e5095c3d3ecedf.core.a8cae85694817e56-cgu.0.rcgu.o)
                0x000000000010f74c                core::fmt::num::<impl core::fmt::LowerHex for u128>::fmt
 .text._ZN4core3fmt3num54_$LT$impl$u20$core..fmt..UpperExp$u20$for$u20$i128$GT$3fmt17h2258bc30eb911759E
                0x000000000010f7e8       0x60 ./gen/../tecsrust_uart_led_sample/target/armv7a-none-eabi/release/libitron.a(core-30e5095c3d3ecedf.core.a8cae85694817e56-cgu.0.rcgu.o)
                0x000000000010f7e8                core::fmt::num::<impl core::fmt::UpperExp for i128>::fmt
 .text._ZN4core3fmt3num54_$LT$impl$u20$core..fmt..UpperExp$u20$for$u20$u128$GT$3fmt17hf35a5de26bb1601cE
                0x000000000010f848       0x3c ./gen/../tecsrust_uart_led_sample/target/armv7a-none-eabi/release/libitron.a(core-30e5095c3d3ecedf.core.a8cae85694817e56-cgu.0.rcgu.o)
                0x000000000010f848                core::fmt::num::<impl core::fmt::UpperExp for u128>::fmt
 .text._ZN4core3fmt3num54_$LT$impl$u20$core..fmt..UpperHex$u20$for$u20$i128$GT$3fmt17h1341dfbb881a737cE
                0x000000000010f884       0x9c ./gen/../tecsrust_uart_led_sample/target/armv7a-none-eabi/release/libitron.a(core-30e5095c3d3ecedf.core.a8cae85694817e56-cgu.0.rcgu.o)
                0x000000000010f884                core::fmt::num::<impl core::fmt::UpperHex for i128>::fmt
 .text._ZN4core3fmt3num54_$LT$impl$u20$core..fmt..UpperHex$u20$for$u20$u128$GT$3fmt17hd4d40ab09295cb3aE
                0x000000000010f920       0x9c ./gen/../tecsrust_uart_led_sample/target/armv7a-none-eabi/release/libitron.a(core-30e5095c3d3ecedf.core.a8cae85694817e56-cgu.0.rcgu.o)
                0x000000000010f920                core::fmt::num::<impl core::fmt::UpperHex for u128>::fmt
 .text._ZN4core3fmt3num8exp_u12817h4b630a86beff5ecdE
                0x000000000010f9bc     0x34ec ./gen/../tecsrust_uart_led_sample/target/armv7a-none-eabi/release/libitron.a(core-30e5095c3d3ecedf.core.a8cae85694817e56-cgu.0.rcgu.o)
 .text._ZN4core3fmt5Write10write_char17h1b2faaaab1f85033E
                0x0000000000112ea8       0xe0 ./gen/../tecsrust_uart_led_sample/target/armv7a-none-eabi/release/libitron.a(core-30e5095c3d3ecedf.core.a8cae85694817e56-cgu.0.rcgu.o)
 .text._ZN4core3fmt5Write10write_char17h611483370c821119E
                0x0000000000112f88       0xe0 ./gen/../tecsrust_uart_led_sample/target/armv7a-none-eabi/release/libitron.a(core-30e5095c3d3ecedf.core.a8cae85694817e56-cgu.0.rcgu.o)
 .text._ZN4core3fmt5Write10write_char17haa61e7fb2c63a0f1E
                0x0000000000113068       0xe0 ./gen/../tecsrust_uart_led_sample/target/armv7a-none-eabi/release/libitron.a(core-30e5095c3d3ecedf.core.a8cae85694817e56-cgu.0.rcgu.o)
 .text._ZN4core3fmt5Write10write_char17hcd3f42004c7fcf4bE
                0x0000000000113148       0xe0 ./gen/../tecsrust_uart_led_sample/target/armv7a-none-eabi/release/libitron.a(core-30e5095c3d3ecedf.core.a8cae85694817e56-cgu.0.rcgu.o)
 .text._ZN4core3fmt5Write9write_fmt17h0b93d56755cf62a0E
                0x0000000000113228       0x14 ./gen/../tecsrust_uart_led_sample/target/armv7a-none-eabi/release/libitron.a(core-30e5095c3d3ecedf.core.a8cae85694817e56-cgu.0.rcgu.o)
 .text._ZN4core3fmt5Write9write_fmt17h2db5a14b1ce3fd2aE
                0x000000000011323c       0x14 ./gen/../tecsrust_uart_led_sample/target/armv7a-none-eabi/release/libitron.a(core-30e5095c3d3ecedf.core.a8cae85694817e56-cgu.0.rcgu.o)
 .text._ZN4core3fmt5Write9write_fmt17h54138623857fdd01E
                0x0000000000113250       0x14 ./gen/../tecsrust_uart_led_sample/target/armv7a-none-eabi/release/libitron.a(core-30e5095c3d3ecedf.core.a8cae85694817e56-cgu.0.rcgu.o)
 .text._ZN4core3fmt5Write9write_fmt17h9b9fef56c6d873d1E
                0x0000000000113264       0x14 ./gen/../tecsrust_uart_led_sample/target/armv7a-none-eabi/release/libitron.a(core-30e5095c3d3ecedf.core.a8cae85694817e56-cgu.0.rcgu.o)
 .text._ZN4core3fmt5Write9write_fmt17hb1d117fb8080efaeE
                0x0000000000113278       0x14 ./gen/../tecsrust_uart_led_sample/target/armv7a-none-eabi/release/libitron.a(core-30e5095c3d3ecedf.core.a8cae85694817e56-cgu.0.rcgu.o)
 .text._ZN4core3fmt5float29float_to_decimal_common_exact17h0500179d1a56635aE
                0x000000000011328c      0x364 ./gen/../tecsrust_uart_led_sample/target/armv7a-none-eabi/release/libitron.a(core-30e5095c3d3ecedf.core.a8cae85694817e56-cgu.0.rcgu.o)
 .text._ZN4core3fmt5float29float_to_decimal_common_exact17h73c17d29cd1f4215E
                0x00000000001135f0      0x35c ./gen/../tecsrust_uart_led_sample/target/armv7a-none-eabi/release/libitron.a(core-30e5095c3d3ecedf.core.a8cae85694817e56-cgu.0.rcgu.o)
 .text._ZN4core3fmt5float29float_to_decimal_common_exact17h82af232ef814338cE
                0x000000000011394c      0x3a4 ./gen/../tecsrust_uart_led_sample/target/armv7a-none-eabi/release/libitron.a(core-30e5095c3d3ecedf.core.a8cae85694817e56-cgu.0.rcgu.o)
 .text._ZN4core3fmt5float32float_to_decimal_common_shortest17h24a2285f947e763eE
                0x0000000000113cf0      0x2d8 ./gen/../tecsrust_uart_led_sample/target/armv7a-none-eabi/release/libitron.a(core-30e5095c3d3ecedf.core.a8cae85694817e56-cgu.0.rcgu.o)
 .text._ZN4core3fmt5float32float_to_decimal_common_shortest17h71fcba8bed30e3e2E
                0x0000000000113fc8      0x294 ./gen/../tecsrust_uart_led_sample/target/armv7a-none-eabi/release/libitron.a(core-30e5095c3d3ecedf.core.a8cae85694817e56-cgu.0.rcgu.o)
 .text._ZN4core3fmt5float32float_to_decimal_common_shortest17hcb4606a3651142d3E
                0x000000000011425c      0x2ac ./gen/../tecsrust_uart_led_sample/target/armv7a-none-eabi/release/libitron.a(core-30e5095c3d3ecedf.core.a8cae85694817e56-cgu.0.rcgu.o)
 .text._ZN4core3fmt5float33float_to_exponential_common_exact17h86092f925c5309abE
                0x0000000000114508      0x37c ./gen/../tecsrust_uart_led_sample/target/armv7a-none-eabi/release/libitron.a(core-30e5095c3d3ecedf.core.a8cae85694817e56-cgu.0.rcgu.o)
 .text._ZN4core3fmt5float33float_to_exponential_common_exact17hb10cf59fc4cacca0E
                0x0000000000114884      0x388 ./gen/../tecsrust_uart_led_sample/target/armv7a-none-eabi/release/libitron.a(core-30e5095c3d3ecedf.core.a8cae85694817e56-cgu.0.rcgu.o)
 .text._ZN4core3fmt5float33float_to_exponential_common_exact17hdb4c31915540e131E
                0x0000000000114c0c      0x3d4 ./gen/../tecsrust_uart_led_sample/target/armv7a-none-eabi/release/libitron.a(core-30e5095c3d3ecedf.core.a8cae85694817e56-cgu.0.rcgu.o)
 .text._ZN4core3fmt5float36float_to_exponential_common_shortest17h472606ec267511f4E
                0x0000000000114fe0      0x390 ./gen/../tecsrust_uart_led_sample/target/armv7a-none-eabi/release/libitron.a(core-30e5095c3d3ecedf.core.a8cae85694817e56-cgu.0.rcgu.o)
 .text._ZN4core3fmt5float36float_to_exponential_common_shortest17ha28691ea9197d217E
                0x0000000000115370      0x354 ./gen/../tecsrust_uart_led_sample/target/armv7a-none-eabi/release/libitron.a(core-30e5095c3d3ecedf.core.a8cae85694817e56-cgu.0.rcgu.o)
 .text._ZN4core3fmt5float36float_to_exponential_common_shortest17hc55c64b28446b5c6E
                0x00000000001156c4      0x338 ./gen/../tecsrust_uart_led_sample/target/armv7a-none-eabi/release/libitron.a(core-30e5095c3d3ecedf.core.a8cae85694817e56-cgu.0.rcgu.o)
 .text._ZN4core3fmt5float50_$LT$impl$u20$core..fmt..Debug$u20$for$u20$f16$GT$3fmt17h6a645e1d73f31cdaE
                0x00000000001159fc       0xc0 ./gen/../tecsrust_uart_led_sample/target/armv7a-none-eabi/release/libitron.a(core-30e5095c3d3ecedf.core.a8cae85694817e56-cgu.0.rcgu.o)
                0x00000000001159fc                core::fmt::float::<impl core::fmt::Debug for f16>::fmt
 .text._ZN4core3fmt5float50_$LT$impl$u20$core..fmt..Debug$u20$for$u20$f32$GT$3fmt17hdffbf4be8ae9dbe2E
                0x0000000000115abc       0xb8 ./gen/../tecsrust_uart_led_sample/target/armv7a-none-eabi/release/libitron.a(core-30e5095c3d3ecedf.core.a8cae85694817e56-cgu.0.rcgu.o)
                0x0000000000115abc                core::fmt::float::<impl core::fmt::Debug for f32>::fmt