Archive member included to satisfy reference by file (symbol)

./gen/../tr_api_dispatch/target/armv7a-none-eabi/release/libitron.a(itron-6a63da1272844731.itron.fdadab565b6f4d55-cgu.0.rcgu.o)
                              objs/kernel_cfg.o (tecs_rust_start_r_processor1_symmetric_task1_1)
./gen/../tr_api_dispatch/target/armv7a-none-eabi/release/libitron.a(itron-fbcb73bf0b635dd5.itron.68e737fdf62a80e5-cgu.0.rcgu.o)
                              ./gen/../tr_api_dispatch/target/armv7a-none-eabi/release/libitron.a(itron-6a63da1272844731.itron.fdadab565b6f4d55-cgu.0.rcgu.o) (<itron::error::ErrorCode as core::fmt::Debug>::fmt)
./gen/../tr_api_dispatch/target/armv7a-none-eabi/release/libitron.a(core-d049573bc16596f9.core.5587a85061e7188a-cgu.0.rcgu.o)
                              ./gen/../tr_api_dispatch/target/armv7a-none-eabi/release/libitron.a(itron-fbcb73bf0b635dd5.itron.68e737fdf62a80e5-cgu.0.rcgu.o) (core::fmt::write)
./gen/../tr_api_dispatch/target/armv7a-none-eabi/release/libitron.a(compiler_builtins-70f608aea3cde50d.compiler_builtins.5a681add74c93a61-cgu.162.rcgu.o)
                              ./gen/../tr_api_dispatch/target/armv7a-none-eabi/release/libitron.a(core-d049573bc16596f9.core.5587a85061e7188a-cgu.0.rcgu.o) (__aeabi_memset)
./gen/../tr_api_dispatch/target/armv7a-none-eabi/release/libitron.a(compiler_builtins-70f608aea3cde50d.compiler_builtins.5a681add74c93a61-cgu.174.rcgu.o)
                              ./gen/../tr_api_dispatch/target/armv7a-none-eabi/release/libitron.a(core-d049573bc16596f9.core.5587a85061e7188a-cgu.0.rcgu.o) (__aeabi_memcpy4)
./gen/../tr_api_dispatch/target/armv7a-none-eabi/release/libitron.a(compiler_builtins-70f608aea3cde50d.compiler_builtins.5a681add74c93a61-cgu.178.rcgu.o)
                              ./gen/../tr_api_dispatch/target/armv7a-none-eabi/release/libitron.a(core-d049573bc16596f9.core.5587a85061e7188a-cgu.0.rcgu.o) (__aeabi_dmul)
./gen/../tr_api_dispatch/target/armv7a-none-eabi/release/libitron.a(compiler_builtins-70f608aea3cde50d.compiler_builtins.5a681add74c93a61-cgu.180.rcgu.o)
                              ./gen/../tr_api_dispatch/target/armv7a-none-eabi/release/libitron.a(core-d049573bc16596f9.core.5587a85061e7188a-cgu.0.rcgu.o) (__aeabi_fcmplt)
./gen/../tr_api_dispatch/target/armv7a-none-eabi/release/libitron.a(compiler_builtins-70f608aea3cde50d.compiler_builtins.5a681add74c93a61-cgu.201.rcgu.o)
                              ./gen/../tr_api_dispatch/target/armv7a-none-eabi/release/libitron.a(core-d049573bc16596f9.core.5587a85061e7188a-cgu.0.rcgu.o) (__aeabi_memclr4)
./gen/../tr_api_dispatch/target/armv7a-none-eabi/release/libitron.a(compiler_builtins-70f608aea3cde50d.compiler_builtins.5a681add74c93a61-cgu.206.rcgu.o)
                              ./gen/../tr_api_dispatch/target/armv7a-none-eabi/release/libitron.a(core-d049573bc16596f9.core.5587a85061e7188a-cgu.0.rcgu.o) (__aeabi_fcmpge)
./gen/../tr_api_dispatch/target/armv7a-none-eabi/release/libitron.a(compiler_builtins-70f608aea3cde50d.compiler_builtins.5a681add74c93a61-cgu.210.rcgu.o)
                              ./gen/../tr_api_dispatch/target/armv7a-none-eabi/release/libitron.a(core-d049573bc16596f9.core.5587a85061e7188a-cgu.0.rcgu.o) (__aeabi_f2h)
./gen/../tr_api_dispatch/target/armv7a-none-eabi/release/libitron.a(compiler_builtins-70f608aea3cde50d.compiler_builtins.5a681add74c93a61-cgu.223.rcgu.o)
                              ./gen/../tr_api_dispatch/target/armv7a-none-eabi/release/libitron.a(core-d049573bc16596f9.core.5587a85061e7188a-cgu.0.rcgu.o) (__aeabi_memcpy)
./gen/../tr_api_dispatch/target/armv7a-none-eabi/release/libitron.a(compiler_builtins-70f608aea3cde50d.compiler_builtins.5a681add74c93a61-cgu.253.rcgu.o)
                              ./gen/../tr_api_dispatch/target/armv7a-none-eabi/release/libitron.a(core-d049573bc16596f9.core.5587a85061e7188a-cgu.0.rcgu.o) (__aeabi_memcpy8)
./gen/../tr_api_dispatch/target/armv7a-none-eabi/release/libitron.a(compiler_builtins-70f608aea3cde50d.compiler_builtins.5a681add74c93a61-cgu.261.rcgu.o)
                              ./gen/../tr_api_dispatch/target/armv7a-none-eabi/release/libitron.a(core-d049573bc16596f9.core.5587a85061e7188a-cgu.0.rcgu.o) (__aeabi_dcmplt)
./gen/../tr_api_dispatch/target/armv7a-none-eabi/release/libitron.a(compiler_builtins-70f608aea3cde50d.compiler_builtins.5a681add74c93a61-cgu.263.rcgu.o)
                              ./gen/../tr_api_dispatch/target/armv7a-none-eabi/release/libitron.a(core-d049573bc16596f9.core.5587a85061e7188a-cgu.0.rcgu.o) (__aeabi_ddiv)
./gen/../tr_api_dispatch/target/armv7a-none-eabi/release/libitron.a(compiler_builtins-70f608aea3cde50d.compiler_builtins.5a681add74c93a61-cgu.270.rcgu.o)
                              ./gen/../tr_api_dispatch/target/armv7a-none-eabi/release/libitron.a(core-d049573bc16596f9.core.5587a85061e7188a-cgu.0.rcgu.o) (__aeabi_ul2d)
[...]
Memory Configuration

Name             Origin             Length             Attributes
RAM              0x0000000000100000 0x000000001ff00000 xrw
*default*        0x0000000000000000 0xffffffffffffffff

Linker script and memory map

                [!provide]                        PROVIDE (hardware_init_hook = 0x0)
                0x0000000000000000                PROVIDE (software_init_hook = 0x0)
                0x0000000000000000                PROVIDE (software_term_hook = 0x0)

.text           0x0000000000100000    0x31e7c
                0x0000000000100000                __start_text = .
 *(.vector)
 .vector        0x0000000000100000       0x3c ./libkernel.a(core_support.o)
                0x0000000000100000                vector_table
                0x0000000000100020                vector_ref_table
 *(.text)
 .text          0x000000000010003c      0x11c objs/start.o
                0x000000000010003c                start
 .text          0x0000000000100158      0x42c objs/log_output.o
                0x0000000000100260                syslog_printf
                0x00000000001004f8                syslog_print
                0x000000000010054c                syslog_lostmsg
 .text          0x0000000000100584      0x2a8 objs/vasyslog.o
                0x0000000000100584                tt_syslog
 .text          0x000000000010082c       0x50 objs/t_perror.o
                0x000000000010082c                tt_perror
 .text          0x000000000010087c       0x24 objs/strerror.o
                0x000000000010087c                itron_strerror
 .text          0x00000000001008a0        0x4 objs/tTask_rProcessor1Migratable_tecsgen.o
                0x00000000001008a0                tTask_CB_initialize
 .text          0x00000000001008a4        0x4 objs/tSemaphore_rProcessor1Migratable_tecsgen.o
                0x00000000001008a4                tSemaphore_CB_initialize
 .text          0x00000000001008a8        0x4 objs/tInterruptRequest_rProcessor1Migratable_tecsgen.o
                0x00000000001008a8                tInterruptRequest_CB_initialize
 .text          0x00000000001008ac        0x4 objs/tISR_rProcessor1Migratable_tecsgen.o
                0x00000000001008ac                tISR_CB_initialize
 .text          0x00000000001008b0        0x4 objs/tInitializeRoutine_rProcessor1Migratable_tecsgen.o
                0x00000000001008b0                tInitializeRoutine_CB_initialize
 .text          0x00000000001008b4        0x4 objs/tTerminateRoutine_rProcessor1Migratable_tecsgen.o
                0x00000000001008b4                tTerminateRoutine_CB_initialize
 .text          0x00000000001008b8       0x50 objs/tSerialPortMain_rProcessor1Migratable_tecsgen.o
                0x00000000001008b8                tSerialPortMain_eSerialPort_open_skel
                0x00000000001008c0                tSerialPortMain_eSerialPort_close_skel
                0x00000000001008c8                tSerialPortMain_eSerialPort_read_skel
                0x00000000001008d0                tSerialPortMain_eSerialPort_write_skel
                0x00000000001008d8                tSerialPortMain_eSerialPort_control_skel
                0x00000000001008e0                tSerialPortMain_eSerialPort_refer_skel
                0x00000000001008e8                tSerialPortMain_CB_initialize
 .text          0x0000000000100908        0x4 objs/tSerialAdapter_rProcessor1Migratable_tecsgen.o
                0x0000000000100908                tSerialAdapter_CB_initialize
 .text          0x000000000010090c       0x38 objs/tSysLog_rProcessor1Migratable_tecsgen.o
                0x000000000010090c                tSysLog_CB_initialize
 .text          0x0000000000100944        0x4 objs/tSysLogAdapter_rProcessor1Migratable_tecsgen.o
                0x0000000000100944                tSysLogAdapter_CB_initialize
 .text          0x0000000000100948        0x8 objs/tLogTaskMain_rProcessor1Migratable_tecsgen.o
                0x0000000000100948                tLogTaskMain_eLogTaskTerminate_main_skel
                0x000000000010094c                tLogTaskMain_CB_initialize
 .text          0x0000000000100950        0x4 objs/tBannerMain_rProcessor1Migratable_tecsgen.o
                0x0000000000100950                tBannerMain_CB_initialize
 .text          0x0000000000100954        0x4 objs/tPutLogZyboZ7_rProcessor1Migratable_tecsgen.o
                0x0000000000100954                tPutLogZyboZ7_CB_initialize
 .text          0x0000000000100958       0x20 objs/tXUartPs_rProcessor1Migratable_tecsgen.o
                0x0000000000100958                tXUartPs_eTerminate_main_skel
                0x0000000000100960                tXUartPs_CB_initialize
 .text          0x0000000000100978        0x4 objs/tSIOPortZyboZ7Main_rProcessor1Migratable_tecsgen.o
                0x0000000000100978                tSIOPortZyboZ7Main_CB_initialize
 .text          0x000000000010097c        0x4 objs/tTask.o
                0x000000000010097c                tTask_start
 .text          0x0000000000100980        0x0 objs/tInterruptRequest.o
 .text          0x0000000000100980        0xc objs/tISR.o
                0x0000000000100980                tISR_start
 .text          0x000000000010098c        0x4 objs/tInitializeRoutine.o
                0x000000000010098c                tInitializeRoutine_start
 .text          0x0000000000100990       0x10 objs/tTerminateRoutine.o
                0x0000000000100990                tTerminateRoutine_start
 .text          0x00000000001009a0      0x9e8 objs/tSerialPortMain.o
                0x0000000000100ac8                tSerialPortMain_eSerialPort_open
                0x0000000000100bac                tSerialPortMain_eSerialPort_close
                0x0000000000100c84                tSerialPortMain_eSerialPort_write
                0x0000000000100d90                tSerialPortMain_eSerialPort_read
                0x0000000000100fc4                tSerialPortMain_eSerialPort_control
                0x0000000000101014                tSerialPortMain_eSerialPort_refer
                0x000000000010106c                tSerialPortMain_eiSIOCBR_readySend
                0x0000000000101138                tSerialPortMain_eiSIOCBR_readyReceive
                0x0000000000101324                tSerialPortMain_enSerialPortManage_getChar
 .text          0x0000000000101388      0x258 objs/tSerialAdapter.o
                0x0000000000101388                serial_opn_por
                0x00000000001013e4                serial_cls_por
                0x0000000000101440                serial_rea_dat
                0x00000000001014ac                serial_wri_dat
                0x0000000000101518                serial_ctl_por
                0x000000000010157c                serial_ref_por
 .text          0x00000000001015e0      0x2cc objs/tSysLog.o
                0x00000000001015e4                tSysLog_eSysLog_write
                0x00000000001016fc                tSysLog_eSysLog_read
                0x000000000010179c                tSysLog_eSysLog_mask
                0x00000000001017cc                tSysLog_eSysLog_refer
                0x0000000000101818                tSysLog_eSysLog_flush
 .text          0x00000000001018ac       0x14 objs/tSysLogAdapter.o
                0x00000000001018ac                syslog_wri_log
                0x00000000001018b0                syslog_rea_log
                0x00000000001018b4                syslog_msk_log
                0x00000000001018b8                syslog_ref_log
                0x00000000001018bc                syslog_fls_log
 .text          0x00000000001018c0      0x21c objs/tLogTaskMain.o
                0x00000000001018c0                target_fput_log
                0x00000000001018f0                tLogTaskMain_eLogTask_flush
                0x000000000010199c                tLogTaskMain_eLogTaskBody_main
                0x0000000000101a1c                tLogTaskMain_eLogTaskTerminate_main
 .text          0x0000000000101adc       0x60 objs/tBannerMain.o
                0x0000000000101adc                tBannerMain_eBannerInitialize_main
 .text          0x0000000000101b3c       0x74 objs/tPutLogZyboZ7.o
                0x0000000000101b3c                tPutLogZyboZ7_initialize
                0x0000000000101b60                tPutLogZyboZ7_ePutLog_putChar
 .text          0x0000000000101bb0      0x1f4 objs/tXUartPs.o
                0x0000000000101bb0                tXUartPs_eTerminate_main
                0x0000000000101bf0                tXUartPs_eSIOPort_open
                0x0000000000101c58                tXUartPs_eSIOPort_close
                0x0000000000101c88                tXUartPs_eSIOPort_putChar
                0x0000000000101ca8                tXUartPs_eSIOPort_getChar
                0x0000000000101cc8                tXUartPs_eSIOPort_enableCBR
                0x0000000000101cfc                tXUartPs_eSIOPort_disableCBR
                0x0000000000101d30                tXUartPs_eiISR_main
 .text          0x0000000000101da4       0x44 objs/init_tecs.o
                0x0000000000101da4                initialize_tecs
 .text          0x0000000000101de8       0x2c objs/kernel_cfg.o
                0x0000000000101de8                _kernel_inthdr_82
                0x0000000000101df4                _kernel_initialize_object
 .text          0x0000000000101e14        0x0 ./gen/../tr_api_dispatch/target/armv7a-none-eabi/release/libitron.a(itron-6a63da1272844731.itron.fdadab565b6f4d55-cgu.0.rcgu.o)
 .text          0x0000000000101e14        0x0 ./gen/../tr_api_dispatch/target/armv7a-none-eabi/release/libitron.a(itron-fbcb73bf0b635dd5.itron.68e737fdf62a80e5-cgu.0.rcgu.o)
 .text          0x0000000000101e14        0x0 ./gen/../tr_api_dispatch/target/armv7a-none-eabi/release/libitron.a(core-d049573bc16596f9.core.5587a85061e7188a-cgu.0.rcgu.o)
 .text          0x0000000000101e14        0x0 ./gen/../tr_api_dispatch/target/armv7a-none-eabi/release/libitron.a(compiler_builtins-70f608aea3cde50d.compiler_builtins.5a681add74c93a61-cgu.162.rcgu.o)
 .text          0x0000000000101e14        0x0 ./gen/../tr_api_dispatch/target/armv7a-none-eabi/release/libitron.a(compiler_builtins-70f608aea3cde50d.compiler_builtins.5a681add74c93a61-cgu.174.rcgu.o)
 .text          0x0000000000101e14        0x0 ./gen/../tr_api_dispatch/target/armv7a-none-eabi/release/libitron.a(compiler_builtins-70f608aea3cde50d.compiler_builtins.5a681add74c93a61-cgu.178.rcgu.o)
 .text          0x0000000000101e14        0x0 ./gen/../tr_api_dispatch/target/armv7a-none-eabi/release/libitron.a(compiler_builtins-70f608aea3cde50d.compiler_builtins.5a681add74c93a61-cgu.180.rcgu.o)
 .text          0x0000000000101e14        0x0 ./gen/../tr_api_dispatch/target/armv7a-none-eabi/release/libitron.a(compiler_builtins-70f608aea3cde50d.compiler_builtins.5a681add74c93a61-cgu.201.rcgu.o)
 .text          0x0000000000101e14        0x0 ./gen/../tr_api_dispatch/target/armv7a-none-eabi/release/libitron.a(compiler_builtins-70f608aea3cde50d.compiler_builtins.5a681add74c93a61-cgu.206.rcgu.o)
 .text          0x0000000000101e14        0x0 ./gen/../tr_api_dispatch/target/armv7a-none-eabi/release/libitron.a(compiler_builtins-70f608aea3cde50d.compiler_builtins.5a681add74c93a61-cgu.210.rcgu.o)
 .text          0x0000000000101e14        0x0 ./gen/../tr_api_dispatch/target/armv7a-none-eabi/release/libitron.a(compiler_builtins-70f608aea3cde50d.compiler_builtins.5a681add74c93a61-cgu.223.rcgu.o)
 .text          0x0000000000101e14        0x0 ./gen/../tr_api_dispatch/target/armv7a-none-eabi/release/libitron.a(compiler_builtins-70f608aea3cde50d.compiler_builtins.5a681add74c93a61-cgu.253.rcgu.o)
 .text          0x0000000000101e14        0x0 ./gen/../tr_api_dispatch/target/armv7a-none-eabi/release/libitron.a(compiler_builtins-70f608aea3cde50d.compiler_builtins.5a681add74c93a61-cgu.261.rcgu.o)
 .text          0x0000000000101e14        0x0 ./gen/../tr_api_dispatch/target/armv7a-none-eabi/release/libitron.a(compiler_builtins-70f608aea3cde50d.compiler_builtins.5a681add74c93a61-cgu.263.rcgu.o)
 .text          0x0000000000101e14        0x0 ./gen/../tr_api_dispatch/target/armv7a-none-eabi/release/libitron.a(compiler_builtins-70f608aea3cde50d.compiler_builtins.5a681add74c93a61-cgu.270.rcgu.o)
 .text          0x0000000000101e14        0x0 ./gen/../tr_api_dispatch/target/armv7a-none-eabi/release/libitron.a(compiler_builtins-70f608aea3cde50d.compiler_builtins.5a681add74c93a61-cgu.283.rcgu.o)
 .text          0x0000000000101e14        0x0 ./gen/../tr_api_dispatch/target/armv7a-none-eabi/release/libitron.a(compiler_builtins-70f608aea3cde50d.compiler_builtins.5a681add74c93a61-cgu.287.rcgu.o)
 .text          0x0000000000101e14        0x0 ./gen/../tr_api_dispatch/target/armv7a-none-eabi/release/libitron.a(compiler_builtins-70f608aea3cde50d.compiler_builtins.5a681add74c93a61-cgu.300.rcgu.o)
 .text          0x0000000000101e14        0x0 ./gen/../tr_api_dispatch/target/armv7a-none-eabi/release/libitron.a(compiler_builtins-70f608aea3cde50d.compiler_builtins.5a681add74c93a61-cgu.310.rcgu.o)
 .text          0x0000000000101e14        0x0 ./gen/../tr_api_dispatch/target/armv7a-none-eabi/release/libitron.a(compiler_builtins-70f608aea3cde50d.compiler_builtins.5a681add74c93a61-cgu.355.rcgu.o)
 .text          0x0000000000101e14        0x0 ./gen/../tr_api_dispatch/target/armv7a-none-eabi/release/libitron.a(compiler_builtins-70f608aea3cde50d.compiler_builtins.5a681add74c93a61-cgu.361.rcgu.o)
 .text          0x0000000000101e14        0x0 ./gen/../tr_api_dispatch/target/armv7a-none-eabi/release/libitron.a(compiler_builtins-70f608aea3cde50d.compiler_builtins.5a681add74c93a61-cgu.365.rcgu.o)
 .text          0x0000000000101e14        0x0 ./gen/../tr_api_dispatch/target/armv7a-none-eabi/release/libitron.a(compiler_builtins-70f608aea3cde50d.compiler_builtins.5a681add74c93a61-cgu.375.rcgu.o)
 .text          0x0000000000101e14        0x0 ./gen/../tr_api_dispatch/target/armv7a-none-eabi/release/libitron.a(compiler_builtins-70f608aea3cde50d.compiler_builtins.5a681add74c93a61-cgu.393.rcgu.o)
 .text          0x0000000000101e14        0x0 ./gen/../tr_api_dispatch/target/armv7a-none-eabi/release/libitron.a(compiler_builtins-70f608aea3cde50d.compiler_builtins.5a681add74c93a61-cgu.395.rcgu.o)
 .text          0x0000000000101e14        0x0 ./gen/../tr_api_dispatch/target/armv7a-none-eabi/release/libitron.a(compiler_builtins-70f608aea3cde50d.compiler_builtins.5a681add74c93a61-cgu.410.rcgu.o)
 .text          0x0000000000101e14        0x0 ./gen/../tr_api_dispatch/target/armv7a-none-eabi/release/libitron.a(compiler_builtins-70f608aea3cde50d.compiler_builtins.5a681add74c93a61-cgu.411.rcgu.o)
 .text          0x0000000000101e14      0x1e0 ./gen/../tr_api_dispatch/target/armv7a-none-eabi/release/libitron.a(63f8a0b8a638da8c-udivmodsi4.o)
                0x0000000000101e14                __udivmodsi4
 .text          0x0000000000101ff4      0x1d0 ./gen/../tr_api_dispatch/target/armv7a-none-eabi/release/libitron.a(63f8a0b8a638da8c-udivsi3.o)
                0x0000000000101ff4                __udivsi3
                0x0000000000101ff4                __aeabi_uidiv
 .text          0x00000000001021c4        0x0 ./gen/../tr_api_dispatch/target/armv7a-none-eabi/release/libitron.a(compiler_builtins-70f608aea3cde50d.compiler_builtins.5a681add74c93a61-cgu.000.rcgu.o)
 .text          0x00000000001021c4        0x0 ./gen/../tr_api_dispatch/target/armv7a-none-eabi/release/libitron.a(compiler_builtins-70f608aea3cde50d.compiler_builtins.5a681add74c93a61-cgu.004.rcgu.o)
 .text          0x00000000001021c4        0x0 ./gen/../tr_api_dispatch/target/armv7a-none-eabi/release/libitron.a(compiler_builtins-70f608aea3cde50d.compiler_builtins.5a681add74c93a61-cgu.009.rcgu.o)
 .text          0x00000000001021c4        0x0 ./gen/../tr_api_dispatch/target/armv7a-none-eabi/release/libitron.a(compiler_builtins-70f608aea3cde50d.compiler_builtins.5a681add74c93a61-cgu.019.rcgu.o)
 .text          0x00000000001021c4        0x0 ./gen/../tr_api_dispatch/target/armv7a-none-eabi/release/libitron.a(compiler_builtins-70f608aea3cde50d.compiler_builtins.5a681add74c93a61-cgu.347.rcgu.o)
 .text          0x00000000001021c4        0x0 ./gen/../tr_api_dispatch/target/armv7a-none-eabi/release/libitron.a(63f8a0b8a638da8c-aeabi_div0.o)
 .text          0x00000000001021c4        0x0 ./gen/../tr_api_dispatch/target/armv7a-none-eabi/release/libitron.a(compiler_builtins-70f608aea3cde50d.compiler_builtins.5a681add74c93a61-cgu.010.rcgu.o)
 .text          0x00000000001021c4       0x80 ./libkernel.a(target_kernel_impl.o)
                0x00000000001021c4                hardware_init_hook
                0x00000000001021d4                _kernel_target_mprc_initialize
                0x00000000001021f8                _kernel_target_initialize
                0x0000000000102214                _kernel_target_exit
 .text          0x0000000000102244       0x34 ./libkernel.a(chip_kernel_impl.o)
                0x0000000000102244                _kernel_chip_initialize
                0x0000000000102274                _kernel_chip_terminate
 .text          0x0000000000102278       0x9c ./libkernel.a(mpcore_kernel_impl.o)
                0x0000000000102278                _kernel_mpcore_mprc_initialize
                0x00000000001022ac                _kernel_mpcore_initialize
                0x0000000000102300                _kernel_mpcore_terminate
 .text          0x0000000000102314      0x340 ./libkernel.a(gic_kernel_impl.o)
                0x0000000000102314                _kernel_gicc_initialize
                0x0000000000102348                _kernel_gicc_terminate
                0x000000000010235c                _kernel_gicd_initialize
                0x00000000001023f4                _kernel_gicd_terminate
                0x0000000000102408                _kernel_initialize_interrupt
 .text          0x0000000000102654      0x12c ./libkernel.a(pl310.o)
                0x0000000000102654                _kernel_pl310_initialize
                0x00000000001026c8                _kernel_pl310_disable
                0x0000000000102708                _kernel_pl310_invalidate_all
                0x0000000000102744                _kernel_pl310_clean_and_invalidate_all
 .text          0x0000000000102780       0x90 ./libkernel.a(mpcore_timer.o)
                0x0000000000102780                _kernel_target_hrt_initialize
                0x00000000001027c8                _kernel_target_hrt_terminate
                0x00000000001027fc                _kernel_target_hrt_handler
 .text          0x0000000000102810      0x4f4 ./libkernel.a(core_kernel_impl.o)
                0x0000000000102810                _kernel_arm_mmu_initialize
                0x00000000001029f8                _kernel_core_initialize
                0x0000000000102a58                _kernel_core_terminate
                0x0000000000102a5c                _kernel_xlog_sys
                0x0000000000102b18                _kernel_xlog_fsr
                0x0000000000102b98                _kernel_default_int_handler
                0x0000000000102bcc                _kernel_default_exc_handler
 .text          0x0000000000102d04      0x1b8 ./libkernel.a(arm.o)
                0x0000000000102d04                arm_enable_icache
                0x0000000000102d20                arm_disable_icache
                0x0000000000102d38                armv7_invalidate_dcache
                0x0000000000102ddc                arm_enable_dcache
                0x0000000000102dfc                armv7_clean_and_invalidate_dcache
                0x0000000000102ea0                arm_disable_dcache
 .text          0x0000000000102ebc      0x3a8 ./libkernel.a(startup.o)
                0x0000000000102f34                _kernel_barrier_sync
                0x0000000000102fa8                sta_ker
                0x00000000001030c0                ext_ker
                0x0000000000103128                _kernel_exit_kernel
                0x00000000001031a8                _kernel_ext_ker_handler
 .text          0x0000000000103264      0x9c8 ./libkernel.a(task.o)
                0x0000000000103264                _kernel_search_schedtsk
                0x0000000000103278                _kernel_make_runnable
                0x00000000001033b0                _kernel_initialize_task
                0x00000000001034c4                _kernel_make_non_runnable
                0x00000000001035e8                _kernel_make_dormant
                0x0000000000103614                _kernel_make_active
                0x0000000000103640                _kernel_change_priority
                0x00000000001038dc                _kernel_change_subprio
                0x00000000001039cc                _kernel_rotate_ready_queue
                0x0000000000103ab0                _kernel_task_terminate
                0x0000000000103bdc                _kernel_migrate_self
                0x0000000000103c04                _kernel_migrate_activate_self
 .text          0x0000000000103c2c        0x0 ./libkernel.a(taskhook.o)
 .text          0x0000000000103c2c      0x650 ./libkernel.a(wait.o)
                0x0000000000103c2c                _kernel_wait_tmout
                0x0000000000103d7c                _kernel_make_wait_tmout
                0x0000000000103e38                _kernel_wait_dequeue_wobj
                0x0000000000103e54                _kernel_wait_complete
                0x0000000000103ef8                _kernel_wait_tmout_ok
                0x0000000000104034                _kernel_wobj_make_wait
                0x00000000001040dc                _kernel_wobj_make_wait_tmout
                0x0000000000104168                _kernel_init_wait_queue
 .text          0x000000000010427c      0xaf8 ./libkernel.a(time_event.o)
                0x000000000010427c                _kernel_initialize_tmevt
                0x0000000000104328                _kernel_tmevt_up
                0x0000000000104388                _kernel_tmevt_down
                0x000000000010442c                _kernel_update_current_evttim
                0x00000000001044b4                _kernel_set_hrt_event
                0x0000000000104684                _kernel_set_hrt_event_handler
                0x0000000000104788                _kernel_tmevtb_register
                0x0000000000104820                _kernel_tmevtb_enqueue
                0x00000000001048d4                _kernel_tmevtb_enqueue_reltim
                0x00000000001049a8                _kernel_tmevtb_dequeue
                0x0000000000104ab0                _kernel_check_adjtim
                0x0000000000104b40                _kernel_tmevt_lefttim
                0x0000000000104b78                _kernel_signal_time
 .text          0x0000000000104d74      0xbf8 ./libkernel.a(task_manage.o)
                0x0000000000104d74                act_tsk
                0x0000000000104ee0                mact_tsk
                0x00000000001050a8                can_act
                0x00000000001051a4                mig_tsk
                0x00000000001053b8                get_tst
                0x00000000001054f8                chg_pri
                0x00000000001056e0                get_pri
                0x00000000001057e4                chg_spr
                0x0000000000105914                get_inf
 .text          0x000000000010596c      0x410 ./libkernel.a(task_refer.o)
                0x000000000010596c                ref_tsk
 .text          0x0000000000105d7c      0xb30 ./libkernel.a(task_sync.o)
                0x0000000000105d7c                slp_tsk
                0x0000000000105ec8                tslp_tsk
                0x0000000000106028                wup_tsk
                0x0000000000106194                can_wup
                0x0000000000106298                rel_wai
                0x0000000000106460                sus_tsk
                0x00000000001065ec                rsm_tsk
                0x0000000000106738                dly_tsk
 .text          0x00000000001068ac      0x87c ./libkernel.a(semaphore.o)
                0x00000000001068ac                _kernel_initialize_semaphore
                0x0000000000106908                sig_sem
                0x0000000000106ab0                wai_sem
                0x0000000000106c10                pol_sem
                0x0000000000106d04                twai_sem
                0x0000000000106ea0                ini_sem
                0x0000000000106fc8                ref_sem
 .text          0x0000000000107128      0x318 ./libkernel.a(spin_lock.o)
                0x0000000000107128                _kernel_initialize_spin_lock
                0x0000000000107170                _kernel_force_unlock_spin
                0x000000000010719c                loc_spn
                0x000000000010725c                try_spn
                0x0000000000107300                unl_spn
                0x00000000001073b0                ref_spn
 .text          0x0000000000107440      0xb50 ./libkernel.a(sys_manage.o)
                0x0000000000107440                rot_rdq
                0x0000000000107574                mrot_rdq
                0x00000000001076c4                get_tid
                0x000000000010772c                get_pid
                0x0000000000107754                get_lod
                0x0000000000107860                mget_lod
                0x0000000000107984                get_nth
                0x0000000000107abc                mget_nth
                0x0000000000107c0c                loc_cpu
                0x0000000000107c24                unl_cpu
                0x0000000000107c54                dis_dsp
                0x0000000000107d24                ena_dsp
                0x0000000000107e88                sns_ctx
                0x0000000000107eb8                sns_loc
                0x0000000000107ec4                sns_dsp
                0x0000000000107ef4                sns_dpn
                0x0000000000107f50                sns_ker
 .text          0x0000000000107f90      0x668 ./libkernel.a(interrupt.o)
                0x0000000000107f90                dis_int
                0x0000000000108064                ena_int
                0x0000000000108138                clr_int
                0x000000000010820c                ras_int
                0x0000000000108330                prb_int
                0x00000000001083e8                chg_ipm
                0x0000000000108590                get_ipm
 .text          0x00000000001085f8      0x3dc ./libkernel.a(core_support.o)
                0x00000000001085f8                _kernel_dispatch
                0x0000000000108624                _kernel_start_dispatch
                0x000000000010863c                _kernel_exit_and_dispatch
                0x000000000010866c                _kernel_call_exit_kernel
                0x000000000010867c                _kernel_dispatch_and_migrate
                0x0000000000108698                _kernel_exit_and_migrate
                0x00000000001086a0                _kernel_start_r
                0x00000000001086b8                _kernel_irq_handler
                0x00000000001087a4                _kernel_undef_handler
                0x00000000001087b8                _kernel_svc_handler
                0x00000000001087c8                _kernel_pabort_handler
                0x00000000001087dc                _kernel_dabort_handler
                0x000000000010883c                _kernel_fiq_handler
                0x00000000001089a8                sil_dly_nse
 .text          0x00000000001089d4      0x644 ./libkernel.a(task_term.o)
                0x00000000001089d4                ext_tsk
                0x0000000000108af8                ras_ter
                0x0000000000108cc0                dis_ter
                0x0000000000108d78                ena_ter
                0x0000000000108e90                sns_ter
                0x0000000000108ecc                ter_tsk
 .text          0x0000000000109018       0x8c ./libkernel.a(gic_support.o)
                0x0000000000109018                _kernel_irc_begin_int
                0x0000000000109050                _kernel_irc_end_int
                0x0000000000109060                _kernel_irc_get_intpri
                0x0000000000109074                _kernel_irc_begin_exc
                0x0000000000109084                _kernel_irc_end_exc
 .text          0x00000000001090a4       0xa4 /usr/lib/gcc/arm-none-eabi/10.3.1/../../../arm-none-eabi/lib/thumb/v7-a/nofp/libc.a(lib_a-memset.o)
                0x00000000001090a4                memset
 *(.text.*)
 .text._ZN68_$LT$itron..error..Error$LT$Kind$GT$$u20$as$u20$core..fmt..Debug$GT$3fmt17h7a6abd72f02fffd2E
                0x0000000000109148        0x4 ./gen/../tr_api_dispatch/target/armv7a-none-eabi/release/libitron.a(itron-6a63da1272844731.itron.fdadab565b6f4d55-cgu.0.rcgu.o)
 .text._RNvCsgYTF1aGAkck_7___rustc17rust_begin_unwind
                0x000000000010914c        0x4 ./gen/../tr_api_dispatch/target/armv7a-none-eabi/release/libitron.a(itron-6a63da1272844731.itron.fdadab565b6f4d55-cgu.0.rcgu.o)
                0x000000000010914c                __rustc::rust_begin_unwind
 .text.tecs_rust_start_r_processor1_symmetric_task1_1
                0x0000000000109150      0x1dc ./gen/../tr_api_dispatch/target/armv7a-none-eabi/release/libitron.a(itron-6a63da1272844731.itron.fdadab565b6f4d55-cgu.0.rcgu.o)
                0x0000000000109150                tecs_rust_start_r_processor1_symmetric_task1_1
 .text.tecs_rust_start_r_processor_all_mig_taskmig
                0x000000000010932c       0x80 ./gen/../tr_api_dispatch/target/armv7a-none-eabi/release/libitron.a(itron-6a63da1272844731.itron.fdadab565b6f4d55-cgu.0.rcgu.o)
                0x000000000010932c                tecs_rust_start_r_processor_all_mig_taskmig
 .text.tecs_rust_start_r_processor2_symmetric_task2_1
                0x00000000001093ac        0x4 ./gen/../tr_api_dispatch/target/armv7a-none-eabi/release/libitron.a(itron-6a63da1272844731.itron.fdadab565b6f4d55-cgu.0.rcgu.o)
                0x00000000001093ac                tecs_rust_start_r_processor2_symmetric_task2_1
 .text.tecs_rust_start_r_processor2_symmetric_task2_2
                0x00000000001093b0       0x80 ./gen/../tr_api_dispatch/target/armv7a-none-eabi/release/libitron.a(itron-6a63da1272844731.itron.fdadab565b6f4d55-cgu.0.rcgu.o)
                0x00000000001093b0                tecs_rust_start_r_processor2_symmetric_task2_2
 .text._ZN4core3fmt3num50_$LT$impl$u20$core..fmt..Debug$u20$for$u20$i32$GT$3fmt17h7a0e08473eadbc5bE
                0x0000000000109430       0x20 ./gen/../tr_api_dispatch/target/armv7a-none-eabi/release/libitron.a(itron-fbcb73bf0b635dd5.itron.68e737fdf62a80e5-cgu.0.rcgu.o)
 .text._ZN75_$LT$core..num..nonzero..NonZero$LT$T$GT$$u20$as$u20$core..fmt..Display$GT$3fmt17h850f84802fa3eaddE
                0x0000000000109450       0x20 ./gen/../tr_api_dispatch/target/armv7a-none-eabi/release/libitron.a(itron-fbcb73bf0b635dd5.itron.68e737fdf62a80e5-cgu.0.rcgu.o)
 .text._ZN60_$LT$itron..error..ErrorCode$u20$as$u20$core..fmt..Debug$GT$3fmt17hf3b2cd5bb64ff3e9E
                0x0000000000109470      0x2c4 ./gen/../tr_api_dispatch/target/armv7a-none-eabi/release/libitron.a(itron-fbcb73bf0b635dd5.itron.68e737fdf62a80e5-cgu.0.rcgu.o)
                0x0000000000109470                <itron::error::ErrorCode as core::fmt::Debug>::fmt
 .text._ZN67_$LT$itron..dataqueue..DataqueueRef$u20$as$u20$core..fmt..Debug$GT$3fmt17h5b31219d7835aa6dE
                0x0000000000109734       0x58 ./gen/../tr_api_dispatch/target/armv7a-none-eabi/release/libitron.a(itron-fbcb73bf0b635dd5.itron.68e737fdf62a80e5-cgu.0.rcgu.o)
                0x0000000000109734                <itron::dataqueue::DataqueueRef as core::fmt::Debug>::fmt
 .text._ZN69_$LT$itron..memorypool..MemoryPoolRef$u20$as$u20$core..fmt..Debug$GT$3fmt17h802347f6fdaf37b2E
                0x000000000010978c       0x58 ./gen/../tr_api_dispatch/target/armv7a-none-eabi/release/libitron.a(itron-fbcb73bf0b635dd5.itron.68e737fdf62a80e5-cgu.0.rcgu.o)
                0x000000000010978c                <itron::memorypool::MemoryPoolRef as core::fmt::Debug>::fmt
 .text._ZN59_$LT$itron..mutex..MutexRef$u20$as$u20$core..fmt..Debug$GT$3fmt17h6a8d309fd5365a8bE
                0x00000000001097e4       0x58 ./gen/../tr_api_dispatch/target/armv7a-none-eabi/release/libitron.a(itron-fbcb73bf0b635dd5.itron.68e737fdf62a80e5-cgu.0.rcgu.o)
                0x00000000001097e4                <itron::mutex::MutexRef as core::fmt::Debug>::fmt
 .text._ZN64_$LT$itron..processor..Processor$u20$as$u20$core..fmt..Debug$GT$3fmt17hc75d9d03a1c196fbE
                0x000000000010983c       0x64 ./gen/../tr_api_dispatch/target/armv7a-none-eabi/release/libitron.a(itron-fbcb73bf0b635dd5.itron.68e737fdf62a80e5-cgu.0.rcgu.o)
                0x000000000010983c                <itron::processor::Processor as core::fmt::Debug>::fmt
 .text._ZN67_$LT$itron..semaphore..SemaphoreRef$u20$as$u20$core..fmt..Debug$GT$3fmt17haf2e3079afc34cfaE
                0x00000000001098a0       0x58 ./gen/../tr_api_dispatch/target/armv7a-none-eabi/release/libitron.a(itron-fbcb73bf0b635dd5.itron.68e737fdf62a80e5-cgu.0.rcgu.o)
                0x00000000001098a0                <itron::semaphore::SemaphoreRef as core::fmt::Debug>::fmt
 .text._ZN57_$LT$itron..task..TaskRef$u20$as$u20$core..fmt..Debug$GT$3fmt17h29082a565a1f7a0fE
                0x00000000001098f8       0x58 ./gen/../tr_api_dispatch/target/armv7a-none-eabi/release/libitron.a(itron-fbcb73bf0b635dd5.itron.68e737fdf62a80e5-cgu.0.rcgu.o)
                0x00000000001098f8                <itron::task::TaskRef as core::fmt::Debug>::fmt
 .text._ZN5itron4task7current17he5bb96fe6f36c460E
                0x0000000000109950       0x4c ./gen/../tr_api_dispatch/target/armv7a-none-eabi/release/libitron.a(itron-fbcb73bf0b635dd5.itron.68e737fdf62a80e5-cgu.0.rcgu.o)
                0x0000000000109950                itron::task::current
 .text._ZN4core3num7dec2flt11decimal_seq10DecimalSeq4trim17h5efee5ea5ccf409eE
                0x000000000010999c       0x58 ./gen/../tr_api_dispatch/target/armv7a-none-eabi/release/libitron.a(core-d049573bc16596f9.core.5587a85061e7188a-cgu.0.rcgu.o)
                0x000000000010999c                core::num::dec2flt::decimal_seq::DecimalSeq::trim
 .text._ZN4core3num7dec2flt11decimal_seq10DecimalSeq5round17h25fcaa510171f10cE
                0x00000000001099f4       0xf0 ./gen/../tr_api_dispatch/target/armv7a-none-eabi/release/libitron.a(core-d049573bc16596f9.core.5587a85061e7188a-cgu.0.rcgu.o)
                0x00000000001099f4                core::num::dec2flt::decimal_seq::DecimalSeq::round
 .text._ZN4core3num7dec2flt11decimal_seq10DecimalSeq10left_shift17hc6cf7434fa18fb28E
                0x0000000000109ae4      0x310 ./gen/../tr_api_dispatch/target/armv7a-none-eabi/release/libitron.a(core-d049573bc16596f9.core.5587a85061e7188a-cgu.0.rcgu.o)
                0x0000000000109ae4                core::num::dec2flt::decimal_seq::DecimalSeq::left_shift
 .text._ZN4core3num7dec2flt11decimal_seq10DecimalSeq11right_shift17hb4403252d794ad85E
                0x0000000000109df4      0x2c8 ./gen/../tr_api_dispatch/target/armv7a-none-eabi/release/libitron.a(core-d049573bc16596f9.core.5587a85061e7188a-cgu.0.rcgu.o)
                0x0000000000109df4                core::num::dec2flt::decimal_seq::DecimalSeq::right_shift
 .text._ZN4core3num7dec2flt11decimal_seq17parse_decimal_seq17h720ae35c33f1ca0cE
                0x000000000010a0bc      0x4a0 ./gen/../tr_api_dispatch/target/armv7a-none-eabi/release/libitron.a(core-d049573bc16596f9.core.5587a85061e7188a-cgu.0.rcgu.o)
                0x000000000010a0bc                core::num::dec2flt::decimal_seq::parse_decimal_seq
 .text._ZN59_$LT$f32$u20$as$u20$core..num..dec2flt..float..RawFloat$GT$15pow10_fast_path17h6e48b725f9e4ea17E
                0x000000000010a55c       0x1c ./gen/../tr_api_dispatch/target/armv7a-none-eabi/release/libitron.a(core-d049573bc16596f9.core.5587a85061e7188a-cgu.0.rcgu.o)
                0x000000000010a55c                <f32 as core::num::dec2flt::float::RawFloat>::pow10_fast_path
 .text._ZN59_$LT$f64$u20$as$u20$core..num..dec2flt..float..RawFloat$GT$15pow10_fast_path17h11f46422e910817bE
                0x000000000010a578       0x20 ./gen/../tr_api_dispatch/target/armv7a-none-eabi/release/libitron.a(core-d049573bc16596f9.core.5587a85061e7188a-cgu.0.rcgu.o)
                0x000000000010a578                <f64 as core::num::dec2flt::float::RawFloat>::pow10_fast_path
 .text._ZN4core3num7dec2flt6lemire13compute_float17h16a9ae03feeaa31dE
                0x000000000010a598      0x28c ./gen/../tr_api_dispatch/target/armv7a-none-eabi/release/libitron.a(core-d049573bc16596f9.core.5587a85061e7188a-cgu.0.rcgu.o)
 .text._ZN4core3num7dec2flt6lemire13compute_float17h6afe090d7f4e8ea6E
                0x000000000010a824      0x314 ./gen/../tr_api_dispatch/target/armv7a-none-eabi/release/libitron.a(core-d049573bc16596f9.core.5587a85061e7188a-cgu.0.rcgu.o)
 .text._ZN4core3num7dec2flt6lemire13compute_float17ha99c48ca86bcebfaE
                0x000000000010ab38      0x320 ./gen/../tr_api_dispatch/target/armv7a-none-eabi/release/libitron.a(core-d049573bc16596f9.core.5587a85061e7188a-cgu.0.rcgu.o)
 .text._ZN4core3num7dec2flt6lemire22compute_product_approx17h46540bfe977aa735E
                0x000000000010ae58       0xfc ./gen/../tr_api_dispatch/target/armv7a-none-eabi/release/libitron.a(core-d049573bc16596f9.core.5587a85061e7188a-cgu.0.rcgu.o)
                0x000000000010ae58                core::num::dec2flt::lemire::compute_product_approx
 .text._ZN4core3num7dec2flt5parse12parse_number17hac599539be123f0aE
                0x000000000010af54      0x680 ./gen/../tr_api_dispatch/target/armv7a-none-eabi/release/libitron.a(core-d049573bc16596f9.core.5587a85061e7188a-cgu.0.rcgu.o)
                0x000000000010af54                core::num::dec2flt::parse::parse_number
 .text._ZN74_$LT$core..num..dec2flt..ParseFloatError$u20$as$u20$core..fmt..Display$GT$3fmt17he75ae9ab1989a457E
                0x000000000010b5d4       0x48 ./gen/../tr_api_dispatch/target/armv7a-none-eabi/release/libitron.a(core-d049573bc16596f9.core.5587a85061e7188a-cgu.0.rcgu.o)
                0x000000000010b5d4                <core::num::dec2flt::ParseFloatError as core::fmt::Display>::fmt
 .text._ZN4core3num9diy_float2Fp3mul17h224020beff8dcf6eE
                0x000000000010b61c       0x58 ./gen/../tr_api_dispatch/target/armv7a-none-eabi/release/libitron.a(core-d049573bc16596f9.core.5587a85061e7188a-cgu.0.rcgu.o)
                0x000000000010b61c                core::num::diy_float::Fp::mul
 .text._ZN4core3num9diy_float2Fp9normalize17h769495316c3164f0E
                0x000000000010b674       0x4c ./gen/../tr_api_dispatch/target/armv7a-none-eabi/release/libitron.a(core-d049573bc16596f9.core.5587a85061e7188a-cgu.0.rcgu.o)
                0x000000000010b674                core::num::diy_float::Fp::normalize
 .text._ZN4core3num9diy_float2Fp12normalize_to17h65a8e137fe2a9b34E
                0x000000000010b6c0       0xc8 ./gen/../tr_api_dispatch/target/armv7a-none-eabi/release/libitron.a(core-d049573bc16596f9.core.5587a85061e7188a-cgu.0.rcgu.o)
                0x000000000010b6c0                core::num::diy_float::Fp::normalize_to
 .text._ZN4core3num7flt2dec9estimator23estimate_scaling_factor17h5aed770e3586ed17E
                0x000000000010b788       0x40 ./gen/../tr_api_dispatch/target/armv7a-none-eabi/release/libitron.a(core-d049573bc16596f9.core.5587a85061e7188a-cgu.0.rcgu.o)
                0x000000000010b788                core::num::flt2dec::estimator::estimate_scaling_factor
 .text._ZN4core3num7flt2dec8strategy6dragon9mul_pow1017h8de41a198f06ceffE
                0x000000000010b7c8      0x268 ./gen/../tr_api_dispatch/target/armv7a-none-eabi/release/libitron.a(core-d049573bc16596f9.core.5587a85061e7188a-cgu.0.rcgu.o)
                0x000000000010b7c8                core::num::flt2dec::strategy::dragon::mul_pow10
 .text._ZN4core3num7flt2dec8strategy6dragon15format_shortest17hb5e0ae7b6971114eE
                0x000000000010ba30      0xd24 ./gen/../tr_api_dispatch/target/armv7a-none-eabi/release/libitron.a(core-d049573bc16596f9.core.5587a85061e7188a-cgu.0.rcgu.o)
                0x000000000010ba30                core::num::flt2dec::strategy::dragon::format_shortest
 .text._ZN4core3num7flt2dec8strategy6dragon12format_exact17h413b0182ae77793eE
                0x000000000010c754      0xb6c ./gen/../tr_api_dispatch/target/armv7a-none-eabi/release/libitron.a(core-d049573bc16596f9.core.5587a85061e7188a-cgu.0.rcgu.o)
                0x000000000010c754                core::num::flt2dec::strategy::dragon::format_exact
 .text._ZN4core3num7flt2dec8strategy5grisu12cached_power17h40510fc142d30e5bE
                0x000000000010d2c0       0x70 ./gen/../tr_api_dispatch/target/armv7a-none-eabi/release/libitron.a(core-d049573bc16596f9.core.5587a85061e7188a-cgu.0.rcgu.o)
                0x000000000010d2c0                core::num::flt2dec::strategy::grisu::cached_power
 .text._ZN4core3num7flt2dec8strategy5grisu19format_shortest_opt17ha7dc55675409a111E
                0x000000000010d330      0x9e4 ./gen/../tr_api_dispatch/target/armv7a-none-eabi/release/libitron.a(core-d049573bc16596f9.core.5587a85061e7188a-cgu.0.rcgu.o)
                0x000000000010d330                core::num::flt2dec::strategy::grisu::format_shortest_opt
 .text._ZN4core3num7flt2dec8strategy5grisu15format_shortest17hcc7bcdc55f306e7cE
                0x000000000010dd14       0x5c ./gen/../tr_api_dispatch/target/armv7a-none-eabi/release/libitron.a(core-d049573bc16596f9.core.5587a85061e7188a-cgu.0.rcgu.o)
                0x000000000010dd14                core::num::flt2dec::strategy::grisu::format_shortest
 .text._ZN4core3num7flt2dec8strategy5grisu16format_exact_opt17h10c7733a2f424f87E
                0x000000000010dd70      0x580 ./gen/../tr_api_dispatch/target/armv7a-none-eabi/release/libitron.a(core-d049573bc16596f9.core.5587a85061e7188a-cgu.0.rcgu.o)
                0x000000000010dd70                core::num::flt2dec::strategy::grisu::format_exact_opt
 .text._ZN4core3num7flt2dec8strategy5grisu16format_exact_opt14possibly_round17h324fa6da31e0b7a0E
                0x000000000010e2f0      0x234 ./gen/../tr_api_dispatch/target/armv7a-none-eabi/release/libitron.a(core-d049573bc16596f9.core.5587a85061e7188a-cgu.0.rcgu.o)
 .text._ZN4core3num7flt2dec8strategy5grisu12format_exact17h78d277690b9100bfE
                0x000000000010e524       0x6c ./gen/../tr_api_dispatch/target/armv7a-none-eabi/release/libitron.a(core-d049573bc16596f9.core.5587a85061e7188a-cgu.0.rcgu.o)
                0x000000000010e524                core::num::flt2dec::strategy::grisu::format_exact
 .text._ZN4core3num7flt2dec8round_up17hdfef968791b3b8f1E
                0x000000000010e590       0xb8 ./gen/../tr_api_dispatch/target/armv7a-none-eabi/release/libitron.a(core-d049573bc16596f9.core.5587a85061e7188a-cgu.0.rcgu.o)
                0x000000000010e590                core::num::flt2dec::round_up
 .text._ZN4core3num7flt2dec17digits_to_dec_str17h4ef03e8f4c666413E
                0x000000000010e648      0x17c ./gen/../tr_api_dispatch/target/armv7a-none-eabi/release/libitron.a(core-d049573bc16596f9.core.5587a85061e7188a-cgu.0.rcgu.o)
                0x000000000010e648                core::num::flt2dec::digits_to_dec_str
 .text._ZN4core3num7flt2dec17digits_to_exp_str17hc40222548b9d8bc0E
                0x000000000010e7c4      0x180 ./gen/../tr_api_dispatch/target/armv7a-none-eabi/release/libitron.a(core-d049573bc16596f9.core.5587a85061e7188a-cgu.0.rcgu.o)
                0x000000000010e7c4                core::num::flt2dec::digits_to_exp_str
 .text._ZN4core3num3fmt4Part5write17h5157de02cd0761b1E
                0x000000000010e944      0x18c ./gen/../tr_api_dispatch/target/armv7a-none-eabi/release/libitron.a(core-d049573bc16596f9.core.5587a85061e7188a-cgu.0.rcgu.o)
                0x000000000010e944                core::num::fmt::Part::write
 .text._ZN4core3num3fmt9Formatted3len17ha07e1e9353604e1bE
                0x000000000010ead0       0xa4 ./gen/../tr_api_dispatch/target/armv7a-none-eabi/release/libitron.a(core-d049573bc16596f9.core.5587a85061e7188a-cgu.0.rcgu.o)
                0x000000000010ead0                core::num::fmt::Formatted::len
 .text._ZN4core3num3fmt9Formatted5write17h99ed3f4f2997298bE
                0x000000000010eb74       0xac ./gen/../tr_api_dispatch/target/armv7a-none-eabi/release/libitron.a(core-d049573bc16596f9.core.5587a85061e7188a-cgu.0.rcgu.o)
                0x000000000010eb74                core::num::fmt::Formatted::write
 .text._ZN72_$LT$core..num..error..TryFromIntError$u20$as$u20$core..fmt..Display$GT$3fmt17hce3ba6a6f2a6094bE
                0x000000000010ec20       0x20 ./gen/../tr_api_dispatch/target/armv7a-none-eabi/release/libitron.a(core-d049573bc16596f9.core.5587a85061e7188a-cgu.0.rcgu.o)
                0x000000000010ec20                <core::num::error::TryFromIntError as core::fmt::Display>::fmt
 .text._ZN70_$LT$core..num..error..ParseIntError$u20$as$u20$core..fmt..Display$GT$3fmt17hbaea7be47c23092bE
                0x000000000010ec40       0x34 ./gen/../tr_api_dispatch/target/armv7a-none-eabi/release/libitron.a(core-d049573bc16596f9.core.5587a85061e7188a-cgu.0.rcgu.o)
                0x000000000010ec40                <core::num::error::ParseIntError as core::fmt::Display>::fmt
 .text.unlikely._ZN4core3num9int_log1030panic_for_nonpositive_argument17h1277070ab48dc16bE
                0x000000000010ec74       0x40 ./gen/../tr_api_dispatch/target/armv7a-none-eabi/release/libitron.a(core-d049573bc16596f9.core.5587a85061e7188a-cgu.0.rcgu.o)
                0x000000000010ec74                core::num::int_log10::panic_for_nonpositive_argument
 .text.unlikely._ZN4core3num8int_sqrt27panic_for_negative_argument17h646ece1cae3b97dbE
                0x000000000010ecb4       0x40 ./gen/../tr_api_dispatch/target/armv7a-none-eabi/release/libitron.a(core-d049573bc16596f9.core.5587a85061e7188a-cgu.0.rcgu.o)
                0x000000000010ecb4                core::num::int_sqrt::panic_for_negative_argument
 .text.unlikely._ZN4core3num14overflow_panic3add17hf194787efb41c60bE
                0x000000000010ecf4       0x40 ./gen/../tr_api_dispatch/target/armv7a-none-eabi/release/libitron.a(core-d049573bc16596f9.core.5587a85061e7188a-cgu.0.rcgu.o)
                0x000000000010ecf4                core::num::overflow_panic::add
 .text.unlikely._ZN4core3num14overflow_panic3sub17he2e76c1521f0700fE
                0x000000000010ed34       0x40 ./gen/../tr_api_dispatch/target/armv7a-none-eabi/release/libitron.a(core-d049573bc16596f9.core.5587a85061e7188a-cgu.0.rcgu.o)
                0x000000000010ed34                core::num::overflow_panic::sub
 .text.unlikely._ZN4core3num14overflow_panic3mul17h60bfb5e03c5b71e3E
                0x000000000010ed74       0x40 ./gen/../tr_api_dispatch/target/armv7a-none-eabi/release/libitron.a(core-d049573bc16596f9.core.5587a85061e7188a-cgu.0.rcgu.o)
                0x000000000010ed74                core::num::overflow_panic::mul
 .text.unlikely._ZN4core3num14overflow_panic3div17h31ae6e9c5fc383d9E
                0x000000000010edb4       0x40 ./gen/../tr_api_dispatch/target/armv7a-none-eabi/release/libitron.a(core-d049573bc16596f9.core.5587a85061e7188a-cgu.0.rcgu.o)
                0x000000000010edb4                core::num::overflow_panic::div
 .text.unlikely._ZN4core3num14overflow_panic3rem17h60333cfee06b13cdE
                0x000000000010edf4       0x40 ./gen/../tr_api_dispatch/target/armv7a-none-eabi/release/libitron.a(core-d049573bc16596f9.core.5587a85061e7188a-cgu.0.rcgu.o)
                0x000000000010edf4                core::num::overflow_panic::rem
 .text.unlikely._ZN4core3num14overflow_panic3neg17h94a197b7d7b20279E
                0x000000000010ee34       0x40 ./gen/../tr_api_dispatch/target/armv7a-none-eabi/release/libitron.a(core-d049573bc16596f9.core.5587a85061e7188a-cgu.0.rcgu.o)
                0x000000000010ee34                core::num::overflow_panic::neg
 .text.unlikely._ZN4core3num14overflow_panic3shr17h1944cb74e27c390cE
                0x000000000010ee74       0x40 ./gen/../tr_api_dispatch/target/armv7a-none-eabi/release/libitron.a(core-d049573bc16596f9.core.5587a85061e7188a-cgu.0.rcgu.o)
                0x000000000010ee74                core::num::overflow_panic::shr
 .text.unlikely._ZN4core3num14overflow_panic3shl17hc7ecc243b6763a66E
                0x000000000010eeb4       0x40 ./gen/../tr_api_dispatch/target/armv7a-none-eabi/release/libitron.a(core-d049573bc16596f9.core.5587a85061e7188a-cgu.0.rcgu.o)
                0x000000000010eeb4                core::num::overflow_panic::shl
 .text.unlikely._ZN4core3num22from_ascii_radix_panic17h345174f03d72ebe3E
                0x000000000010eef4        0xc ./gen/../tr_api_dispatch/target/armv7a-none-eabi/release/libitron.a(core-d049573bc16596f9.core.5587a85061e7188a-cgu.0.rcgu.o)
                0x000000000010eef4                core::num::from_ascii_radix_panic
 .text._ZN76_$LT$core..mem..transmutability..Assume$u20$as$u20$core..ops..arith..Sub$GT$3sub17h21ed15b6645713d8E
                0x000000000010ef00       0x48 ./gen/../tr_api_dispatch/target/armv7a-none-eabi/release/libitron.a(core-d049573bc16596f9.core.5587a85061e7188a-cgu.0.rcgu.o)
                0x000000000010ef00                <core::mem::transmutability::Assume as core::ops::arith::Sub>::sub
 .text._ZN68_$LT$core..ptr..alignment..Alignment$u20$as$u20$core..fmt..Debug$GT$3fmt17hd2f4df9dbd6e2f86E
                0x000000000010ef48       0x88 ./gen/../tr_api_dispatch/target/armv7a-none-eabi/release/libitron.a(core-d049573bc16596f9.core.5587a85061e7188a-cgu.0.rcgu.o)
                0x000000000010ef48                <core::ptr::alignment::Alignment as core::fmt::Debug>::fmt
 .text._ZN69_$LT$core..ffi..c_str..CStr$u20$as$u20$core..clone..CloneToUninit$GT$15clone_to_uninit17h80a4ef3d92070d94E
                0x000000000010efd0       0x20 ./gen/../tr_api_dispatch/target/armv7a-none-eabi/release/libitron.a(core-d049573bc16596f9.core.5587a85061e7188a-cgu.0.rcgu.o)
                0x000000000010efd0                <core::ffi::c_str::CStr as core::clone::CloneToUninit>::clone_to_uninit
 .text._ZN57_$LT$core..error..Request$u20$as$u20$core..fmt..Debug$GT$3fmt17h5f561f753496d82cE
                0x000000000010eff0       0x54 ./gen/../tr_api_dispatch/target/armv7a-none-eabi/release/libitron.a(core-d049573bc16596f9.core.5587a85061e7188a-cgu.0.rcgu.o)
                0x000000000010eff0                <core::error::Request as core::fmt::Debug>::fmt
 .text._ZN78_$LT$core..error..Source$u20$as$u20$core..iter..traits..iterator..Iterator$GT$4next17h4a1fc4a2554e7eceE
                0x000000000010f044       0x4c ./gen/../tr_api_dispatch/target/armv7a-none-eabi/release/libitron.a(core-d049573bc16596f9.core.5587a85061e7188a-cgu.0.rcgu.o)
                0x000000000010f044                <core::error::Source as core::iter::traits::iterator::Iterator>::next
 .text._ZN64_$LT$core..ops..range..RangeFull$u20$as$u20$core..fmt..Debug$GT$3fmt17h424403ffd1288619E
                0x000000000010f090       0x24 ./gen/../tr_api_dispatch/target/armv7a-none-eabi/release/libitron.a(core-d049573bc16596f9.core.5587a85061e7188a-cgu.0.rcgu.o)
                0x000000000010f090                <core::ops::range::RangeFull as core::fmt::Debug>::fmt
 .text._ZN71_$LT$core..ops..range..Range$LT$Idx$GT$$u20$as$u20$core..fmt..Debug$GT$3fmt17ha953e6102122b0f8E
                0x000000000010f0b4      0x1c8 ./gen/../tr_api_dispatch/target/armv7a-none-eabi/release/libitron.a(core-d049573bc16596f9.core.5587a85061e7188a-cgu.0.rcgu.o)
 .text._ZN105_$LT$dyn$u20$core..any..Any$u2b$core..marker..Sync$u2b$core..marker..Send$u20$as$u20$core..fmt..Debug$GT$3fmt17habd8592b3ad60da5E
                0x000000000010f27c       0x54 ./gen/../tr_api_dispatch/target/armv7a-none-eabi/release/libitron.a(core-d049573bc16596f9.core.5587a85061e7188a-cgu.0.rcgu.o)
                0x000000000010f27c                <dyn core::any::Any+core::marker::Send as core::fmt::Debug>::fmt
                0x000000000010f27c                <dyn core::any::Any as core::fmt::Debug>::fmt
                0x000000000010f27c                <dyn core::any::Any+core::marker::Sync+core::marker::Send as core::fmt::Debug>::fmt
 .text._ZN54_$LT$core..any..TypeId$u20$as$u20$core..fmt..Debug$GT$3fmt17h85ceed27d8f181fdE
                0x000000000010f2d0       0x78 ./gen/../tr_api_dispatch/target/armv7a-none-eabi/release/libitron.a(core-d049573bc16596f9.core.5587a85061e7188a-cgu.0.rcgu.o)
                0x000000000010f2d0                <core::any::TypeId as core::fmt::Debug>::fmt
 .text._ZN73_$LT$core..ascii..ascii_char..AsciiChar$u20$as$u20$core..fmt..Display$GT$3fmt17h8431bf4e4f9d1f68E
                0x000000000010f348       0x20 ./gen/../tr_api_dispatch/target/armv7a-none-eabi/release/libitron.a(core-d049573bc16596f9.core.5587a85061e7188a-cgu.0.rcgu.o)
                0x000000000010f348                <core::ascii::ascii_char::AsciiChar as core::fmt::Display>::fmt
 .text._ZN71_$LT$core..ascii..ascii_char..AsciiChar$u20$as$u20$core..fmt..Debug$GT$3fmt17h177c64a4e196f32cE
                0x000000000010f368      0x1a8 ./gen/../tr_api_dispatch/target/armv7a-none-eabi/release/libitron.a(core-d049573bc16596f9.core.5587a85061e7188a-cgu.0.rcgu.o)
                0x000000000010f368                <core::ascii::ascii_char::AsciiChar as core::fmt::Debug>::fmt
 .text._ZN4core5ascii14escape_default17h981d8e307eaaa916E
                0x000000000010f510       0x98 ./gen/../tr_api_dispatch/target/armv7a-none-eabi/release/libitron.a(core-d049573bc16596f9.core.5587a85061e7188a-cgu.0.rcgu.o)
                0x000000000010f510                core::ascii::escape_default
 .text._ZN65_$LT$core..ascii..EscapeDefault$u20$as$u20$core..fmt..Display$GT$3fmt17he735515427ec3f2cE
                0x000000000010f5a8       0x30 ./gen/../tr_api_dispatch/target/armv7a-none-eabi/release/libitron.a(core-d049573bc16596f9.core.5587a85061e7188a-cgu.0.rcgu.o)
                0x000000000010f5a8                <core::ascii::EscapeDefault as core::fmt::Display>::fmt
 .text._ZN63_$LT$core..ascii..EscapeDefault$u20$as$u20$core..fmt..Debug$GT$3fmt17h46f02f61de5321cbE
                0x000000000010f5d8       0x54 ./gen/../tr_api_dispatch/target/armv7a-none-eabi/release/libitron.a(core-d049573bc16596f9.core.5587a85061e7188a-cgu.0.rcgu.o)
                0x000000000010f5d8                <core::ascii::EscapeDefault as core::fmt::Debug>::fmt
 .text._ZN56_$LT$core..bstr..ByteStr$u20$as$u20$core..fmt..Debug$GT$3fmt17h8b572b2661a1de36E
                0x000000000010f62c      0x310 ./gen/../tr_api_dispatch/target/armv7a-none-eabi/release/libitron.a(core-d049573bc16596f9.core.5587a85061e7188a-cgu.0.rcgu.o)
                0x000000000010f62c                <core::bstr::ByteStr as core::fmt::Debug>::fmt
 .text._ZN58_$LT$core..bstr..ByteStr$u20$as$u20$core..fmt..Display$GT$3fmt17he4ae28f23ce65a58E
                0x000000000010f93c      0x340 ./gen/../tr_api_dispatch/target/armv7a-none-eabi/release/libitron.a(core-d049573bc16596f9.core.5587a85061e7188a-cgu.0.rcgu.o)
                0x000000000010f93c                <core::bstr::ByteStr as core::fmt::Display>::fmt
 .text.unlikely._ZN4core4cell4lazy14panic_poisoned17h8eb5d443042c4736E
                0x000000000010fc7c       0x44 ./gen/../tr_api_dispatch/target/armv7a-none-eabi/release/libitron.a(core-d049573bc16596f9.core.5587a85061e7188a-cgu.0.rcgu.o)
                0x000000000010fc7c                core::cell::lazy::panic_poisoned
 .text._ZN60_$LT$core..cell..BorrowError$u20$as$u20$core..fmt..Debug$GT$3fmt17h56da770da5e11014E
                0x000000000010fcc0       0x24 ./gen/../tr_api_dispatch/target/armv7a-none-eabi/release/libitron.a(core-d049573bc16596f9.core.5587a85061e7188a-cgu.0.rcgu.o)
                0x000000000010fcc0                <core::cell::BorrowError as core::fmt::Debug>::fmt
 .text._ZN62_$LT$core..cell..BorrowError$u20$as$u20$core..fmt..Display$GT$3fmt17h649aaf4112417b69E
                0x000000000010fce4       0x20 ./gen/../tr_api_dispatch/target/armv7a-none-eabi/release/libitron.a(core-d049573bc16596f9.core.5587a85061e7188a-cgu.0.rcgu.o)
                0x000000000010fce4                <core::cell::BorrowError as core::fmt::Display>::fmt
 .text._ZN63_$LT$core..cell..BorrowMutError$u20$as$u20$core..fmt..Debug$GT$3fmt17h5dd54cc4ab093714E
                0x000000000010fd04       0x24 ./gen/../tr_api_dispatch/target/armv7a-none-eabi/release/libitron.a(core-d049573bc16596f9.core.5587a85061e7188a-cgu.0.rcgu.o)
                0x000000000010fd04                <core::cell::BorrowMutError as core::fmt::Debug>::fmt
 .text._ZN65_$LT$core..cell..BorrowMutError$u20$as$u20$core..fmt..Display$GT$3fmt17h2f7647931a1ef38bE
                0x000000000010fd28       0x20 ./gen/../tr_api_dispatch/target/armv7a-none-eabi/release/libitron.a(core-d049573bc16596f9.core.5587a85061e7188a-cgu.0.rcgu.o)
                0x000000000010fd28                <core::cell::BorrowMutError as core::fmt::Display>::fmt
 .text.unlikely._ZN4core4cell22panic_already_borrowed17h058b49ead05ac00bE
                0x000000000010fd48       0x54 ./gen/../tr_api_dispatch/target/armv7a-none-eabi/release/libitron.a(core-d049573bc16596f9.core.5587a85061e7188a-cgu.0.rcgu.o)
                0x000000000010fd48                core::cell::panic_already_borrowed
 .text.unlikely._ZN4core4cell30panic_already_mutably_borrowed17h9c448cf1bc13461aE
                0x000000000010fd9c       0x54 ./gen/../tr_api_dispatch/target/armv7a-none-eabi/release/libitron.a(core-d049573bc16596f9.core.5587a85061e7188a-cgu.0.rcgu.o)
                0x000000000010fd9c                core::cell::panic_already_mutably_borrowed
 .text._ZN74_$LT$core..char..convert..ParseCharError$u20$as$u20$core..fmt..Display$GT$3fmt17hcaa7912ed162bf56E
                0x000000000010fdf0       0x48 ./gen/../tr_api_dispatch/target/armv7a-none-eabi/release/libitron.a(core-d049573bc16596f9.core.5587a85061e7188a-cgu.0.rcgu.o)
                0x000000000010fdf0                <core::char::convert::ParseCharError as core::fmt::Display>::fmt
 .text._ZN76_$LT$core..char..convert..CharTryFromError$u20$as$u20$core..fmt..Display$GT$3fmt17h19f1ba4eab42fadcE
                0x000000000010fe38       0x20 ./gen/../tr_api_dispatch/target/armv7a-none-eabi/release/libitron.a(core-d049573bc16596f9.core.5587a85061e7188a-cgu.0.rcgu.o)
                0x000000000010fe38                <core::char::convert::CharTryFromError as core::fmt::Display>::fmt
 .text._ZN75_$LT$core..char..decode..DecodeUtf16Error$u20$as$u20$core..fmt..Display$GT$3fmt17hdcf3babdf2cfe76aE
                0x000000000010fe58       0x54 ./gen/../tr_api_dispatch/target/armv7a-none-eabi/release/libitron.a(core-d049573bc16596f9.core.5587a85061e7188a-cgu.0.rcgu.o)
                0x000000000010fe58                <core::char::decode::DecodeUtf16Error as core::fmt::Display>::fmt
 .text._ZN4core4char7methods22_$LT$impl$u20$char$GT$16escape_debug_ext17hd46ad63d40b7f951E
                0x000000000010feac      0x3c0 ./gen/../tr_api_dispatch/target/armv7a-none-eabi/release/libitron.a(core-d049573bc16596f9.core.5587a85061e7188a-cgu.0.rcgu.o)
 .text._ZN64_$LT$core..char..EscapeDefault$u20$as$u20$core..fmt..Display$GT$3fmt17h38aec28b84124e92E
                0x000000000011026c       0x30 ./gen/../tr_api_dispatch/target/armv7a-none-eabi/release/libitron.a(core-d049573bc16596f9.core.5587a85061e7188a-cgu.0.rcgu.o)
                0x000000000011026c                <core::char::EscapeUnicode as core::fmt::Display>::fmt
                0x000000000011026c                <core::char::EscapeDefault as core::fmt::Display>::fmt
 .text._ZN62_$LT$core..char..EscapeDebug$u20$as$u20$core..fmt..Display$GT$3fmt17hafc69afb2cba63d2E
                0x000000000011029c       0x50 ./gen/../tr_api_dispatch/target/armv7a-none-eabi/release/libitron.a(core-d049573bc16596f9.core.5587a85061e7188a-cgu.0.rcgu.o)
                0x000000000011029c                <core::char::EscapeDebug as core::fmt::Display>::fmt
 .text._ZN86_$LT$core..char..CaseMappingIter$u20$as$u20$core..iter..traits..iterator..Iterator$GT$4next17h387613f301dd4fd8E
                0x00000000001102ec       0x28 ./gen/../tr_api_dispatch/target/armv7a-none-eabi/release/libitron.a(core-d049573bc16596f9.core.5587a85061e7188a-cgu.0.rcgu.o)
                0x00000000001102ec                <core::char::CaseMappingIter as core::iter::traits::iterator::Iterator>::next
 .text._ZN86_$LT$core..char..CaseMappingIter$u20$as$u20$core..iter..traits..iterator..Iterator$GT$5count17h9c99394d14e09439E
                0x0000000000110314       0x14 ./gen/../tr_api_dispatch/target/armv7a-none-eabi/release/libitron.a(core-d049573bc16596f9.core.5587a85061e7188a-cgu.0.rcgu.o)
                0x0000000000110314                <core::char::CaseMappingIter as core::iter::traits::iterator::Iterator>::count
 .text._ZN86_$LT$core..char..CaseMappingIter$u20$as$u20$core..iter..traits..iterator..Iterator$GT$4last17h4812d7f7192ee524E
                0x0000000000110328       0x40 ./gen/../tr_api_dispatch/target/armv7a-none-eabi/release/libitron.a(core-d049573bc16596f9.core.5587a85061e7188a-cgu.0.rcgu.o)
                0x0000000000110328                <core::char::CaseMappingIter as core::iter::traits::iterator::Iterator>::last
 .text._ZN86_$LT$core..char..CaseMappingIter$u20$as$u20$core..iter..traits..iterator..Iterator$GT$10advance_by17h0f8a06432075b566E
                0x0000000000110368       0x28 ./gen/../tr_api_dispatch/target/armv7a-none-eabi/release/libitron.a(core-d049573bc16596f9.core.5587a85061e7188a-cgu.0.rcgu.o)
                0x0000000000110368                <core::char::CaseMappingIter as core::iter::traits::iterator::Iterator>::advance_by
 .text._ZN86_$LT$core..char..CaseMappingIter$u20$as$u20$core..iter..traits..iterator..Iterator$GT$24__iterator_get_unchecked17hee300516a572f4b8E
                0x0000000000110390       0x1c ./gen/../tr_api_dispatch/target/armv7a-none-eabi/release/libitron.a(core-d049573bc16596f9.core.5587a85061e7188a-cgu.0.rcgu.o)
                0x0000000000110390                <core::char::CaseMappingIter as core::iter::traits::iterator::Iterator>::__iterator_get_unchecked
 .text._ZN101_$LT$core..char..CaseMappingIter$u20$as$u20$core..iter..traits..double_ended..DoubleEndedIterator$GT$9next_back17h0013dfa0a23bb5c3E
                0x00000000001103ac       0x2c ./gen/../tr_api_dispatch/target/armv7a-none-eabi/release/libitron.a(core-d049573bc16596f9.core.5587a85061e7188a-cgu.0.rcgu.o)
                0x00000000001103ac                <core::char::CaseMappingIter as core::iter::traits::double_ended::DoubleEndedIterator>::next_back
 .text._ZN101_$LT$core..char..CaseMappingIter$u20$as$u20$core..iter..traits..double_ended..DoubleEndedIterator$GT$15advance_back_by17h0e7ec4b92a9eb744E
                0x00000000001103d8       0x28 ./gen/../tr_api_dispatch/target/armv7a-none-eabi/release/libitron.a(core-d049573bc16596f9.core.5587a85061e7188a-cgu.0.rcgu.o)
                0x00000000001103d8                <core::char::CaseMappingIter as core::iter::traits::double_ended::DoubleEndedIterator>::advance_back_by
 .text._ZN67_$LT$core..char..TryFromCharError$u20$as$u20$core..fmt..Display$GT$3fmt17hbf1b0a686f8a1a69E
                0x0000000000110400       0x20 ./gen/../tr_api_dispatch/target/armv7a-none-eabi/release/libitron.a(core-d049573bc16596f9.core.5587a85061e7188a-cgu.0.rcgu.o)
                0x0000000000110400                <core::char::TryFromCharError as core::fmt::Display>::fmt
 .text._ZN79_$LT$core..ffi..c_str..FromBytesUntilNulError$u20$as$u20$core..fmt..Display$GT$3fmt17h71f2c90ca2a80addE
                0x0000000000110420       0x24 ./gen/../tr_api_dispatch/target/armv7a-none-eabi/release/libitron.a(core-d049573bc16596f9.core.5587a85061e7188a-cgu.0.rcgu.o)
                0x0000000000110420                <core::ffi::c_str::FromBytesUntilNulError as core::fmt::Display>::fmt
 .text._ZN59_$LT$core..ffi..c_str..CStr$u20$as$u20$core..fmt..Debug$GT$3fmt17h36ba4289086816d4E
                0x0000000000110444       0x7c ./gen/../tr_api_dispatch/target/armv7a-none-eabi/release/libitron.a(core-d049573bc16596f9.core.5587a85061e7188a-cgu.0.rcgu.o)
                0x0000000000110444                <core::ffi::c_str::CStr as core::fmt::Debug>::fmt
 .text._ZN78_$LT$core..ffi..c_str..FromBytesWithNulError$u20$as$u20$core..fmt..Display$GT$3fmt17hd6785df6bd44c25dE
                0x00000000001104c0       0xc4 ./gen/../tr_api_dispatch/target/armv7a-none-eabi/release/libitron.a(core-d049573bc16596f9.core.5587a85061e7188a-cgu.0.rcgu.o)
                0x00000000001104c0                <core::ffi::c_str::FromBytesWithNulError as core::fmt::Display>::fmt
 .text._ZN4core3ffi5c_str4CStr20from_bytes_until_nul17h223b6a3545723cc2E
                0x0000000000110584      0x1b8 ./gen/../tr_api_dispatch/target/armv7a-none-eabi/release/libitron.a(core-d049573bc16596f9.core.5587a85061e7188a-cgu.0.rcgu.o)
                0x0000000000110584                core::ffi::c_str::CStr::from_bytes_until_nul
 .text._ZN4core3ffi5c_str4CStr19from_bytes_with_nul17h924bc5b5323bf05eE
                0x000000000011073c      0x1cc ./gen/../tr_api_dispatch/target/armv7a-none-eabi/release/libitron.a(core-d049573bc16596f9.core.5587a85061e7188a-cgu.0.rcgu.o)
                0x000000000011073c                core::ffi::c_str::CStr::from_bytes_with_nul
 .text._ZN4core3ffi5c_str4CStr6to_str17hc1faa40fb638a30eE
                0x0000000000110908       0x14 ./gen/../tr_api_dispatch/target/armv7a-none-eabi/release/libitron.a(core-d049573bc16596f9.core.5587a85061e7188a-cgu.0.rcgu.o)
                0x0000000000110908                core::ffi::c_str::CStr::to_str
 .text._ZN67_$LT$core..ffi..va_list..VaListImpl$u20$as$u20$core..fmt..Debug$GT$3fmt17hd26f911d47b97956E
                0x000000000011091c       0x54 ./gen/../tr_api_dispatch/target/armv7a-none-eabi/release/libitron.a(core-d049573bc16596f9.core.5587a85061e7188a-cgu.0.rcgu.o)
                0x000000000011091c                <core::ffi::va_list::VaListImpl as core::fmt::Debug>::fmt
 .text._ZN54_$LT$core..ffi..c_void$u20$as$u20$core..fmt..Debug$GT$3fmt17h3b27b77d454a7b00E
                0x0000000000110970       0x24 ./gen/../tr_api_dispatch/target/armv7a-none-eabi/release/libitron.a(core-d049573bc16596f9.core.5587a85061e7188a-cgu.0.rcgu.o)
                0x0000000000110970                <core::ffi::c_void as core::fmt::Debug>::fmt
 .text._ZN72_$LT$core..io..borrowed_buf..BorrowedBuf$u20$as$u20$core..fmt..Debug$GT$3fmt17h8c5373e369933a1eE
                0x0000000000110994      0x114 ./gen/../tr_api_dispatch/target/armv7a-none-eabi/release/libitron.a(core-d049573bc16596f9.core.5587a85061e7188a-cgu.0.rcgu.o)
                0x0000000000110994                <core::io::borrowed_buf::BorrowedBuf as core::fmt::Debug>::fmt
 .text._ZN86_$LT$core..net..display_buffer..DisplayBuffer$LT$_$GT$$u20$as$u20$core..fmt..Write$GT$9write_str17h297baed95332eae7E
                0x0000000000110aa8       0x48 ./gen/../tr_api_dispatch/target/armv7a-none-eabi/release/libitron.a(core-d049573bc16596f9.core.5587a85061e7188a-cgu.0.rcgu.o)
 .text._ZN86_$LT$core..net..display_buffer..DisplayBuffer$LT$_$GT$$u20$as$u20$core..fmt..Write$GT$9write_str17h839f220912462241E
                0x0000000000110af0       0x48 ./gen/../tr_api_dispatch/target/armv7a-none-eabi/release/libitron.a(core-d049573bc16596f9.core.5587a85061e7188a-cgu.0.rcgu.o)
 .text._ZN86_$LT$core..net..display_buffer..DisplayBuffer$LT$_$GT$$u20$as$u20$core..fmt..Write$GT$9write_str17h8badf8473d9a4002E
                0x0000000000110b38       0x48 ./gen/../tr_api_dispatch/target/armv7a-none-eabi/release/libitron.a(core-d049573bc16596f9.core.5587a85061e7188a-cgu.0.rcgu.o)
 .text._ZN86_$LT$core..net..display_buffer..DisplayBuffer$LT$_$GT$$u20$as$u20$core..fmt..Write$GT$9write_str17hd35c8bb425293b8bE
                0x0000000000110b80       0x48 ./gen/../tr_api_dispatch/target/armv7a-none-eabi/release/libitron.a(core-d049573bc16596f9.core.5587a85061e7188a-cgu.0.rcgu.o)
 .text._ZN65_$LT$core..net..ip_addr..IpAddr$u20$as$u20$core..fmt..Display$GT$3fmt17h3168c33a3915df90E
                0x0000000000110bc8       0x24 ./gen/../tr_api_dispatch/target/armv7a-none-eabi/release/libitron.a(core-d049573bc16596f9.core.5587a85061e7188a-cgu.0.rcgu.o)
                0x0000000000110bc8                <core::net::ip_addr::IpAddr as core::fmt::Display>::fmt
 .text._ZN63_$LT$core..net..ip_addr..IpAddr$u20$as$u20$core..fmt..Debug$GT$3fmt17hfda05f36d5a749a6E
                0x0000000000110bec       0x24 ./gen/../tr_api_dispatch/target/armv7a-none-eabi/release/libitron.a(core-d049573bc16596f9.core.5587a85061e7188a-cgu.0.rcgu.o)
                0x0000000000110bec                <core::net::ip_addr::IpAddr as core::fmt::Debug>::fmt
 .text._ZN67_$LT$core..net..ip_addr..Ipv4Addr$u20$as$u20$core..fmt..Display$GT$3fmt17h8a7f4864e9af7f6bE
                0x0000000000110c10      0x194 ./gen/../tr_api_dispatch/target/armv7a-none-eabi/release/libitron.a(core-d049573bc16596f9.core.5587a85061e7188a-cgu.0.rcgu.o)
                0x0000000000110c10                <core::net::ip_addr::Ipv4Addr as core::fmt::Display>::fmt
 .text._ZN65_$LT$core..net..ip_addr..Ipv4Addr$u20$as$u20$core..fmt..Debug$GT$3fmt17h6a51679a1ff6e7e2E
                0x0000000000110da4       0x10 ./gen/../tr_api_dispatch/target/armv7a-none-eabi/release/libitron.a(core-d049573bc16596f9.core.5587a85061e7188a-cgu.0.rcgu.o)
                0x0000000000110da4                <core::net::ip_addr::Ipv4Addr as core::fmt::Debug>::fmt
 .text._ZN67_$LT$core..net..ip_addr..Ipv6Addr$u20$as$u20$core..fmt..Display$GT$3fmt17ha09719cd9f4aecf6E
                0x0000000000110db4      0x824 ./gen/../tr_api_dispatch/target/armv7a-none-eabi/release/libitron.a(core-d049573bc16596f9.core.5587a85061e7188a-cgu.0.rcgu.o)
                0x0000000000110db4                <core::net::ip_addr::Ipv6Addr as core::fmt::Display>::fmt
 .text._ZN67_$LT$core..net..ip_addr..Ipv6Addr$u20$as$u20$core..fmt..Display$GT$3fmt12fmt_subslice17hba89c8432023046dE
                0x00000000001115d8      0x130 ./gen/../tr_api_dispatch/target/armv7a-none-eabi/release/libitron.a(core-d049573bc16596f9.core.5587a85061e7188a-cgu.0.rcgu.o)
 .text._ZN65_$LT$core..net..ip_addr..Ipv6Addr$u20$as$u20$core..fmt..Debug$GT$3fmt17hd7b6c05483d437dbE
                0x0000000000111708       0x10 ./gen/../tr_api_dispatch/target/armv7a-none-eabi/release/libitron.a(core-d049573bc16596f9.core.5587a85061e7188a-cgu.0.rcgu.o)
                0x0000000000111708                <core::net::ip_addr::Ipv6Addr as core::fmt::Debug>::fmt
 .text._ZN4core3net6parser6Parser11read_number28_$u7b$$u7b$closure$u7d$$u7d$17hcfdf77b7d41ca56bE
                0x0000000000111718      0x304 ./gen/../tr_api_dispatch/target/armv7a-none-eabi/release/libitron.a(core-d049573bc16596f9.core.5587a85061e7188a-cgu.0.rcgu.o)
 .text._ZN4core3net6parser6Parser14read_ipv4_addr17h3efba67ec1312042E
                0x0000000000111a1c      0x37c ./gen/../tr_api_dispatch/target/armv7a-none-eabi/release/libitron.a(core-d049573bc16596f9.core.5587a85061e7188a-cgu.0.rcgu.o)
 .text._ZN4core3net6parser6Parser14read_ipv6_addr17h54c8b5ef622aafb8E
                0x0000000000111d98      0x224 ./gen/../tr_api_dispatch/target/armv7a-none-eabi/release/libitron.a(core-d049573bc16596f9.core.5587a85061e7188a-cgu.0.rcgu.o)
 .text._ZN4core3net6parser6Parser14read_ipv6_addr11read_groups17h16f736446e4eaddeE
                0x0000000000111fbc      0x230 ./gen/../tr_api_dispatch/target/armv7a-none-eabi/release/libitron.a(core-d049573bc16596f9.core.5587a85061e7188a-cgu.0.rcgu.o)
 .text._ZN4core3net6parser6Parser19read_socket_addr_v617hb4d45e4b5ba1a4d4E
                0x00000000001121ec      0x278 ./gen/../tr_api_dispatch/target/armv7a-none-eabi/release/libitron.a(core-d049573bc16596f9.core.5587a85061e7188a-cgu.0.rcgu.o)
 .text._ZN4core3net6parser44_$LT$impl$u20$core..net..ip_addr..IpAddr$GT$11parse_ascii17hd7ed4f332f3caa79E
                0x0000000000112464      0x168 ./gen/../tr_api_dispatch/target/armv7a-none-eabi/release/libitron.a(core-d049573bc16596f9.core.5587a85061e7188a-cgu.0.rcgu.o)
                0x0000000000112464                core::net::parser::<impl core::net::ip_addr::IpAddr>::parse_ascii
 .text._ZN4core3net6parser83_$LT$impl$u20$core..str..traits..FromStr$u20$for$u20$core..net..ip_addr..IpAddr$GT$8from_str17h49e46cb50b46901eE
                0x00000000001125cc      0x168 ./gen/../tr_api_dispatch/target/armv7a-none-eabi/release/libitron.a(core-d049573bc16596f9.core.5587a85061e7188a-cgu.0.rcgu.o)
                0x00000000001125cc                core::net::parser::<impl core::str::traits::FromStr for core::net::ip_addr::IpAddr>::from_str
 .text._ZN4core3net6parser46_$LT$impl$u20$core..net..ip_addr..Ipv4Addr$GT$11parse_ascii17h8028e1785cb7be5fE
                0x0000000000112734       0x9c ./gen/../tr_api_dispatch/target/armv7a-none-eabi/release/libitron.a(core-d049573bc16596f9.core.5587a85061e7188a-cgu.0.rcgu.o)
                0x0000000000112734                core::net::parser::<impl core::net::ip_addr::Ipv4Addr>::parse_ascii
 .text._ZN4core3net6parser85_$LT$impl$u20$core..str..traits..FromStr$u20$for$u20$core..net..ip_addr..Ipv4Addr$GT$8from_str17hc3217d4e0e33b7d5E
                0x00000000001127d0       0x9c ./gen/../tr_api_dispatch/target/armv7a-none-eabi/release/libitron.a(core-d049573bc16596f9.core.5587a85061e7188a-cgu.0.rcgu.o)
                0x00000000001127d0                core::net::parser::<impl core::str::traits::FromStr for core::net::ip_addr::Ipv4Addr>::from_str
 .text._ZN4core3net6parser46_$LT$impl$u20$core..net..ip_addr..Ipv6Addr$GT$11parse_ascii17h767d275eb73823beE
                0x000000000011286c       0x8c ./gen/../tr_api_dispatch/target/armv7a-none-eabi/release/libitron.a(core-d049573bc16596f9.core.5587a85061e7188a-cgu.0.rcgu.o)
                0x000000000011286c                core::net::parser::<impl core::net::ip_addr::Ipv6Addr>::parse_ascii
 .text._ZN4core3net6parser85_$LT$impl$u20$core..str..traits..FromStr$u20$for$u20$core..net..ip_addr..Ipv6Addr$GT$8from_str17h685b7483d3d506d7E
                0x00000000001128f8       0x8c ./gen/../tr_api_dispatch/target/armv7a-none-eabi/release/libitron.a(core-d049573bc16596f9.core.5587a85061e7188a-cgu.0.rcgu.o)
                0x00000000001128f8                core::net::parser::<impl core::str::traits::FromStr for core::net::ip_addr::Ipv6Addr>::from_str
 .text._ZN4core3net6parser54_$LT$impl$u20$core..net..socket_addr..SocketAddrV4$GT$11parse_ascii17hc07de5cf09e25fb1E
                0x0000000000112984       0xfc ./gen/../tr_api_dispatch/target/armv7a-none-eabi/release/libitron.a(core-d049573bc16596f9.core.5587a85061e7188a-cgu.0.rcgu.o)
                0x0000000000112984                core::net::parser::<impl core::net::socket_addr::SocketAddrV4>::parse_ascii
 .text._ZN4core3net6parser93_$LT$impl$u20$core..str..traits..FromStr$u20$for$u20$core..net..socket_addr..SocketAddrV4$GT$8from_str17h5883a36bbe26488dE
                0x0000000000112a80       0xfc ./gen/../tr_api_dispatch/target/armv7a-none-eabi/release/libitron.a(core-d049573bc16596f9.core.5587a85061e7188a-cgu.0.rcgu.o)
                0x0000000000112a80                core::net::parser::<impl core::str::traits::FromStr for core::net::socket_addr::SocketAddrV4>::from_str
 .text._ZN4core3net6parser54_$LT$impl$u20$core..net..socket_addr..SocketAddrV6$GT$11parse_ascii17hbe6498756ef255a7E
                0x0000000000112b7c       0x7c ./gen/../tr_api_dispatch/target/armv7a-none-eabi/release/libitron.a(core-d049573bc16596f9.core.5587a85061e7188a-cgu.0.rcgu.o)
                0x0000000000112b7c                core::net::parser::<impl core::net::socket_addr::SocketAddrV6>::parse_ascii
 .text._ZN4core3net6parser93_$LT$impl$u20$core..str..traits..FromStr$u20$for$u20$core..net..socket_addr..SocketAddrV6$GT$8from_str17hf8a18b6a5bf3759eE
                0x0000000000112bf8       0x7c ./gen/../tr_api_dispatch/target/armv7a-none-eabi/release/libitron.a(core-d049573bc16596f9.core.5587a85061e7188a-cgu.0.rcgu.o)
                0x0000000000112bf8                core::net::parser::<impl core::str::traits::FromStr for core::net::socket_addr::SocketAddrV6>::from_str
 .text._ZN4core3net6parser52_$LT$impl$u20$core..net..socket_addr..SocketAddr$GT$11parse_ascii17h32c0686e61a62a97E
                0x0000000000112c74      0x18c ./gen/../tr_api_dispatch/target/armv7a-none-eabi/release/libitron.a(core-d049573bc16596f9.core.5587a85061e7188a-cgu.0.rcgu.o)
                0x0000000000112c74                core::net::parser::<impl core::net::socket_addr::SocketAddr>::parse_ascii
 .text._ZN4core3net6parser91_$LT$impl$u20$core..str..traits..FromStr$u20$for$u20$core..net..socket_addr..SocketAddr$GT$8from_str17he89fdbe831fc4256E
                0x0000000000112e00       0x10 ./gen/../tr_api_dispatch/target/armv7a-none-eabi/release/libitron.a(core-d049573bc16596f9.core.5587a85061e7188a-cgu.0.rcgu.o)
                0x0000000000112e00                core::net::parser::<impl core::str::traits::FromStr for core::net::socket_addr::SocketAddr>::from_str
 .text._ZN72_$LT$core..net..parser..AddrParseError$u20$as$u20$core..fmt..Display$GT$3fmt17hd7f7df04664d2864E
                0x0000000000112e10       0x38 ./gen/../tr_api_dispatch/target/armv7a-none-eabi/release/libitron.a(core-d049573bc16596f9.core.5587a85061e7188a-cgu.0.rcgu.o)
                0x0000000000112e10                <core::net::parser::AddrParseError as core::fmt::Display>::fmt
 .text._ZN73_$LT$core..net..socket_addr..SocketAddr$u20$as$u20$core..fmt..Display$GT$3fmt17hd0e981e04411525aE
                0x0000000000112e48       0x2c ./gen/../tr_api_dispatch/target/armv7a-none-eabi/release/libitron.a(core-d049573bc16596f9.core.5587a85061e7188a-cgu.0.rcgu.o)
                0x0000000000112e48                <core::net::socket_addr::SocketAddr as core::fmt::Display>::fmt
 .text._ZN71_$LT$core..net..socket_addr..SocketAddr$u20$as$u20$core..fmt..Debug$GT$3fmt17hd95cf7ae4353c951E
                0x0000000000112e74       0x2c ./gen/../tr_api_dispatch/target/armv7a-none-eabi/release/libitron.a(core-d049573bc16596f9.core.5587a85061e7188a-cgu.0.rcgu.o)
                0x0000000000112e74                <core::net::socket_addr::SocketAddr as core::fmt::Debug>::fmt
 .text._ZN75_$LT$core..net..socket_addr..SocketAddrV4$u20$as$u20$core..fmt..Display$GT$3fmt17hb358e369cb8dcc74E
                0x0000000000112ea0      0x16c ./gen/../tr_api_dispatch/target/armv7a-none-eabi/release/libitron.a(core-d049573bc16596f9.core.5587a85061e7188a-cgu.0.rcgu.o)
                0x0000000000112ea0                <core::net::socket_addr::SocketAddrV4 as core::fmt::Display>::fmt
 .text._ZN73_$LT$core..net..socket_addr..SocketAddrV4$u20$as$u20$core..fmt..Debug$GT$3fmt17h47d2c03dbc6abbf5E
                0x000000000011300c       0x10 ./gen/../tr_api_dispatch/target/armv7a-none-eabi/release/libitron.a(core-d049573bc16596f9.core.5587a85061e7188a-cgu.0.rcgu.o)
                0x000000000011300c                <core::net::socket_addr::SocketAddrV4 as core::fmt::Debug>::fmt
 .text._ZN75_$LT$core..net..socket_addr..SocketAddrV6$u20$as$u20$core..fmt..Display$GT$3fmt17hb242d5ced67c2003E
                0x000000000011301c      0x298 ./gen/../tr_api_dispatch/target/armv7a-none-eabi/release/libitron.a(core-d049573bc16596f9.core.5587a85061e7188a-cgu.0.rcgu.o)
                0x000000000011301c                <core::net::socket_addr::SocketAddrV6 as core::fmt::Display>::fmt
 .text._ZN73_$LT$core..net..socket_addr..SocketAddrV6$u20$as$u20$core..fmt..Debug$GT$3fmt17h008793ff64f0e572E
                0x00000000001132b4       0x10 ./gen/../tr_api_dispatch/target/armv7a-none-eabi/release/libitron.a(core-d049573bc16596f9.core.5587a85061e7188a-cgu.0.rcgu.o)
                0x00000000001132b4                <core::net::socket_addr::SocketAddrV6 as core::fmt::Debug>::fmt
 .text.unlikely._ZN4core6option13unwrap_failed17h39a76a4d9e444e97E
                0x00000000001132c4       0x1c ./gen/../tr_api_dispatch/target/armv7a-none-eabi/release/libitron.a(core-d049573bc16596f9.core.5587a85061e7188a-cgu.0.rcgu.o)
                0x00000000001132c4                core::option::unwrap_failed
 .text.unlikely._ZN4core6option13expect_failed17hf032828b69e8f9cdE
                0x00000000001132e0       0x58 ./gen/../tr_api_dispatch/target/armv7a-none-eabi/release/libitron.a(core-d049573bc16596f9.core.5587a85061e7188a-cgu.0.rcgu.o)
                0x00000000001132e0                core::option::expect_failed
 .text._ZN73_$LT$core..panic..panic_info..PanicInfo$u20$as$u20$core..fmt..Display$GT$3fmt17he8ae0930573845dbE
                0x0000000000113338       0xfc ./gen/../tr_api_dispatch/target/armv7a-none-eabi/release/libitron.a(core-d049573bc16596f9.core.5587a85061e7188a-cgu.0.rcgu.o)
                0x0000000000113338                <core::panic::panic_info::PanicInfo as core::fmt::Display>::fmt
 .text.unlikely._ZN4core9panicking9panic_fmt17h5145975cf535bc42E
                0x0000000000113434       0x20 ./gen/../tr_api_dispatch/target/armv7a-none-eabi/release/libitron.a(core-d049573bc16596f9.core.5587a85061e7188a-cgu.0.rcgu.o)
                0x0000000000113434                core::panicking::panic_fmt
 .text.unlikely._ZN4core9panicking18panic_nounwind_fmt17h7e174a309b689b0fE
                0x0000000000113454       0x38 ./gen/../tr_api_dispatch/target/armv7a-none-eabi/release/libitron.a(core-d049573bc16596f9.core.5587a85061e7188a-cgu.0.rcgu.o)
                0x0000000000113454                core::panicking::panic_nounwind_fmt
 .text.unlikely._ZN4core9panicking5panic17h04eb6169f90051c3E
                0x000000000011348c       0x44 ./gen/../tr_api_dispatch/target/armv7a-none-eabi/release/libitron.a(core-d049573bc16596f9.core.5587a85061e7188a-cgu.0.rcgu.o)
                0x000000000011348c                core::panicking::panic
 .text.unlikely._ZN4core9panicking14panic_nounwind17hb8efc6a66a7c1fb5E
                0x00000000001134d0       0x48 ./gen/../tr_api_dispatch/target/armv7a-none-eabi/release/libitron.a(core-d049573bc16596f9.core.5587a85061e7188a-cgu.0.rcgu.o)
                0x00000000001134d0                core::panicking::panic_nounwind
 .text.unlikely._ZN4core9panicking26panic_nounwind_nobacktrace17hcf6b6f7ce89f1dabE
                0x0000000000113518       0x48 ./gen/../tr_api_dispatch/target/armv7a-none-eabi/release/libitron.a(core-d049573bc16596f9.core.5587a85061e7188a-cgu.0.rcgu.o)
                0x0000000000113518                core::panicking::panic_nounwind_nobacktrace
 .text.unlikely._ZN4core9panicking14panic_explicit17he7bebe483a3bfe34E
                0x0000000000113560       0x58 ./gen/../tr_api_dispatch/target/armv7a-none-eabi/release/libitron.a(core-d049573bc16596f9.core.5587a85061e7188a-cgu.0.rcgu.o)
                0x0000000000113560                core::panicking::panic_explicit
 .text.unlikely._ZN4core9panicking18panic_bounds_check17he2f51b500041724aE
                0x00000000001135b8       0x64 ./gen/../tr_api_dispatch/target/armv7a-none-eabi/release/libitron.a(core-d049573bc16596f9.core.5587a85061e7188a-cgu.0.rcgu.o)
                0x00000000001135b8                core::panicking::panic_bounds_check
 .text.unlikely._ZN4core9panicking36panic_misaligned_pointer_dereference17hca8f56f08697e9a1E
                0x000000000011361c       0x6c ./gen/../tr_api_dispatch/target/armv7a-none-eabi/release/libitron.a(core-d049573bc16596f9.core.5587a85061e7188a-cgu.0.rcgu.o)
                0x000000000011361c                core::panicking::panic_misaligned_pointer_dereference
 .text.unlikely._ZN4core9panicking30panic_null_pointer_dereference17hd07e38dada2babd1E
                0x0000000000113688       0x40 ./gen/../tr_api_dispatch/target/armv7a-none-eabi/release/libitron.a(core-d049573bc16596f9.core.5587a85061e7188a-cgu.0.rcgu.o)
                0x0000000000113688                core::panicking::panic_null_pointer_dereference
 .text.unlikely._ZN4core9panicking19panic_cannot_unwind17h88003aad7d959a86E
                0x00000000001136c8       0x18 ./gen/../tr_api_dispatch/target/armv7a-none-eabi/release/libitron.a(core-d049573bc16596f9.core.5587a85061e7188a-cgu.0.rcgu.o)
                0x00000000001136c8                core::panicking::panic_cannot_unwind
 .text.unlikely._ZN4core9panicking16panic_in_cleanup17he6ef00938a5a6327E
                0x00000000001136e0       0x18 ./gen/../tr_api_dispatch/target/armv7a-none-eabi/release/libitron.a(core-d049573bc16596f9.core.5587a85061e7188a-cgu.0.rcgu.o)
                0x00000000001136e0                core::panicking::panic_in_cleanup
 .text.unlikely._ZN4core9panicking15const_panic_fmt17h6a5d3cae6d10461cE
                0x00000000001136f8       0x7c ./gen/../tr_api_dispatch/target/armv7a-none-eabi/release/libitron.a(core-d049573bc16596f9.core.5587a85061e7188a-cgu.0.rcgu.o)
                0x00000000001136f8                core::panicking::const_panic_fmt
 .text.unlikely._ZN4core9panicking13assert_failed17h2f1d8849fc674a9bE
                0x0000000000113774       0x30 ./gen/../tr_api_dispatch/target/armv7a-none-eabi/release/libitron.a(core-d049573bc16596f9.core.5587a85061e7188a-cgu.0.rcgu.o)
                0x0000000000113774                core::panicking::assert_failed
 .text.unlikely._ZN4core9panicking13assert_failed17h8a42116d81ae2397E
                0x00000000001137a4       0x30 ./gen/../tr_api_dispatch/target/armv7a-none-eabi/release/libitron.a(core-d049573bc16596f9.core.5587a85061e7188a-cgu.0.rcgu.o)
                0x00000000001137a4                core::panicking::assert_failed
 .text._ZN84_$LT$core..panicking..assert_matches_failed..Pattern$u20$as$u20$core..fmt..Debug$GT$3fmt17h3bf79b8a4bc8fc51E
                0x00000000001137d4       0x24 ./gen/../tr_api_dispatch/target/armv7a-none-eabi/release/libitron.a(core-d049573bc16596f9.core.5587a85061e7188a-cgu.0.rcgu.o)
                0x00000000001137d4                <core::panicking::assert_matches_failed::Pattern as core::fmt::Debug>::fmt
 .text.unlikely._ZN4core9panicking19assert_failed_inner17h1f0479933a2bc628E
                0x00000000001137f8      0x120 ./gen/../tr_api_dispatch/target/armv7a-none-eabi/release/libitron.a(core-d049573bc16596f9.core.5587a85061e7188a-cgu.0.rcgu.o)
                0x00000000001137f8                core::panicking::assert_failed_inner
 .text._ZN48_$LT$char$u20$as$u20$core..pat..RangePattern$GT$7sub_one17hc1333cb071cfc1b6E
                0x0000000000113918       0x58 ./gen/../tr_api_dispatch/target/armv7a-none-eabi/release/libitron.a(core-d049573bc16596f9.core.5587a85061e7188a-cgu.0.rcgu.o)
                0x0000000000113918                <char as core::pat::RangePattern>::sub_one
 .text.unlikely._ZN4core6result13unwrap_failed17h238a41f9432ebe61E
                0x0000000000113970       0x6c ./gen/../tr_api_dispatch/target/armv7a-none-eabi/release/libitron.a(core-d049573bc16596f9.core.5587a85061e7188a-cgu.0.rcgu.o)
                0x0000000000113970                core::result::unwrap_failed
 .text._ZN67_$LT$core..sync..atomic..AtomicBool$u20$as$u20$core..fmt..Debug$GT$3fmt17h36e87f0defe65ad8E
                0x00000000001139dc       0x48 ./gen/../tr_api_dispatch/target/armv7a-none-eabi/release/libitron.a(core-d049573bc16596f9.core.5587a85061e7188a-cgu.0.rcgu.o)
                0x00000000001139dc                <core::sync::atomic::AtomicBool as core::fmt::Debug>::fmt
 .text._ZN4core3fmt8builders10PadAdapter4wrap17h8cec362b75ec2f49E
                0x0000000000113a24       0x38 ./gen/../tr_api_dispatch/target/armv7a-none-eabi/release/libitron.a(core-d049573bc16596f9.core.5587a85061e7188a-cgu.0.rcgu.o)
                0x0000000000113a24                core::fmt::builders::PadAdapter::wrap
 .text._ZN68_$LT$core..fmt..builders..PadAdapter$u20$as$u20$core..fmt..Write$GT$9write_str17hc81ad4e78c0c990cE
                0x0000000000113a5c      0x270 ./gen/../tr_api_dispatch/target/armv7a-none-eabi/release/libitron.a(core-d049573bc16596f9.core.5587a85061e7188a-cgu.0.rcgu.o)
                0x0000000000113a5c                <core::fmt::builders::PadAdapter as core::fmt::Write>::write_str
 .text._ZN68_$LT$core..fmt..builders..PadAdapter$u20$as$u20$core..fmt..Write$GT$10write_char17h121f3a024053ccfbE
                0x0000000000113ccc       0x6c ./gen/../tr_api_dispatch/target/armv7a-none-eabi/release/libitron.a(core-d049573bc16596f9.core.5587a85061e7188a-cgu.0.rcgu.o)
                0x0000000000113ccc                <core::fmt::builders::PadAdapter as core::fmt::Write>::write_char
 .text._ZN4core3fmt8builders11DebugStruct5field17h118827344b19fbe7E
                0x0000000000113d38      0x1d0 ./gen/../tr_api_dispatch/target/armv7a-none-eabi/release/libitron.a(core-d049573bc16596f9.core.5587a85061e7188a-cgu.0.rcgu.o)
                0x0000000000113d38                core::fmt::builders::DebugStruct::field
 .text._ZN4core3fmt8builders11DebugStruct21finish_non_exhaustive17ha59f74934d70120cE
                0x0000000000113f08       0xd4 ./gen/../tr_api_dispatch/target/armv7a-none-eabi/release/libitron.a(core-d049573bc16596f9.core.5587a85061e7188a-cgu.0.rcgu.o)
                0x0000000000113f08                core::fmt::builders::DebugStruct::finish_non_exhaustive
 .text._ZN4core3fmt8builders11DebugStruct6finish17h62dcffc385683e70E
                0x0000000000113fdc       0x84 ./gen/../tr_api_dispatch/target/armv7a-none-eabi/release/libitron.a(core-d049573bc16596f9.core.5587a85061e7188a-cgu.0.rcgu.o)
                0x0000000000113fdc                core::fmt::builders::DebugStruct::finish
 .text._ZN4core3fmt8builders10DebugTuple5field17hd25f2ea26ee9220fE
                0x0000000000114060      0x184 ./gen/../tr_api_dispatch/target/armv7a-none-eabi/release/libitron.a(core-d049573bc16596f9.core.5587a85061e7188a-cgu.0.rcgu.o)
                0x0000000000114060                core::fmt::builders::DebugTuple::field
 .text._ZN4core3fmt8builders10DebugTuple21finish_non_exhaustive17hbea2c5cc6d18b83cE
                0x00000000001141e4       0xe8 ./gen/../tr_api_dispatch/target/armv7a-none-eabi/release/libitron.a(core-d049573bc16596f9.core.5587a85061e7188a-cgu.0.rcgu.o)
                0x00000000001141e4                core::fmt::builders::DebugTuple::finish_non_exhaustive
 .text._ZN4core3fmt8builders10DebugTuple6finish17h75fa298d273b9537E
                0x00000000001142cc       0xb8 ./gen/../tr_api_dispatch/target/armv7a-none-eabi/release/libitron.a(core-d049573bc16596f9.core.5587a85061e7188a-cgu.0.rcgu.o)
                0x00000000001142cc                core::fmt::builders::DebugTuple::finish
 .text._ZN4core3fmt8builders8DebugSet5entry17h6f9f49712cdf1c8aE
                0x0000000000114384      0x174 ./gen/../tr_api_dispatch/target/armv7a-none-eabi/release/libitron.a(core-d049573bc16596f9.core.5587a85061e7188a-cgu.0.rcgu.o)
                0x0000000000114384                core::fmt::builders::DebugSet::entry
                0x0000000000114384                core::fmt::builders::DebugList::entry
 .text._ZN4core3fmt8builders8DebugSet21finish_non_exhaustive17h056b5628e91579d3E
                0x00000000001144f8       0xd4 ./gen/../tr_api_dispatch/target/armv7a-none-eabi/release/libitron.a(core-d049573bc16596f9.core.5587a85061e7188a-cgu.0.rcgu.o)
                0x00000000001144f8                core::fmt::builders::DebugSet::finish_non_exhaustive
 .text._ZN4core3fmt8builders8DebugSet6finish17hb775269289642050E
                0x00000000001145cc       0x40 ./gen/../tr_api_dispatch/target/armv7a-none-eabi/release/libitron.a(core-d049573bc16596f9.core.5587a85061e7188a-cgu.0.rcgu.o)
                0x00000000001145cc                core::fmt::builders::DebugSet::finish
 .text._ZN4core3fmt8builders9DebugList21finish_non_exhaustive17h0964252c95243519E
                0x000000000011460c       0xe4 ./gen/../tr_api_dispatch/target/armv7a-none-eabi/release/libitron.a(core-d049573bc16596f9.core.5587a85061e7188a-cgu.0.rcgu.o)
                0x000000000011460c                core::fmt::builders::DebugList::finish_non_exhaustive
 .text._ZN4core3fmt8builders9DebugList6finish17h95901bb8c72ebeaaE
                0x00000000001146f0       0x40 ./gen/../tr_api_dispatch/target/armv7a-none-eabi/release/libitron.a(core-d049573bc16596f9.core.5587a85061e7188a-cgu.0.rcgu.o)
                0x00000000001146f0                core::fmt::builders::DebugList::finish
 .text._ZN4core3fmt8builders8DebugMap5entry17hb5fe3985090a797eE
                0x0000000000114730      0x134 ./gen/../tr_api_dispatch/target/armv7a-none-eabi/release/libitron.a(core-d049573bc16596f9.core.5587a85061e7188a-cgu.0.rcgu.o)
                0x0000000000114730                core::fmt::builders::DebugMap::entry
 .text._ZN4core3fmt8builders8DebugMap3key17he972b5db7c272a06E
                0x0000000000114864      0x204 ./gen/../tr_api_dispatch/target/armv7a-none-eabi/release/libitron.a(core-d049573bc16596f9.core.5587a85061e7188a-cgu.0.rcgu.o)
                0x0000000000114864                core::fmt::builders::DebugMap::key
 .text._ZN4core3fmt8builders8DebugMap5value17hc3fc83e3ff16426eE
                0x0000000000114a68      0x158 ./gen/../tr_api_dispatch/target/armv7a-none-eabi/release/libitron.a(core-d049573bc16596f9.core.5587a85061e7188a-cgu.0.rcgu.o)
                0x0000000000114a68                core::fmt::builders::DebugMap::value
 .text._ZN4core3fmt8builders8DebugMap21finish_non_exhaustive17h1d063c8fc17c4fa1E
                0x0000000000114bc0      0x118 ./gen/../tr_api_dispatch/target/armv7a-none-eabi/release/libitron.a(core-d049573bc16596f9.core.5587a85061e7188a-cgu.0.rcgu.o)
                0x0000000000114bc0                core::fmt::builders::DebugMap::finish_non_exhaustive
 .text._ZN4core3fmt8builders8DebugMap6finish17h87c976a15d36c1beE
                0x0000000000114cd8       0x8c ./gen/../tr_api_dispatch/target/armv7a-none-eabi/release/libitron.a(core-d049573bc16596f9.core.5587a85061e7188a-cgu.0.rcgu.o)
                0x0000000000114cd8                core::fmt::builders::DebugMap::finish
 .text._ZN4core3fmt5float29float_to_decimal_common_exact17h7d85dbe2887defb2E
                0x0000000000114d64      0x354 ./gen/../tr_api_dispatch/target/armv7a-none-eabi/release/libitron.a(core-d049573bc16596f9.core.5587a85061e7188a-cgu.0.rcgu.o)
 .text._ZN4core3fmt5float29float_to_decimal_common_exact17hb8ecc3a298064d1fE
                0x00000000001150b8      0x318 ./gen/../tr_api_dispatch/target/armv7a-none-eabi/release/libitron.a(core-d049573bc16596f9.core.5587a85061e7188a-cgu.0.rcgu.o)
 .text._ZN4core3fmt5float29float_to_decimal_common_exact17hc4ee8b5197ebb838E
                0x00000000001153d0      0x328 ./gen/../tr_api_dispatch/target/armv7a-none-eabi/release/libitron.a(core-d049573bc16596f9.core.5587a85061e7188a-cgu.0.rcgu.o)
 .text._ZN4core3fmt5float32float_to_decimal_common_shortest17h57f1a97492206944E